HTTP Request: GET https://export.arxiv.org/api/query?search_query=all%3Amulti-hop+AND+all%3Aquestion+AND+all%3Aanswering+AND+all%3Acontext+AND+all%3Asubgraph+AND+all%3Atraining&start=0&max_results=5&sortBy=relevance "HTTP/1.1 200 OK"
HTTP Request: GET https://api.semanticscholar.org/graph/v1/paper/search?query=multi-hop+question+answering+context+subgraph+training&limit=5&fields=title%2Cabstract%2Cyear%2CpublicationDate%2Cvenue%2Cauthors%2CcitationCount%2CexternalIds%2Curl%2CopenAccessPdf "HTTP/1.1 429 "
{"ts": "2026-09-30T05:39:28.252186+00:00", "level": "info", "logger": "researchforge.http", "msg": "retrying request", "host": "api.semanticscholar.org", "attempt": 1, "delay_s": 2.1, "error": "HTTP 429"}
HTTP Request: GET https://api.crossref.org/works?query.bibliographic=multi-hop+question+answering+context+subgraph+training&rows=5 "HTTP/1.1 200 OK"
HTTP Request: GET https://api.openalex.org/works?search=multi-hop+question+answering+context+subgraph+training&per-page=5 "HTTP/1.1 200 OK"
HTTP Request: GET https://api.semanticscholar.org/graph/v1/paper/search?query=multi-hop+question+answering+context+subgraph+training&limit=5&fields=title%2Cabstract%2Cyear%2CpublicationDate%2Cvenue%2Cauthors%2CcitationCount%2CexternalIds%2Curl%2CopenAccessPdf "HTTP/1.1 429 "
{"ts": "2026-09-30T05:39:31.121987+00:00", "level": "info", "logger": "researchforge.http", "msg": "retrying request", "host": "api.semanticscholar.org", "attempt": 2, "delay_s": 3.46, "error": "HTTP 429"}
HTTP Request: GET https://api.semanticscholar.org/graph/v1/paper/search?query=multi-hop+question+answering+context+subgraph+training&limit=5&fields=title%2Cabstract%2Cyear%2CpublicationDate%2Cvenue%2Cauthors%2CcitationCount%2CexternalIds%2Curl%2CopenAccessPdf "HTTP/1.1 429 "
{"ts": "2026-09-30T05:39:35.313668+00:00", "level": "info", "logger": "researchforge.http", "msg": "retrying request", "host": "api.semanticscholar.org", "attempt": 3, "delay_s": 6.93, "error": "HTTP 429"}
HTTP Request: GET https://api.semanticscholar.org/graph/v1/paper/search?query=multi-hop+question+answering+context+subgraph+training&limit=5&fields=title%2Cabstract%2Cyear%2CpublicationDate%2Cvenue%2Cauthors%2CcitationCount%2CexternalIds%2Curl%2CopenAccessPdf "HTTP/1.1 429 "
{"ts": "2026-09-30T05:39:43.099879+00:00", "level": "info", "logger": "researchforge.http", "msg": "retrying request", "host": "api.semanticscholar.org", "attempt": 4, "delay_s": 12.31, "error": "HTTP 429"}
HTTP Request: GET https://api.semanticscholar.org/graph/v1/paper/search?query=multi-hop+question+answering+context+subgraph+training&limit=5&fields=title%2Cabstract%2Cyear%2CpublicationDate%2Cvenue%2Cauthors%2CcitationCount%2CexternalIds%2Curl%2CopenAccessPdf "HTTP/1.1 429 "
{"ts": "2026-09-30T05:39:56.322463+00:00", "level": "warning", "logger": "researchforge.toolkit", "msg": "source failed", "source": "semantic_scholar", "error": "api.semanticscholar.org failed after 5 attempts (HTTP 429)"}
HTTP Request: GET https://api.openalex.org/works?search=multi-hop+question+answering+datasets+HotpotQA+2WikiMultiHopQA&per-page=5 "HTTP/1.1 200 OK"
HTTP Request: GET https://export.arxiv.org/api/query?search_query=all%3Amulti-hop+AND+all%3Aquestion+AND+all%3Aanswering+AND+all%3Adatasets+AND+all%3Ahotpotqa+AND+all%3A2wikimultihopqa&start=0&max_results=5&sortBy=relevance "HTTP/1.1 200 OK"
HTTP Request: GET https://api.semanticscholar.org/graph/v1/paper/search?query=multi-hop+question+answering+datasets+HotpotQA+2WikiMultiHopQA&limit=5&fields=title%2Cabstract%2Cyear%2CpublicationDate%2Cvenue%2Cauthors%2CcitationCount%2CexternalIds%2Curl%2CopenAccessPdf "HTTP/1.1 429 "
{"ts": "2026-09-30T05:40:04.588797+00:00", "level": "info", "logger": "researchforge.http", "msg": "retrying request", "host": "api.semanticscholar.org", "attempt": 1, "delay_s": 1.54, "error": "HTTP 429"}
HTTP Request: GET https://api.crossref.org/works?query.bibliographic=multi-hop+question+answering+datasets+HotpotQA+2WikiMultiHopQA&rows=5 "HTTP/1.1 200 OK"
HTTP Request: GET https://api.semanticscholar.org/graph/v1/paper/search?query=multi-hop+question+answering+datasets+HotpotQA+2WikiMultiHopQA&limit=5&fields=title%2Cabstract%2Cyear%2CpublicationDate%2Cvenue%2Cauthors%2CcitationCount%2CexternalIds%2Curl%2CopenAccessPdf "HTTP/1.1 429 "
{"ts": "2026-09-30T05:40:06.430127+00:00", "level": "info", "logger": "researchforge.http", "msg": "retrying request", "host": "api.semanticscholar.org", "attempt": 2, "delay_s": 3.33, "error": "HTTP 429"}
HTTP Request: GET https://api.semanticscholar.org/graph/v1/paper/search?query=multi-hop+question+answering+datasets+HotpotQA+2WikiMultiHopQA&limit=5&fields=title%2Cabstract%2Cyear%2CpublicationDate%2Cvenue%2Cauthors%2CcitationCount%2CexternalIds%2Curl%2CopenAccessPdf "HTTP/1.1 429 "
{"ts": "2026-09-30T05:40:10.063511+00:00", "level": "info", "logger": "researchforge.http", "msg": "retrying request", "host": "api.semanticscholar.org", "attempt": 3, "delay_s": 6.04, "error": "HTTP 429"}
HTTP Request: GET https://api.semanticscholar.org/graph/v1/paper/search?query=multi-hop+question+answering+datasets+HotpotQA+2WikiMultiHopQA&limit=5&fields=title%2Cabstract%2Cyear%2CpublicationDate%2Cvenue%2Cauthors%2CcitationCount%2CexternalIds%2Curl%2CopenAccessPdf "HTTP/1.1 429 "
{"ts": "2026-09-30T05:40:16.974369+00:00", "level": "info", "logger": "researchforge.http", "msg": "retrying request", "host": "api.semanticscholar.org", "attempt": 4, "delay_s": 12.55, "error": "HTTP 429"}
HTTP Request: GET https://api.semanticscholar.org/graph/v1/paper/search?query=multi-hop+question+answering+datasets+HotpotQA+2WikiMultiHopQA&limit=5&fields=title%2Cabstract%2Cyear%2CpublicationDate%2Cvenue%2Cauthors%2CcitationCount%2CexternalIds%2Curl%2CopenAccessPdf "HTTP/1.1 429 "
{"ts": "2026-09-30T05:40:29.972300+00:00", "level": "warning", "logger": "researchforge.toolkit", "msg": "source failed", "source": "semantic_scholar", "error": "api.semanticscholar.org failed after 5 attempts (HTTP 429)"}
HTTP Request: GET https://export.arxiv.org/api/query?search_query=all%3Aadaptive+AND+all%3Arepair+AND+all%3Aloop+AND+all%3Aknowledge+AND+all%3Agraph+AND+all%3Aquestion+AND+all%3Aanswering&start=0&max_results=5&sortBy=relevance "HTTP/1.1 200 OK"
HTTP Request: GET https://api.crossref.org/works?query.bibliographic=adaptive+repair+loop+knowledge+graph+question+answering&rows=5 "HTTP/1.1 200 OK"
HTTP Request: GET https://api.openalex.org/works?search=adaptive+repair+loop+knowledge+graph+question+answering&per-page=5 "HTTP/1.1 200 OK"
HTTP Request: GET https://api.semanticscholar.org/graph/v1/paper/search?query=adaptive+repair+loop+knowledge+graph+question+answering&limit=5&fields=title%2Cabstract%2Cyear%2CpublicationDate%2Cvenue%2Cauthors%2CcitationCount%2CexternalIds%2Curl%2CopenAccessPdf "HTTP/1.1 200 OK"
HTTP Request: GET https://export.arxiv.org/api/query?search_query=all%3Areinforcement+AND+all%3Alearning+AND+all%3Amulti-hop+AND+all%3Aqa+AND+all%3Atransfer+AND+all%3Alower+AND+all%3Ahop&start=0&max_results=5&sortBy=relevance "HTTP/1.1 200 OK"
HTTP Request: GET https://api.openalex.org/works?search=reinforcement+learning+multi-hop+QA+transfer+lower+hop&per-page=5 "HTTP/1.1 200 OK"
HTTP Request: GET https://api.semanticscholar.org/graph/v1/paper/search?query=reinforcement+learning+multi-hop+QA+transfer+lower+hop&limit=5&fields=title%2Cabstract%2Cyear%2CpublicationDate%2Cvenue%2Cauthors%2CcitationCount%2CexternalIds%2Curl%2CopenAccessPdf "HTTP/1.1 429 "
{"ts": "2026-09-30T05:40:53.763368+00:00", "level": "info", "logger": "researchforge.http", "msg": "retrying request", "host": "api.semanticscholar.org", "attempt": 1, "delay_s": 1.58, "error": "HTTP 429"}
HTTP Request: GET https://api.crossref.org/works?query.bibliographic=reinforcement+learning+multi-hop+QA+transfer+lower+hop&rows=5 "HTTP/1.1 200 OK"
HTTP Request: GET https://api.semanticscholar.org/graph/v1/paper/search?query=reinforcement+learning+multi-hop+QA+transfer+lower+hop&limit=5&fields=title%2Cabstract%2Cyear%2CpublicationDate%2Cvenue%2Cauthors%2CcitationCount%2CexternalIds%2Curl%2CopenAccessPdf "HTTP/1.1 429 "
{"ts": "2026-09-30T05:40:56.116395+00:00", "level": "info", "logger": "researchforge.http", "msg": "retrying request", "host": "api.semanticscholar.org", "attempt": 2, "delay_s": 3.93, "error": "HTTP 429"}
HTTP Request: GET https://api.semanticscholar.org/graph/v1/paper/search?query=reinforcement+learning+multi-hop+QA+transfer+lower+hop&limit=5&fields=title%2Cabstract%2Cyear%2CpublicationDate%2Cvenue%2Cauthors%2CcitationCount%2CexternalIds%2Curl%2CopenAccessPdf "HTTP/1.1 429 "
{"ts": "2026-09-30T05:41:00.355002+00:00", "level": "info", "logger": "researchforge.http", "msg": "retrying request", "host": "api.semanticscholar.org", "attempt": 3, "delay_s": 6.2, "error": "HTTP 429"}
HTTP Request: GET https://api.semanticscholar.org/graph/v1/paper/search?query=reinforcement+learning+multi-hop+QA+transfer+lower+hop&limit=5&fields=title%2Cabstract%2Cyear%2CpublicationDate%2Cvenue%2Cauthors%2CcitationCount%2CexternalIds%2Curl%2CopenAccessPdf "HTTP/1.1 429 "
{"ts": "2026-09-30T05:41:07.064587+00:00", "level": "info", "logger": "researchforge.http", "msg": "retrying request", "host": "api.semanticscholar.org", "attempt": 4, "delay_s": 12.99, "error": "HTTP 429"}
HTTP Request: GET https://api.semanticscholar.org/graph/v1/paper/search?query=reinforcement+learning+multi-hop+QA+transfer+lower+hop&limit=5&fields=title%2Cabstract%2Cyear%2CpublicationDate%2Cvenue%2Cauthors%2CcitationCount%2CexternalIds%2Curl%2CopenAccessPdf "HTTP/1.1 429 "
{"ts": "2026-09-30T05:41:20.917597+00:00", "level": "warning", "logger": "researchforge.toolkit", "msg": "source failed", "source": "semantic_scholar", "error": "api.semanticscholar.org failed after 5 attempts (HTTP 429)"}
HTTP Request: GET https://export.arxiv.org/api/query?search_query=all%3Asubgraph+AND+all%3Asize+AND+all%3Amulti-hop+AND+all%3Aquestion+AND+all%3Aanswering+AND+all%3Acontext&start=0&max_results=5&sortBy=relevance "HTTP/1.1 200 OK"
HTTP Request: GET https://api.semanticscholar.org/graph/v1/paper/search?query=subgraph+size+multi-hop+question+answering+context&limit=5&fields=title%2Cabstract%2Cyear%2CpublicationDate%2Cvenue%2Cauthors%2CcitationCount%2CexternalIds%2Curl%2CopenAccessPdf "HTTP/1.1 429 "
{"ts": "2026-09-30T05:41:35.431738+00:00", "level": "info", "logger": "researchforge.http", "msg": "retrying request", "host": "api.semanticscholar.org", "attempt": 1, "delay_s": 2.34, "error": "HTTP 429"}
HTTP Request: GET https://api.openalex.org/works?search=subgraph+size+multi-hop+question+answering+context&per-page=5 "HTTP/1.1 200 OK"
HTTP Request: GET https://api.crossref.org/works?query.bibliographic=subgraph+size+multi-hop+question+answering+context&rows=5 "HTTP/1.1 200 OK"
HTTP Request: GET https://api.semanticscholar.org/graph/v1/paper/search?query=subgraph+size+multi-hop+question+answering+context&limit=5&fields=title%2Cabstract%2Cyear%2CpublicationDate%2Cvenue%2Cauthors%2CcitationCount%2CexternalIds%2Curl%2CopenAccessPdf "HTTP/1.1 429 "
{"ts": "2026-09-30T05:41:38.087147+00:00", "level": "info", "logger": "researchforge.http", "msg": "retrying request", "host": "api.semanticscholar.org", "attempt": 2, "delay_s": 3.28, "error": "HTTP 429"}
HTTP Request: GET https://api.semanticscholar.org/graph/v1/paper/search?query=subgraph+size+multi-hop+question+answering+context&limit=5&fields=title%2Cabstract%2Cyear%2CpublicationDate%2Cvenue%2Cauthors%2CcitationCount%2CexternalIds%2Curl%2CopenAccessPdf "HTTP/1.1 200 OK"
HTTP Request: GET https://export.arxiv.org/api/query?search_query=all%3Ahotpotqa+AND+all%3A2wikimultihopqa+AND+all%3Amulti-hop+AND+all%3Aqa+AND+all%3Adatasets&start=0&max_results=5&sortBy=relevance "HTTP/1.1 200 OK"
HTTP Request: GET https://api.semanticscholar.org/graph/v1/paper/search?query=HotpotQA+2WikiMultiHopQA+multi-hop+QA+datasets&limit=5&fields=title%2Cabstract%2Cyear%2CpublicationDate%2Cvenue%2Cauthors%2CcitationCount%2CexternalIds%2Curl%2CopenAccessPdf "HTTP/1.1 429 "
{"ts": "2026-09-30T05:43:34.337930+00:00", "level": "info", "logger": "researchforge.http", "msg": "retrying request", "host": "api.semanticscholar.org", "attempt": 1, "delay_s": 1.71, "error": "HTTP 429"}
HTTP Request: GET https://api.crossref.org/works?query.bibliographic=HotpotQA+2WikiMultiHopQA+multi-hop+QA+datasets&rows=5 "HTTP/1.1 200 OK"
HTTP Request: GET https://api.openalex.org/works?search=HotpotQA+2WikiMultiHopQA+multi-hop+QA+datasets&per-page=5 "HTTP/1.1 200 OK"
HTTP Request: GET https://api.semanticscholar.org/graph/v1/paper/search?query=HotpotQA+2WikiMultiHopQA+multi-hop+QA+datasets&limit=5&fields=title%2Cabstract%2Cyear%2CpublicationDate%2Cvenue%2Cauthors%2CcitationCount%2CexternalIds%2Curl%2CopenAccessPdf "HTTP/1.1 429 "
{"ts": "2026-09-30T05:43:36.810731+00:00", "level": "info", "logger": "researchforge.http", "msg": "retrying request", "host": "api.semanticscholar.org", "attempt": 2, "delay_s": 3.77, "error": "HTTP 429"}
HTTP Request: GET https://api.semanticscholar.org/graph/v1/paper/search?query=HotpotQA+2WikiMultiHopQA+multi-hop+QA+datasets&limit=5&fields=title%2Cabstract%2Cyear%2CpublicationDate%2Cvenue%2Cauthors%2CcitationCount%2CexternalIds%2Curl%2CopenAccessPdf "HTTP/1.1 429 "
{"ts": "2026-09-30T05:43:41.352199+00:00", "level": "info", "logger": "researchforge.http", "msg": "retrying request", "host": "api.semanticscholar.org", "attempt": 3, "delay_s": 6.85, "error": "HTTP 429"}
HTTP Request: GET https://api.semanticscholar.org/graph/v1/paper/search?query=HotpotQA+2WikiMultiHopQA+multi-hop+QA+datasets&limit=5&fields=title%2Cabstract%2Cyear%2CpublicationDate%2Cvenue%2Cauthors%2CcitationCount%2CexternalIds%2Curl%2CopenAccessPdf "HTTP/1.1 429 "
{"ts": "2026-09-30T05:43:49.138409+00:00", "level": "info", "logger": "researchforge.http", "msg": "retrying request", "host": "api.semanticscholar.org", "attempt": 4, "delay_s": 12.97, "error": "HTTP 429"}
HTTP Request: GET https://api.semanticscholar.org/graph/v1/paper/search?query=HotpotQA+2WikiMultiHopQA+multi-hop+QA+datasets&limit=5&fields=title%2Cabstract%2Cyear%2CpublicationDate%2Cvenue%2Cauthors%2CcitationCount%2CexternalIds%2Curl%2CopenAccessPdf "HTTP/1.1 429 "
{"ts": "2026-09-30T05:44:02.998539+00:00", "level": "warning", "logger": "researchforge.toolkit", "msg": "source failed", "source": "semantic_scholar", "error": "api.semanticscholar.org failed after 5 attempts (HTTP 429)"}
HTTP Request: GET https://export.arxiv.org/api/query?search_query=all%3Aexact+AND+all%3Amatch+AND+all%3Af1+AND+all%3Amulti-hop+AND+all%3Aqa&start=0&max_results=5&sortBy=relevance "HTTP/1.1 200 OK"
HTTP Request: GET https://api.openalex.org/works?search=Exact+Match+F1+multi-hop+QA&per-page=5 "HTTP/1.1 200 OK"
HTTP Request: GET https://api.semanticscholar.org/graph/v1/paper/search?query=Exact+Match+F1+multi-hop+QA&limit=5&fields=title%2Cabstract%2Cyear%2CpublicationDate%2Cvenue%2Cauthors%2CcitationCount%2CexternalIds%2Curl%2CopenAccessPdf "HTTP/1.1 429 "
{"ts": "2026-09-30T05:44:13.193512+00:00", "level": "info", "logger": "researchforge.http", "msg": "retrying request", "host": "api.semanticscholar.org", "attempt": 1, "delay_s": 1.52, "error": "HTTP 429"}
HTTP Request: GET https://api.crossref.org/works?query.bibliographic=Exact+Match+F1+multi-hop+QA&rows=5 "HTTP/1.1 200 OK"
HTTP Request: GET https://api.semanticscholar.org/graph/v1/paper/search?query=Exact+Match+F1+multi-hop+QA&limit=5&fields=title%2Cabstract%2Cyear%2CpublicationDate%2Cvenue%2Cauthors%2CcitationCount%2CexternalIds%2Curl%2CopenAccessPdf "HTTP/1.1 429 "
{"ts": "2026-09-30T05:44:15.032007+00:00", "level": "info", "logger": "researchforge.http", "msg": "retrying request", "host": "api.semanticscholar.org", "attempt": 2, "delay_s": 3.83, "error": "HTTP 429"}
HTTP Request: GET https://api.semanticscholar.org/graph/v1/paper/search?query=Exact+Match+F1+multi-hop+QA&limit=5&fields=title%2Cabstract%2Cyear%2CpublicationDate%2Cvenue%2Cauthors%2CcitationCount%2CexternalIds%2Curl%2CopenAccessPdf "HTTP/1.1 429 "
{"ts": "2026-09-30T05:44:19.683944+00:00", "level": "info", "logger": "researchforge.http", "msg": "retrying request", "host": "api.semanticscholar.org", "attempt": 3, "delay_s": 6.23, "error": "HTTP 429"}
HTTP Request: GET https://api.semanticscholar.org/graph/v1/paper/search?query=Exact+Match+F1+multi-hop+QA&limit=5&fields=title%2Cabstract%2Cyear%2CpublicationDate%2Cvenue%2Cauthors%2CcitationCount%2CexternalIds%2Curl%2CopenAccessPdf "HTTP/1.1 429 "
{"ts": "2026-09-30T05:44:26.784815+00:00", "level": "info", "logger": "researchforge.http", "msg": "retrying request", "host": "api.semanticscholar.org", "attempt": 4, "delay_s": 12.78, "error": "HTTP 429"}
HTTP Request: GET https://api.semanticscholar.org/graph/v1/paper/search?query=Exact+Match+F1+multi-hop+QA&limit=5&fields=title%2Cabstract%2Cyear%2CpublicationDate%2Cvenue%2Cauthors%2CcitationCount%2CexternalIds%2Curl%2CopenAccessPdf "HTTP/1.1 429 "
{"ts": "2026-09-30T05:44:40.431986+00:00", "level": "warning", "logger": "researchforge.toolkit", "msg": "source failed", "source": "semantic_scholar", "error": "api.semanticscholar.org failed after 5 attempts (HTTP 429)"}
HTTP Request: GET https://export.arxiv.org/api/query?search_query=all%3Abert+AND+all%3Aroberta+AND+all%3Amulti-hop+AND+all%3Aquestion+AND+all%3Aanswering&start=0&max_results=5&sortBy=relevance "HTTP/1.1 200 OK"
HTTP Request: GET https://api.semanticscholar.org/graph/v1/paper/search?query=BERT+RoBERTa+multi-hop+question+answering&limit=5&fields=title%2Cabstract%2Cyear%2CpublicationDate%2Cvenue%2Cauthors%2CcitationCount%2CexternalIds%2Curl%2CopenAccessPdf "HTTP/1.1 200 OK"
HTTP Request: GET https://api.crossref.org/works?query.bibliographic=BERT+RoBERTa+multi-hop+question+answering&rows=5 "HTTP/1.1 200 OK"
HTTP Request: GET https://api.openalex.org/works?search=BERT+RoBERTa+multi-hop+question+answering&per-page=5 "HTTP/1.1 200 OK"
