Tool 'fetch_paper_text' failed: "Error executing tool fetch_paper_text: full text unavailable for doi:10.3390/sym18091498: no open-access PDF is known for doi:10.3390/sym18091498. Work from the abstract and mark analyzed_from='abstract'."
Tool 'fetch_paper_text' failed: "Error executing tool fetch_paper_text: full text unavailable for doi:10.2139/ssrn.7174868: no open-access PDF is known for doi:10.2139/ssrn.7174868. Work from the abstract and mark analyzed_from='abstract'."
HTTP Request: GET https://arxiv.org/pdf/2505.20243 "HTTP/1.1 200 OK"
HTTP Request: GET https://arxiv.org/pdf/2109.06157 "HTTP/1.1 200 OK"
HTTP Request: GET https://api.openalex.org/works?search=Enhancing+Temporal+Sensitivity+and+Reasoning+for+Time-Sensitive+Question+Answering&per-page=5 "HTTP/1.1 429 Too Many Requests"
{"ts": "2026-09-30T04:19:01.300434+00:00", "level": "info", "logger": "researchforge.http", "msg": "retrying request", "host": "api.openalex.org", "attempt": 1, "delay_s": 40.0, "error": "HTTP 429"}
HTTP Request: GET https://export.arxiv.org/api/query?search_query=all%3Aenhancing+AND+all%3Atemporal+AND+all%3Asensitivity+AND+all%3Areasoning+AND+all%3Atime-sensitive+AND+all%3Aquestion+AND+all%3Aanswering&start=0&max_results=5&sortBy=relevance "HTTP/1.1 200 OK"
HTTP Request: GET https://api.semanticscholar.org/graph/v1/paper/search?query=Enhancing+Temporal+Sensitivity+and+Reasoning+for+Time-Sensitive+Question+Answering&limit=5&fields=title%2Cabstract%2Cyear%2CpublicationDate%2Cvenue%2Cauthors%2CcitationCount%2CexternalIds%2Curl%2CopenAccessPdf "HTTP/1.1 429 "
{"ts": "2026-09-30T04:19:01.834698+00:00", "level": "info", "logger": "researchforge.http", "msg": "retrying request", "host": "api.semanticscholar.org", "attempt": 1, "delay_s": 2.48, "error": "HTTP 429"}
HTTP Request: GET https://api.crossref.org/works?query.bibliographic=Enhancing+Temporal+Sensitivity+and+Reasoning+for+Time-Sensitive+Question+Answering&rows=5 "HTTP/1.1 200 OK"
HTTP Request: GET https://api.semanticscholar.org/graph/v1/paper/search?query=Enhancing+Temporal+Sensitivity+and+Reasoning+for+Time-Sensitive+Question+Answering&limit=5&fields=title%2Cabstract%2Cyear%2CpublicationDate%2Cvenue%2Cauthors%2CcitationCount%2CexternalIds%2Curl%2CopenAccessPdf "HTTP/1.1 429 "
{"ts": "2026-09-30T04:19:05.074534+00:00", "level": "info", "logger": "researchforge.http", "msg": "retrying request", "host": "api.semanticscholar.org", "attempt": 2, "delay_s": 3.29, "error": "HTTP 429"}
HTTP Request: GET https://api.semanticscholar.org/graph/v1/paper/search?query=Enhancing+Temporal+Sensitivity+and+Reasoning+for+Time-Sensitive+Question+Answering&limit=5&fields=title%2Cabstract%2Cyear%2CpublicationDate%2Cvenue%2Cauthors%2CcitationCount%2CexternalIds%2Curl%2CopenAccessPdf "HTTP/1.1 429 "
{"ts": "2026-09-30T04:19:09.124999+00:00", "level": "info", "logger": "researchforge.http", "msg": "retrying request", "host": "api.semanticscholar.org", "attempt": 3, "delay_s": 6.38, "error": "HTTP 429"}
HTTP Request: GET https://api.semanticscholar.org/graph/v1/paper/search?query=Enhancing+Temporal+Sensitivity+and+Reasoning+for+Time-Sensitive+Question+Answering&limit=5&fields=title%2Cabstract%2Cyear%2CpublicationDate%2Cvenue%2Cauthors%2CcitationCount%2CexternalIds%2Curl%2CopenAccessPdf "HTTP/1.1 429 "
{"ts": "2026-09-30T04:19:16.371144+00:00", "level": "info", "logger": "researchforge.http", "msg": "retrying request", "host": "api.semanticscholar.org", "attempt": 4, "delay_s": 12.28, "error": "HTTP 429"}
HTTP Request: GET https://api.semanticscholar.org/graph/v1/paper/search?query=Enhancing+Temporal+Sensitivity+and+Reasoning+for+Time-Sensitive+Question+Answering&limit=5&fields=title%2Cabstract%2Cyear%2CpublicationDate%2Cvenue%2Cauthors%2CcitationCount%2CexternalIds%2Curl%2CopenAccessPdf "HTTP/1.1 429 "
HTTP Request: GET https://api.openalex.org/works?search=Enhancing+Temporal+Sensitivity+and+Reasoning+for+Time-Sensitive+Question+Answering&per-page=5 "HTTP/1.1 429 Too Many Requests"
{"ts": "2026-09-30T04:19:41.719082+00:00", "level": "info", "logger": "researchforge.http", "msg": "retrying request", "host": "api.openalex.org", "attempt": 2, "delay_s": 40.0, "error": "HTTP 429"}
HTTP Request: GET https://api.openalex.org/works?search=Enhancing+Temporal+Sensitivity+and+Reasoning+for+Time-Sensitive+Question+Answering&per-page=5 "HTTP/1.1 429 Too Many Requests"
{"ts": "2026-09-30T04:20:22.077295+00:00", "level": "info", "logger": "researchforge.http", "msg": "retrying request", "host": "api.openalex.org", "attempt": 3, "delay_s": 40.0, "error": "HTTP 429"}
HTTP Request: GET https://api.openalex.org/works?search=Enhancing+Temporal+Sensitivity+and+Reasoning+for+Time-Sensitive+Question+Answering&per-page=5 "HTTP/1.1 429 Too Many Requests"
{"ts": "2026-09-30T04:21:02.419417+00:00", "level": "info", "logger": "researchforge.http", "msg": "retrying request", "host": "api.openalex.org", "attempt": 4, "delay_s": 40.0, "error": "HTTP 429"}
HTTP Request: GET https://api.openalex.org/works?search=Enhancing+Temporal+Sensitivity+and+Reasoning+for+Time-Sensitive+Question+Answering&per-page=5 "HTTP/1.1 200 OK"
{"ts": "2026-09-30T04:21:46.116112+00:00", "level": "warning", "logger": "researchforge.toolkit", "msg": "source failed", "source": "semantic_scholar", "error": "api.semanticscholar.org failed after 5 attempts (HTTP 429)"}
HTTP Request: GET https://api.openalex.org/works?search=Fusing+Temporal+Graphs+into+Transformers+for+Time-Sensitive+Question+Answering&per-page=5 "HTTP/1.1 429 Too Many Requests"
{"ts": "2026-09-30T04:21:46.514850+00:00", "level": "info", "logger": "researchforge.http", "msg": "retrying request", "host": "api.openalex.org", "attempt": 1, "delay_s": 32.0, "error": "HTTP 429"}
HTTP Request: GET https://api.semanticscholar.org/graph/v1/paper/search?query=Fusing+Temporal+Graphs+into+Transformers+for+Time-Sensitive+Question+Answering&limit=5&fields=title%2Cabstract%2Cyear%2CpublicationDate%2Cvenue%2Cauthors%2CcitationCount%2CexternalIds%2Curl%2CopenAccessPdf "HTTP/1.1 429 "
{"ts": "2026-09-30T04:21:46.565269+00:00", "level": "info", "logger": "researchforge.http", "msg": "retrying request", "host": "api.semanticscholar.org", "attempt": 1, "delay_s": 2.3, "error": "HTTP 429"}
HTTP Request: GET https://export.arxiv.org/api/query?search_query=all%3Afusing+AND+all%3Atemporal+AND+all%3Agraphs+AND+all%3Atransformers+AND+all%3Atime-sensitive+AND+all%3Aquestion+AND+all%3Aanswering&start=0&max_results=5&sortBy=relevance "HTTP/1.1 200 OK"
HTTP Request: GET https://api.crossref.org/works?query.bibliographic=Fusing+Temporal+Graphs+into+Transformers+for+Time-Sensitive+Question+Answering&rows=5 "HTTP/1.1 200 OK"
HTTP Request: GET https://api.semanticscholar.org/graph/v1/paper/search?query=Fusing+Temporal+Graphs+into+Transformers+for+Time-Sensitive+Question+Answering&limit=5&fields=title%2Cabstract%2Cyear%2CpublicationDate%2Cvenue%2Cauthors%2CcitationCount%2CexternalIds%2Curl%2CopenAccessPdf "HTTP/1.1 429 "
{"ts": "2026-09-30T04:21:49.664023+00:00", "level": "info", "logger": "researchforge.http", "msg": "retrying request", "host": "api.semanticscholar.org", "attempt": 2, "delay_s": 3.49, "error": "HTTP 429"}
HTTP Request: GET https://api.semanticscholar.org/graph/v1/paper/search?query=Fusing+Temporal+Graphs+into+Transformers+for+Time-Sensitive+Question+Answering&limit=5&fields=title%2Cabstract%2Cyear%2CpublicationDate%2Cvenue%2Cauthors%2CcitationCount%2CexternalIds%2Curl%2CopenAccessPdf "HTTP/1.1 429 "
{"ts": "2026-09-30T04:21:53.474271+00:00", "level": "info", "logger": "researchforge.http", "msg": "retrying request", "host": "api.semanticscholar.org", "attempt": 3, "delay_s": 6.2, "error": "HTTP 429"}
HTTP Request: GET https://api.semanticscholar.org/graph/v1/paper/search?query=Fusing+Temporal+Graphs+into+Transformers+for+Time-Sensitive+Question+Answering&limit=5&fields=title%2Cabstract%2Cyear%2CpublicationDate%2Cvenue%2Cauthors%2CcitationCount%2CexternalIds%2Curl%2CopenAccessPdf "HTTP/1.1 429 "
{"ts": "2026-09-30T04:22:00.069156+00:00", "level": "info", "logger": "researchforge.http", "msg": "retrying request", "host": "api.semanticscholar.org", "attempt": 4, "delay_s": 12.77, "error": "HTTP 429"}
HTTP Request: GET https://api.semanticscholar.org/graph/v1/paper/search?query=Fusing+Temporal+Graphs+into+Transformers+for+Time-Sensitive+Question+Answering&limit=5&fields=title%2Cabstract%2Cyear%2CpublicationDate%2Cvenue%2Cauthors%2CcitationCount%2CexternalIds%2Curl%2CopenAccessPdf "HTTP/1.1 429 "
HTTP Request: GET https://api.openalex.org/works?search=Fusing+Temporal+Graphs+into+Transformers+for+Time-Sensitive+Question+Answering&per-page=5 "HTTP/1.1 429 Too Many Requests"
{"ts": "2026-09-30T04:22:18.906884+00:00", "level": "info", "logger": "researchforge.http", "msg": "retrying request", "host": "api.openalex.org", "attempt": 2, "delay_s": 35.0, "error": "HTTP 429"}
HTTP Request: GET https://api.openalex.org/works?search=Fusing+Temporal+Graphs+into+Transformers+for+Time-Sensitive+Question+Answering&per-page=5 "HTTP/1.1 429 Too Many Requests"
{"ts": "2026-09-30T04:22:54.345072+00:00", "level": "info", "logger": "researchforge.http", "msg": "retrying request", "host": "api.openalex.org", "attempt": 3, "delay_s": 35.0, "error": "HTTP 429"}
HTTP Request: GET https://api.openalex.org/works?search=Fusing+Temporal+Graphs+into+Transformers+for+Time-Sensitive+Question+Answering&per-page=5 "HTTP/1.1 200 OK"
{"ts": "2026-09-30T04:23:32.348855+00:00", "level": "warning", "logger": "researchforge.toolkit", "msg": "source failed", "source": "semantic_scholar", "error": "api.semanticscholar.org failed after 5 attempts (HTTP 429)"}
HTTP Request: GET https://api.openalex.org/works?search=Chronofy+Temporal-Logical+Decay+Architecture+Information+Validity+Time-Aware+Retrieval-Augmented+Generation&per-page=3 "HTTP/1.1 429 Too Many Requests"
{"ts": "2026-09-30T04:23:39.023982+00:00", "level": "info", "logger": "researchforge.http", "msg": "retrying request", "host": "api.openalex.org", "attempt": 1, "delay_s": 38.0, "error": "HTTP 429"}
HTTP Request: GET https://export.arxiv.org/api/query?search_query=all%3Achronofy+AND+all%3Atemporal-logical+AND+all%3Adecay+AND+all%3Aarchitecture+AND+all%3Ainformation+AND+all%3Avalidity+AND+all%3Atime-aware+AND+all%3Aretrieval-augmented&start=0&max_results=3&sortBy=relevance "HTTP/1.1 200 OK"
HTTP Request: GET https://api.semanticscholar.org/graph/v1/paper/search?query=Chronofy+Temporal-Logical+Decay+Architecture+Information+Validity+Time-Aware+Retrieval-Augmented+Generation&limit=3&fields=title%2Cabstract%2Cyear%2CpublicationDate%2Cvenue%2Cauthors%2CcitationCount%2CexternalIds%2Curl%2CopenAccessPdf "HTTP/1.1 429 "
{"ts": "2026-09-30T04:23:39.599888+00:00", "level": "info", "logger": "researchforge.http", "msg": "retrying request", "host": "api.semanticscholar.org", "attempt": 1, "delay_s": 1.73, "error": "HTTP 429"}
HTTP Request: GET https://api.crossref.org/works?query.bibliographic=Chronofy+Temporal-Logical+Decay+Architecture+Information+Validity+Time-Aware+Retrieval-Augmented+Generation&rows=3 "HTTP/1.1 200 OK"
HTTP Request: GET https://api.semanticscholar.org/graph/v1/paper/search?query=Chronofy+Temporal-Logical+Decay+Architecture+Information+Validity+Time-Aware+Retrieval-Augmented+Generation&limit=3&fields=title%2Cabstract%2Cyear%2CpublicationDate%2Cvenue%2Cauthors%2CcitationCount%2CexternalIds%2Curl%2CopenAccessPdf "HTTP/1.1 429 "
{"ts": "2026-09-30T04:23:42.099582+00:00", "level": "info", "logger": "researchforge.http", "msg": "retrying request", "host": "api.semanticscholar.org", "attempt": 2, "delay_s": 3.6, "error": "HTTP 429"}
HTTP Request: GET https://api.semanticscholar.org/graph/v1/paper/search?query=Chronofy+Temporal-Logical+Decay+Architecture+Information+Validity+Time-Aware+Retrieval-Augmented+Generation&limit=3&fields=title%2Cabstract%2Cyear%2CpublicationDate%2Cvenue%2Cauthors%2CcitationCount%2CexternalIds%2Curl%2CopenAccessPdf "HTTP/1.1 429 "
{"ts": "2026-09-30T04:23:46.051907+00:00", "level": "info", "logger": "researchforge.http", "msg": "retrying request", "host": "api.semanticscholar.org", "attempt": 3, "delay_s": 6.97, "error": "HTTP 429"}
HTTP Request: GET https://api.semanticscholar.org/graph/v1/paper/search?query=Chronofy+Temporal-Logical+Decay+Architecture+Information+Validity+Time-Aware+Retrieval-Augmented+Generation&limit=3&fields=title%2Cabstract%2Cyear%2CpublicationDate%2Cvenue%2Cauthors%2CcitationCount%2CexternalIds%2Curl%2CopenAccessPdf "HTTP/1.1 429 "
{"ts": "2026-09-30T04:23:53.884214+00:00", "level": "info", "logger": "researchforge.http", "msg": "retrying request", "host": "api.semanticscholar.org", "attempt": 4, "delay_s": 12.94, "error": "HTTP 429"}
HTTP Request: GET https://api.semanticscholar.org/graph/v1/paper/search?query=Chronofy+Temporal-Logical+Decay+Architecture+Information+Validity+Time-Aware+Retrieval-Augmented+Generation&limit=3&fields=title%2Cabstract%2Cyear%2CpublicationDate%2Cvenue%2Cauthors%2CcitationCount%2CexternalIds%2Curl%2CopenAccessPdf "HTTP/1.1 429 "
HTTP Request: GET https://api.openalex.org/works?search=Chronofy+Temporal-Logical+Decay+Architecture+Information+Validity+Time-Aware+Retrieval-Augmented+Generation&per-page=3 "HTTP/1.1 200 OK"
{"ts": "2026-09-30T04:24:19.336285+00:00", "level": "warning", "logger": "researchforge.toolkit", "msg": "source failed", "source": "semantic_scholar", "error": "api.semanticscholar.org failed after 5 attempts (HTTP 429)"}
HTTP Request: GET https://api.openalex.org/works?search=Temporal-Aware+RAG+for+Multilingual+ESG+Document+Retrieval+Low-Resource+Time-Sensitive+Question+Answering&per-page=3 "HTTP/1.1 429 Too Many Requests"
{"ts": "2026-09-30T04:24:32.640780+00:00", "level": "info", "logger": "researchforge.http", "msg": "retrying request", "host": "api.openalex.org", "attempt": 1, "delay_s": 40.0, "error": "HTTP 429"}
HTTP Request: GET https://export.arxiv.org/api/query?search_query=all%3Atemporal-aware+AND+all%3Arag+AND+all%3Amultilingual+AND+all%3Aesg+AND+all%3Adocument+AND+all%3Aretrieval+AND+all%3Alow-resource+AND+all%3Atime-sensitive&start=0&max_results=3&sortBy=relevance "HTTP/1.1 200 OK"
HTTP Request: GET https://api.semanticscholar.org/graph/v1/paper/search?query=Temporal-Aware+RAG+for+Multilingual+ESG+Document+Retrieval+Low-Resource+Time-Sensitive+Question+Answering&limit=3&fields=title%2Cabstract%2Cyear%2CpublicationDate%2Cvenue%2Cauthors%2CcitationCount%2CexternalIds%2Curl%2CopenAccessPdf "HTTP/1.1 429 "
{"ts": "2026-09-30T04:24:33.169541+00:00", "level": "info", "logger": "researchforge.http", "msg": "retrying request", "host": "api.semanticscholar.org", "attempt": 1, "delay_s": 2.27, "error": "HTTP 429"}
HTTP Request: GET https://api.crossref.org/works?query.bibliographic=Temporal-Aware+RAG+for+Multilingual+ESG+Document+Retrieval+Low-Resource+Time-Sensitive+Question+Answering&rows=3 "HTTP/1.1 200 OK"
HTTP Request: GET https://api.semanticscholar.org/graph/v1/paper/search?query=Temporal-Aware+RAG+for+Multilingual+ESG+Document+Retrieval+Low-Resource+Time-Sensitive+Question+Answering&limit=3&fields=title%2Cabstract%2Cyear%2CpublicationDate%2Cvenue%2Cauthors%2CcitationCount%2CexternalIds%2Curl%2CopenAccessPdf "HTTP/1.1 429 "
{"ts": "2026-09-30T04:24:36.227628+00:00", "level": "info", "logger": "researchforge.http", "msg": "retrying request", "host": "api.semanticscholar.org", "attempt": 2, "delay_s": 3.26, "error": "HTTP 429"}
HTTP Request: GET https://api.semanticscholar.org/graph/v1/paper/search?query=Temporal-Aware+RAG+for+Multilingual+ESG+Document+Retrieval+Low-Resource+Time-Sensitive+Question+Answering&limit=3&fields=title%2Cabstract%2Cyear%2CpublicationDate%2Cvenue%2Cauthors%2CcitationCount%2CexternalIds%2Curl%2CopenAccessPdf "HTTP/1.1 429 "
{"ts": "2026-09-30T04:24:40.325139+00:00", "level": "info", "logger": "researchforge.http", "msg": "retrying request", "host": "api.semanticscholar.org", "attempt": 3, "delay_s": 6.78, "error": "HTTP 429"}
HTTP Request: GET https://api.semanticscholar.org/graph/v1/paper/search?query=Temporal-Aware+RAG+for+Multilingual+ESG+Document+Retrieval+Low-Resource+Time-Sensitive+Question+Answering&limit=3&fields=title%2Cabstract%2Cyear%2CpublicationDate%2Cvenue%2Cauthors%2CcitationCount%2CexternalIds%2Curl%2CopenAccessPdf "HTTP/1.1 429 "
{"ts": "2026-09-30T04:24:47.525826+00:00", "level": "info", "logger": "researchforge.http", "msg": "retrying request", "host": "api.semanticscholar.org", "attempt": 4, "delay_s": 12.79, "error": "HTTP 429"}
HTTP Request: GET https://api.semanticscholar.org/graph/v1/paper/search?query=Temporal-Aware+RAG+for+Multilingual+ESG+Document+Retrieval+Low-Resource+Time-Sensitive+Question+Answering&limit=3&fields=title%2Cabstract%2Cyear%2CpublicationDate%2Cvenue%2Cauthors%2CcitationCount%2CexternalIds%2Curl%2CopenAccessPdf "HTTP/1.1 429 "
HTTP Request: GET https://api.openalex.org/works?search=Temporal-Aware+RAG+for+Multilingual+ESG+Document+Retrieval+Low-Resource+Time-Sensitive+Question+Answering&per-page=3 "HTTP/1.1 429 Too Many Requests"
{"ts": "2026-09-30T04:25:12.990828+00:00", "level": "info", "logger": "researchforge.http", "msg": "retrying request", "host": "api.openalex.org", "attempt": 2, "delay_s": 37.0, "error": "HTTP 429"}
HTTP Request: GET https://api.openalex.org/works?search=Temporal-Aware+RAG+for+Multilingual+ESG+Document+Retrieval+Low-Resource+Time-Sensitive+Question+Answering&per-page=3 "HTTP/1.1 429 Too Many Requests"
{"ts": "2026-09-30T04:25:50.367729+00:00", "level": "info", "logger": "researchforge.http", "msg": "retrying request", "host": "api.openalex.org", "attempt": 3, "delay_s": 35.0, "error": "HTTP 429"}
HTTP Request: GET https://api.openalex.org/works?search=Temporal-Aware+RAG+for+Multilingual+ESG+Document+Retrieval+Low-Resource+Time-Sensitive+Question+Answering&per-page=3 "HTTP/1.1 429 Too Many Requests"
{"ts": "2026-09-30T04:26:25.797955+00:00", "level": "info", "logger": "researchforge.http", "msg": "retrying request", "host": "api.openalex.org", "attempt": 4, "delay_s": 31.0, "error": "HTTP 429"}
HTTP Request: GET https://api.openalex.org/works?search=Temporal-Aware+RAG+for+Multilingual+ESG+Document+Retrieval+Low-Resource+Time-Sensitive+Question+Answering&per-page=3 "HTTP/1.1 429 Too Many Requests"
{"ts": "2026-09-30T04:26:57.138307+00:00", "level": "warning", "logger": "researchforge.toolkit", "msg": "source failed", "source": "openalex", "error": "api.openalex.org failed after 5 attempts (HTTP 429)"}
{"ts": "2026-09-30T04:26:57.138518+00:00", "level": "warning", "logger": "researchforge.toolkit", "msg": "source failed", "source": "semantic_scholar", "error": "api.semanticscholar.org failed after 5 attempts (HTTP 429)"}
HTTP Request: GET https://api.github.com/repos/PravaatChhetri/rma-rag-benchmark "HTTP/1.1 200 OK"
HTTP Request: GET https://api.github.com/repos/PravaatChhetri/rma-rag-benchmark/languages "HTTP/1.1 200 OK"
HTTP Request: GET https://api.github.com/repos/PravaatChhetri/rma-rag-benchmark/contents/ "HTTP/1.1 200 OK"
HTTP Request: GET https://api.github.com/repos/PravaatChhetri/rma-rag-benchmark/readme "HTTP/1.1 200 OK"
HTTP Request: GET https://api.github.com/search/repositories?q=point-in-time+temporal+RAG+retrieval+decay+time-sensitive+QA&per_page=10&sort=stars "HTTP/1.1 200 OK"
HTTP Request: GET https://arxiv.org/pdf/2607.20560 "HTTP/1.1 200 OK"
HTTP Request: GET https://api.github.com/search/repositories?q=Chronofy+temporal+decay+RAG&per_page=10&sort=stars "HTTP/1.1 200 OK"
Tool 'record_paper_analysis' rejected arguments: ['future_work']
Tool 'record_paper_analysis' rejected arguments: ['future_work']
Tool 'record_paper_analysis' rejected arguments: ['future_work']
Tool 'record_paper_analysis' rejected arguments: ['future_work']
