HTTP Request: GET https://api.openalex.org/works?search=retrieval-agnostic+temporal+re-ranking+framework+any+retriever+time-aware+reranker&per-page=10 "HTTP/1.1 429 Too Many Requests"
{"ts": "2026-09-30T04:31:54.167127+00:00", "level": "info", "logger": "researchforge.http", "msg": "retrying request", "host": "api.openalex.org", "attempt": 1, "delay_s": 34.0, "error": "HTTP 429"}
HTTP Request: GET https://export.arxiv.org/api/query?search_query=all%3Aretrieval-agnostic+AND+all%3Atemporal+AND+all%3Are-ranking+AND+all%3Aframework+AND+all%3Aany+AND+all%3Aretriever+AND+all%3Atime-aware+AND+all%3Areranker&start=0&max_results=10&sortBy=relevance "HTTP/1.1 200 OK"
HTTP Request: GET https://api.semanticscholar.org/graph/v1/paper/search?query=retrieval-agnostic+temporal+re-ranking+framework+any+retriever+time-aware+reranker&limit=10&fields=title%2Cabstract%2Cyear%2CpublicationDate%2Cvenue%2Cauthors%2CcitationCount%2CexternalIds%2Curl%2CopenAccessPdf "HTTP/1.1 429 "
{"ts": "2026-09-30T04:31:54.676077+00:00", "level": "info", "logger": "researchforge.http", "msg": "retrying request", "host": "api.semanticscholar.org", "attempt": 1, "delay_s": 1.73, "error": "HTTP 429"}
HTTP Request: GET https://api.crossref.org/works?query.bibliographic=retrieval-agnostic+temporal+re-ranking+framework+any+retriever+time-aware+reranker&rows=10 "HTTP/1.1 200 OK"
HTTP Request: GET https://api.semanticscholar.org/graph/v1/paper/search?query=retrieval-agnostic+temporal+re-ranking+framework+any+retriever+time-aware+reranker&limit=10&fields=title%2Cabstract%2Cyear%2CpublicationDate%2Cvenue%2Cauthors%2CcitationCount%2CexternalIds%2Curl%2CopenAccessPdf "HTTP/1.1 429 "
{"ts": "2026-09-30T04:31:56.760790+00:00", "level": "info", "logger": "researchforge.http", "msg": "retrying request", "host": "api.semanticscholar.org", "attempt": 2, "delay_s": 3.23, "error": "HTTP 429"}
HTTP Request: GET https://api.semanticscholar.org/graph/v1/paper/search?query=retrieval-agnostic+temporal+re-ranking+framework+any+retriever+time-aware+reranker&limit=10&fields=title%2Cabstract%2Cyear%2CpublicationDate%2Cvenue%2Cauthors%2CcitationCount%2CexternalIds%2Curl%2CopenAccessPdf "HTTP/1.1 429 "
{"ts": "2026-09-30T04:32:00.783518+00:00", "level": "info", "logger": "researchforge.http", "msg": "retrying request", "host": "api.semanticscholar.org", "attempt": 3, "delay_s": 6.11, "error": "HTTP 429"}
HTTP Request: GET https://api.semanticscholar.org/graph/v1/paper/search?query=retrieval-agnostic+temporal+re-ranking+framework+any+retriever+time-aware+reranker&limit=10&fields=title%2Cabstract%2Cyear%2CpublicationDate%2Cvenue%2Cauthors%2CcitationCount%2CexternalIds%2Curl%2CopenAccessPdf "HTTP/1.1 429 "
{"ts": "2026-09-30T04:32:07.755391+00:00", "level": "info", "logger": "researchforge.http", "msg": "retrying request", "host": "api.semanticscholar.org", "attempt": 4, "delay_s": 12.03, "error": "HTTP 429"}
HTTP Request: GET https://api.semanticscholar.org/graph/v1/paper/search?query=retrieval-agnostic+temporal+re-ranking+framework+any+retriever+time-aware+reranker&limit=10&fields=title%2Cabstract%2Cyear%2CpublicationDate%2Cvenue%2Cauthors%2CcitationCount%2CexternalIds%2Curl%2CopenAccessPdf "HTTP/1.1 429 "
HTTP Request: GET https://api.openalex.org/works?search=retrieval-agnostic+temporal+re-ranking+framework+any+retriever+time-aware+reranker&per-page=10 "HTTP/1.1 200 OK"
{"ts": "2026-09-30T04:32:32.215184+00:00", "level": "warning", "logger": "researchforge.toolkit", "msg": "source failed", "source": "semantic_scholar", "error": "api.semanticscholar.org failed after 5 attempts (HTTP 429)"}
HTTP Request: GET https://export.arxiv.org/api/query?search_query=all%3Aamended+AND+all%3Astatute+AND+all%3Aversion+AND+all%3Aretrieval+AND+all%3Abenchmark+AND+all%3Atemporal+AND+all%3Avalidity+AND+all%3Ainterval&start=0&max_results=10&sortBy=relevance "HTTP/1.1 200 OK"
HTTP Request: GET https://api.semanticscholar.org/graph/v1/paper/search?query=amended+statute+version+retrieval+benchmark+temporal+validity+interval+legal+document+supersession&limit=10&fields=title%2Cabstract%2Cyear%2CpublicationDate%2Cvenue%2Cauthors%2CcitationCount%2CexternalIds%2Curl%2CopenAccessPdf "HTTP/1.1 200 OK"
HTTP Request: GET https://api.openalex.org/works?search=amended+statute+version+retrieval+benchmark+temporal+validity+interval+legal+document+supersession&per-page=10 "HTTP/1.1 200 OK"
HTTP Request: GET https://api.crossref.org/works?query.bibliographic=amended+statute+version+retrieval+benchmark+temporal+validity+interval+legal+document+supersession&rows=10 "HTTP/1.1 200 OK"
Tool 'search_papers' failed: 'Error executing tool search_papers: paper budget reached (90 papers). Analyze and compare the retrieved papers instead of searching.'
HTTP Request: GET https://api.openalex.org/works/doi:10.2139/ssrn.7174868 "HTTP/1.1 200 OK"
HTTP Request: GET https://api.openalex.org/works?filter=cites%3AW7170795803&per-page=25&sort=cited_by_count%3Adesc "HTTP/1.1 200 OK"
HTTP Request: GET https://api.openalex.org/works/doi:10.3390/sym18091498 "HTTP/1.1 200 OK"
HTTP Request: GET https://api.openalex.org/works?filter=cites%3AW7211906679&per-page=25&sort=cited_by_count%3Adesc "HTTP/1.1 200 OK"
HTTP Request: GET https://arxiv.org/pdf/2606.09724 "HTTP/1.1 200 OK"
HTTP Request: GET https://www.mdpi.com/2073-431X/15/8/471/pdf?version=1784895251 "HTTP/1.1 403 Forbidden"
Tool 'fetch_paper_text' failed: 'Error executing tool fetch_paper_text: full text unavailable for doi:10.3390/computers15080471: www.mdpi.com returned HTTP 403: <HTML><HEAD>\n<TITLE>Access Denied</TITLE>\n</HEAD><BODY>\n<H1>Access Denied</H1>\n \nYou don\'t have permission to access "http&#58;&#47;&#47;www&#46;mdpi&#46;com&#47;2073&#45;431X&#47;15&#47;8&#47;471&#47. Work from the abstract and mark analyzed_from=\'abstract\'.'
HTTP Request: GET https://arxiv.org/pdf/2608.21409 "HTTP/1.1 200 OK"
