HTTP Request: GET https://export.arxiv.org/api/query?search_query=all%3Atemporal+AND+all%3Aquestion+AND+all%3Aanswering+AND+all%3Aretrieval+AND+all%3Atime-sensitive+AND+all%3Adocuments+AND+all%3Aversioned+AND+all%3Astatutes&start=0&max_results=10&sortBy=relevance "HTTP/1.1 200 OK"
HTTP Request: GET https://api.semanticscholar.org/graph/v1/paper/search?query=temporal+question+answering+retrieval+time-sensitive+documents+versioned+statutes&limit=10&fields=title%2Cabstract%2Cyear%2CpublicationDate%2Cvenue%2Cauthors%2CcitationCount%2CexternalIds%2Curl%2CopenAccessPdf "HTTP/1.1 429 "
{"ts": "2026-09-30T04:14:49.672312+00:00", "level": "info", "logger": "researchforge.http", "msg": "retrying request", "host": "api.semanticscholar.org", "attempt": 1, "delay_s": 2.27, "error": "HTTP 429"}
HTTP Request: GET https://api.crossref.org/works?query.bibliographic=temporal+question+answering+retrieval+time-sensitive+documents+versioned+statutes&rows=10 "HTTP/1.1 200 OK"
HTTP Request: GET https://api.semanticscholar.org/graph/v1/paper/search?query=temporal+question+answering+retrieval+time-sensitive+documents+versioned+statutes&limit=10&fields=title%2Cabstract%2Cyear%2CpublicationDate%2Cvenue%2Cauthors%2CcitationCount%2CexternalIds%2Curl%2CopenAccessPdf "HTTP/1.1 429 "
{"ts": "2026-09-30T04:14:52.724198+00:00", "level": "info", "logger": "researchforge.http", "msg": "retrying request", "host": "api.semanticscholar.org", "attempt": 2, "delay_s": 3.63, "error": "HTTP 429"}
HTTP Request: GET https://api.openalex.org/works?search=temporal+question+answering+retrieval+time-sensitive+documents+versioned+statutes&per-page=10 "HTTP/1.1 200 OK"
HTTP Request: GET https://api.semanticscholar.org/graph/v1/paper/search?query=temporal+question+answering+retrieval+time-sensitive+documents+versioned+statutes&limit=10&fields=title%2Cabstract%2Cyear%2CpublicationDate%2Cvenue%2Cauthors%2CcitationCount%2CexternalIds%2Curl%2CopenAccessPdf "HTTP/1.1 429 "
{"ts": "2026-09-30T04:14:57.146675+00:00", "level": "info", "logger": "researchforge.http", "msg": "retrying request", "host": "api.semanticscholar.org", "attempt": 3, "delay_s": 6.8, "error": "HTTP 429"}
HTTP Request: GET https://api.semanticscholar.org/graph/v1/paper/search?query=temporal+question+answering+retrieval+time-sensitive+documents+versioned+statutes&limit=10&fields=title%2Cabstract%2Cyear%2CpublicationDate%2Cvenue%2Cauthors%2CcitationCount%2CexternalIds%2Curl%2CopenAccessPdf "HTTP/1.1 429 "
{"ts": "2026-09-30T04:15:04.825315+00:00", "level": "info", "logger": "researchforge.http", "msg": "retrying request", "host": "api.semanticscholar.org", "attempt": 4, "delay_s": 12.59, "error": "HTTP 429"}
HTTP Request: GET https://api.semanticscholar.org/graph/v1/paper/search?query=temporal+question+answering+retrieval+time-sensitive+documents+versioned+statutes&limit=10&fields=title%2Cabstract%2Cyear%2CpublicationDate%2Cvenue%2Cauthors%2CcitationCount%2CexternalIds%2Curl%2CopenAccessPdf "HTTP/1.1 429 "
{"ts": "2026-09-30T04:15:18.277763+00:00", "level": "warning", "logger": "researchforge.toolkit", "msg": "source failed", "source": "semantic_scholar", "error": "api.semanticscholar.org failed after 5 attempts (HTTP 429)"}
HTTP Request: GET https://api.openalex.org/works?search=point-in-time+retrieval+amended+legislation+temporal+versioning+benchmark&per-page=10 "HTTP/1.1 429 Too Many Requests"
{"ts": "2026-09-30T04:15:22.221088+00:00", "level": "info", "logger": "researchforge.http", "msg": "retrying request", "host": "api.openalex.org", "attempt": 1, "delay_s": 32.0, "error": "HTTP 429"}
HTTP Request: GET https://export.arxiv.org/api/query?search_query=all%3Apoint-in-time+AND+all%3Aretrieval+AND+all%3Aamended+AND+all%3Alegislation+AND+all%3Atemporal+AND+all%3Aversioning+AND+all%3Abenchmark&start=0&max_results=10&sortBy=relevance "HTTP/1.1 200 OK"
HTTP Request: GET https://api.semanticscholar.org/graph/v1/paper/search?query=point-in-time+retrieval+amended+legislation+temporal+versioning+benchmark&limit=10&fields=title%2Cabstract%2Cyear%2CpublicationDate%2Cvenue%2Cauthors%2CcitationCount%2CexternalIds%2Curl%2CopenAccessPdf "HTTP/1.1 429 "
{"ts": "2026-09-30T04:15:22.754289+00:00", "level": "info", "logger": "researchforge.http", "msg": "retrying request", "host": "api.semanticscholar.org", "attempt": 1, "delay_s": 1.83, "error": "HTTP 429"}
HTTP Request: GET https://api.crossref.org/works?query.bibliographic=point-in-time+retrieval+amended+legislation+temporal+versioning+benchmark&rows=10 "HTTP/1.1 200 OK"
HTTP Request: GET https://api.semanticscholar.org/graph/v1/paper/search?query=point-in-time+retrieval+amended+legislation+temporal+versioning+benchmark&limit=10&fields=title%2Cabstract%2Cyear%2CpublicationDate%2Cvenue%2Cauthors%2CcitationCount%2CexternalIds%2Curl%2CopenAccessPdf "HTTP/1.1 429 "
{"ts": "2026-09-30T04:15:25.357134+00:00", "level": "info", "logger": "researchforge.http", "msg": "retrying request", "host": "api.semanticscholar.org", "attempt": 2, "delay_s": 3.43, "error": "HTTP 429"}
HTTP Request: GET https://api.semanticscholar.org/graph/v1/paper/search?query=point-in-time+retrieval+amended+legislation+temporal+versioning+benchmark&limit=10&fields=title%2Cabstract%2Cyear%2CpublicationDate%2Cvenue%2Cauthors%2CcitationCount%2CexternalIds%2Curl%2CopenAccessPdf "HTTP/1.1 429 "
{"ts": "2026-09-30T04:15:29.589964+00:00", "level": "info", "logger": "researchforge.http", "msg": "retrying request", "host": "api.semanticscholar.org", "attempt": 3, "delay_s": 6.79, "error": "HTTP 429"}
HTTP Request: GET https://api.semanticscholar.org/graph/v1/paper/search?query=point-in-time+retrieval+amended+legislation+temporal+versioning+benchmark&limit=10&fields=title%2Cabstract%2Cyear%2CpublicationDate%2Cvenue%2Cauthors%2CcitationCount%2CexternalIds%2Curl%2CopenAccessPdf "HTTP/1.1 429 "
{"ts": "2026-09-30T04:15:37.287043+00:00", "level": "info", "logger": "researchforge.http", "msg": "retrying request", "host": "api.semanticscholar.org", "attempt": 4, "delay_s": 12.42, "error": "HTTP 429"}
HTTP Request: GET https://api.semanticscholar.org/graph/v1/paper/search?query=point-in-time+retrieval+amended+legislation+temporal+versioning+benchmark&limit=10&fields=title%2Cabstract%2Cyear%2CpublicationDate%2Cvenue%2Cauthors%2CcitationCount%2CexternalIds%2Curl%2CopenAccessPdf "HTTP/1.1 429 "
HTTP Request: GET https://api.openalex.org/works?search=point-in-time+retrieval+amended+legislation+temporal+versioning+benchmark&per-page=10 "HTTP/1.1 429 Too Many Requests"
{"ts": "2026-09-30T04:15:54.566499+00:00", "level": "info", "logger": "researchforge.http", "msg": "retrying request", "host": "api.openalex.org", "attempt": 2, "delay_s": 35.0, "error": "HTTP 429"}
HTTP Request: GET https://api.openalex.org/works?search=point-in-time+retrieval+amended+legislation+temporal+versioning+benchmark&per-page=10 "HTTP/1.1 429 Too Many Requests"
{"ts": "2026-09-30T04:16:29.912316+00:00", "level": "info", "logger": "researchforge.http", "msg": "retrying request", "host": "api.openalex.org", "attempt": 3, "delay_s": 31.0, "error": "HTTP 429"}
HTTP Request: GET https://api.openalex.org/works?search=point-in-time+retrieval+amended+legislation+temporal+versioning+benchmark&per-page=10 "HTTP/1.1 429 Too Many Requests"
{"ts": "2026-09-30T04:17:01.271573+00:00", "level": "info", "logger": "researchforge.http", "msg": "retrying request", "host": "api.openalex.org", "attempt": 4, "delay_s": 40.0, "error": "HTTP 429"}
HTTP Request: GET https://api.openalex.org/works?search=point-in-time+retrieval+amended+legislation+temporal+versioning+benchmark&per-page=10 "HTTP/1.1 429 Too Many Requests"
{"ts": "2026-09-30T04:17:41.608745+00:00", "level": "warning", "logger": "researchforge.toolkit", "msg": "source failed", "source": "openalex", "error": "api.openalex.org failed after 5 attempts (HTTP 429)"}
{"ts": "2026-09-30T04:17:41.608942+00:00", "level": "warning", "logger": "researchforge.toolkit", "msg": "source failed", "source": "semantic_scholar", "error": "api.semanticscholar.org failed after 5 attempts (HTTP 429)"}
HTTP Request: GET https://export.arxiv.org/api/query?search_query=all%3Arecency-aware+AND+all%3Adense+AND+all%3Aretrieval+AND+all%3Atemporal+AND+all%3Adecay+AND+all%3Adocument+AND+all%3Aversion+AND+all%3Atimestamp&start=0&max_results=10&sortBy=relevance "HTTP/1.1 200 OK"
HTTP Request: GET https://api.semanticscholar.org/graph/v1/paper/search?query=recency-aware+dense+retrieval+temporal+decay+document+version+timestamp&limit=10&fields=title%2Cabstract%2Cyear%2CpublicationDate%2Cvenue%2Cauthors%2CcitationCount%2CexternalIds%2Curl%2CopenAccessPdf "HTTP/1.1 429 "
{"ts": "2026-09-30T04:17:42.554632+00:00", "level": "info", "logger": "researchforge.http", "msg": "retrying request", "host": "api.semanticscholar.org", "attempt": 1, "delay_s": 1.8, "error": "HTTP 429"}
HTTP Request: GET https://api.crossref.org/works?query.bibliographic=recency-aware+dense+retrieval+temporal+decay+document+version+timestamp&rows=10 "HTTP/1.1 200 OK"
HTTP Request: GET https://api.openalex.org/works?search=recency-aware+dense+retrieval+temporal+decay+document+version+timestamp&per-page=10 "HTTP/1.1 200 OK"
HTTP Request: GET https://api.semanticscholar.org/graph/v1/paper/search?query=recency-aware+dense+retrieval+temporal+decay+document+version+timestamp&limit=10&fields=title%2Cabstract%2Cyear%2CpublicationDate%2Cvenue%2Cauthors%2CcitationCount%2CexternalIds%2Curl%2CopenAccessPdf "HTTP/1.1 429 "
{"ts": "2026-09-30T04:17:45.116657+00:00", "level": "info", "logger": "researchforge.http", "msg": "retrying request", "host": "api.semanticscholar.org", "attempt": 2, "delay_s": 3.12, "error": "HTTP 429"}
HTTP Request: GET https://api.semanticscholar.org/graph/v1/paper/search?query=recency-aware+dense+retrieval+temporal+decay+document+version+timestamp&limit=10&fields=title%2Cabstract%2Cyear%2CpublicationDate%2Cvenue%2Cauthors%2CcitationCount%2CexternalIds%2Curl%2CopenAccessPdf "HTTP/1.1 429 "
{"ts": "2026-09-30T04:17:48.545297+00:00", "level": "info", "logger": "researchforge.http", "msg": "retrying request", "host": "api.semanticscholar.org", "attempt": 3, "delay_s": 6.18, "error": "HTTP 429"}
HTTP Request: GET https://api.semanticscholar.org/graph/v1/paper/search?query=recency-aware+dense+retrieval+temporal+decay+document+version+timestamp&limit=10&fields=title%2Cabstract%2Cyear%2CpublicationDate%2Cvenue%2Cauthors%2CcitationCount%2CexternalIds%2Curl%2CopenAccessPdf "HTTP/1.1 429 "
{"ts": "2026-09-30T04:17:55.588905+00:00", "level": "info", "logger": "researchforge.http", "msg": "retrying request", "host": "api.semanticscholar.org", "attempt": 4, "delay_s": 12.2, "error": "HTTP 429"}
HTTP Request: GET https://api.semanticscholar.org/graph/v1/paper/search?query=recency-aware+dense+retrieval+temporal+decay+document+version+timestamp&limit=10&fields=title%2Cabstract%2Cyear%2CpublicationDate%2Cvenue%2Cauthors%2CcitationCount%2CexternalIds%2Curl%2CopenAccessPdf "HTTP/1.1 429 "
{"ts": "2026-09-30T04:18:08.656091+00:00", "level": "warning", "logger": "researchforge.toolkit", "msg": "source failed", "source": "semantic_scholar", "error": "api.semanticscholar.org failed after 5 attempts (HTTP 429)"}
