HTTP Request: GET https://api.semanticscholar.org/graph/v1/paper/search?query=contextualized+triple+training+knowledge+graph+question+answering&limit=5&fields=title%2Cabstract%2Cyear%2CpublicationDate%2Cvenue%2Cauthors%2CcitationCount%2CexternalIds%2Curl%2CopenAccessPdf "HTTP/1.1 429 "
{"ts": "2026-09-30T06:50:56.790824+00:00", "level": "info", "logger": "researchforge.http", "msg": "retrying request", "host": "api.semanticscholar.org", "attempt": 1, "delay_s": 2.19, "error": "HTTP 429"}
HTTP Request: GET https://export.arxiv.org/api/query?search_query=all%3Acontextualized+AND+all%3Atriple+AND+all%3Atraining+AND+all%3Aknowledge+AND+all%3Agraph+AND+all%3Aquestion+AND+all%3Aanswering&start=0&max_results=5&sortBy=relevance "HTTP/1.1 200 OK"
HTTP Request: GET https://api.crossref.org/works?query.bibliographic=contextualized+triple+training+knowledge+graph+question+answering&rows=5 "HTTP/1.1 200 OK"
HTTP Request: GET https://api.openalex.org/works?search=contextualized+triple+training+knowledge+graph+question+answering&per-page=5 "HTTP/1.1 200 OK"
HTTP Request: GET https://api.semanticscholar.org/graph/v1/paper/search?query=contextualized+triple+training+knowledge+graph+question+answering&limit=5&fields=title%2Cabstract%2Cyear%2CpublicationDate%2Cvenue%2Cauthors%2CcitationCount%2CexternalIds%2Curl%2CopenAccessPdf "HTTP/1.1 429 "
{"ts": "2026-09-30T06:50:59.759294+00:00", "level": "info", "logger": "researchforge.http", "msg": "retrying request", "host": "api.semanticscholar.org", "attempt": 2, "delay_s": 3.62, "error": "HTTP 429"}
HTTP Request: GET https://api.semanticscholar.org/graph/v1/paper/search?query=contextualized+triple+training+knowledge+graph+question+answering&limit=5&fields=title%2Cabstract%2Cyear%2CpublicationDate%2Cvenue%2Cauthors%2CcitationCount%2CexternalIds%2Curl%2CopenAccessPdf "HTTP/1.1 429 "
{"ts": "2026-09-30T06:51:04.156684+00:00", "level": "info", "logger": "researchforge.http", "msg": "retrying request", "host": "api.semanticscholar.org", "attempt": 3, "delay_s": 6.22, "error": "HTTP 429"}
HTTP Request: GET https://api.semanticscholar.org/graph/v1/paper/search?query=contextualized+triple+training+knowledge+graph+question+answering&limit=5&fields=title%2Cabstract%2Cyear%2CpublicationDate%2Cvenue%2Cauthors%2CcitationCount%2CexternalIds%2Curl%2CopenAccessPdf "HTTP/1.1 429 "
{"ts": "2026-09-30T06:51:11.292339+00:00", "level": "info", "logger": "researchforge.http", "msg": "retrying request", "host": "api.semanticscholar.org", "attempt": 4, "delay_s": 12.72, "error": "HTTP 429"}
HTTP Request: GET https://api.semanticscholar.org/graph/v1/paper/search?query=contextualized+triple+training+knowledge+graph+question+answering&limit=5&fields=title%2Cabstract%2Cyear%2CpublicationDate%2Cvenue%2Cauthors%2CcitationCount%2CexternalIds%2Curl%2CopenAccessPdf "HTTP/1.1 429 "
{"ts": "2026-09-30T06:51:24.915928+00:00", "level": "warning", "logger": "researchforge.toolkit", "msg": "source failed", "source": "semantic_scholar", "error": "api.semanticscholar.org failed after 5 attempts (HTTP 429)"}
HTTP Request: GET https://api.openalex.org/works?search=passage+context+enrichment+knowledge+graph+question+answering&per-page=5 "HTTP/1.1 429 Too Many Requests"
{"ts": "2026-09-30T06:51:30.527462+00:00", "level": "info", "logger": "researchforge.http", "msg": "retrying request", "host": "api.openalex.org", "attempt": 1, "delay_s": 12.0, "error": "HTTP 429"}
HTTP Request: GET https://export.arxiv.org/api/query?search_query=all%3Apassage+AND+all%3Acontext+AND+all%3Aenrichment+AND+all%3Aknowledge+AND+all%3Agraph+AND+all%3Aquestion+AND+all%3Aanswering&start=0&max_results=5&sortBy=relevance "HTTP/1.1 200 OK"
HTTP Request: GET https://api.semanticscholar.org/graph/v1/paper/search?query=passage+context+enrichment+knowledge+graph+question+answering&limit=5&fields=title%2Cabstract%2Cyear%2CpublicationDate%2Cvenue%2Cauthors%2CcitationCount%2CexternalIds%2Curl%2CopenAccessPdf "HTTP/1.1 429 "
{"ts": "2026-09-30T06:51:31.088558+00:00", "level": "info", "logger": "researchforge.http", "msg": "retrying request", "host": "api.semanticscholar.org", "attempt": 1, "delay_s": 1.7, "error": "HTTP 429"}
HTTP Request: GET https://api.crossref.org/works?query.bibliographic=passage+context+enrichment+knowledge+graph+question+answering&rows=5 "HTTP/1.1 200 OK"
HTTP Request: GET https://api.semanticscholar.org/graph/v1/paper/search?query=passage+context+enrichment+knowledge+graph+question+answering&limit=5&fields=title%2Cabstract%2Cyear%2CpublicationDate%2Cvenue%2Cauthors%2CcitationCount%2CexternalIds%2Curl%2CopenAccessPdf "HTTP/1.1 429 "
{"ts": "2026-09-30T06:51:33.576419+00:00", "level": "info", "logger": "researchforge.http", "msg": "retrying request", "host": "api.semanticscholar.org", "attempt": 2, "delay_s": 3.71, "error": "HTTP 429"}
HTTP Request: GET https://api.semanticscholar.org/graph/v1/paper/search?query=passage+context+enrichment+knowledge+graph+question+answering&limit=5&fields=title%2Cabstract%2Cyear%2CpublicationDate%2Cvenue%2Cauthors%2CcitationCount%2CexternalIds%2Curl%2CopenAccessPdf "HTTP/1.1 429 "
{"ts": "2026-09-30T06:51:38.072793+00:00", "level": "info", "logger": "researchforge.http", "msg": "retrying request", "host": "api.semanticscholar.org", "attempt": 3, "delay_s": 6.11, "error": "HTTP 429"}
HTTP Request: GET https://api.openalex.org/works?search=passage+context+enrichment+knowledge+graph+question+answering&per-page=5 "HTTP/1.1 200 OK"
HTTP Request: GET https://api.semanticscholar.org/graph/v1/paper/search?query=passage+context+enrichment+knowledge+graph+question+answering&limit=5&fields=title%2Cabstract%2Cyear%2CpublicationDate%2Cvenue%2Cauthors%2CcitationCount%2CexternalIds%2Curl%2CopenAccessPdf "HTTP/1.1 200 OK"
HTTP Request: GET https://export.arxiv.org/api/query?search_query=all%3Alocal+AND+all%3Apassage+AND+all%3Acontext+AND+all%3Atriples+AND+all%3Aknowledge+AND+all%3Agraph&start=0&max_results=5&sortBy=relevance "HTTP/1.1 200 OK"
HTTP Request: GET https://api.semanticscholar.org/graph/v1/paper/search?query=local+passage+context+triples+knowledge+graph&limit=5&fields=title%2Cabstract%2Cyear%2CpublicationDate%2Cvenue%2Cauthors%2CcitationCount%2CexternalIds%2Curl%2CopenAccessPdf "HTTP/1.1 429 "
{"ts": "2026-09-30T06:51:53.774001+00:00", "level": "info", "logger": "researchforge.http", "msg": "retrying request", "host": "api.semanticscholar.org", "attempt": 1, "delay_s": 2.17, "error": "HTTP 429"}
HTTP Request: GET https://api.crossref.org/works?query.bibliographic=local+passage+context+triples+knowledge+graph&rows=5 "HTTP/1.1 200 OK"
HTTP Request: GET https://api.openalex.org/works?search=local+passage+context+triples+knowledge+graph&per-page=5 "HTTP/1.1 200 OK"
HTTP Request: GET https://api.semanticscholar.org/graph/v1/paper/search?query=local+passage+context+triples+knowledge+graph&limit=5&fields=title%2Cabstract%2Cyear%2CpublicationDate%2Cvenue%2Cauthors%2CcitationCount%2CexternalIds%2Curl%2CopenAccessPdf "HTTP/1.1 429 "
{"ts": "2026-09-30T06:51:56.715013+00:00", "level": "info", "logger": "researchforge.http", "msg": "retrying request", "host": "api.semanticscholar.org", "attempt": 2, "delay_s": 3.34, "error": "HTTP 429"}
HTTP Request: GET https://api.semanticscholar.org/graph/v1/paper/search?query=local+passage+context+triples+knowledge+graph&limit=5&fields=title%2Cabstract%2Cyear%2CpublicationDate%2Cvenue%2Cauthors%2CcitationCount%2CexternalIds%2Curl%2CopenAccessPdf "HTTP/1.1 429 "
{"ts": "2026-09-30T06:52:00.949861+00:00", "level": "info", "logger": "researchforge.http", "msg": "retrying request", "host": "api.semanticscholar.org", "attempt": 3, "delay_s": 6.6, "error": "HTTP 429"}
HTTP Request: GET https://api.semanticscholar.org/graph/v1/paper/search?query=local+passage+context+triples+knowledge+graph&limit=5&fields=title%2Cabstract%2Cyear%2CpublicationDate%2Cvenue%2Cauthors%2CcitationCount%2CexternalIds%2Curl%2CopenAccessPdf "HTTP/1.1 429 "
{"ts": "2026-09-30T06:52:07.992102+00:00", "level": "info", "logger": "researchforge.http", "msg": "retrying request", "host": "api.semanticscholar.org", "attempt": 4, "delay_s": 12.41, "error": "HTTP 429"}
HTTP Request: GET https://api.semanticscholar.org/graph/v1/paper/search?query=local+passage+context+triples+knowledge+graph&limit=5&fields=title%2Cabstract%2Cyear%2CpublicationDate%2Cvenue%2Cauthors%2CcitationCount%2CexternalIds%2Curl%2CopenAccessPdf "HTTP/1.1 200 OK"
HTTP Request: GET https://www.mdpi.com/2076-3417/15/3/1088/pdf?version=1737558130 "HTTP/1.1 403 Forbidden"
Tool 'fetch_paper_text' failed: 'Error executing tool fetch_paper_text: full text unavailable for doi:10.3390/app15031088: www.mdpi.com returned HTTP 403: <HTML><HEAD>\n<TITLE>Access Denied</TITLE>\n</HEAD><BODY>\n<H1>Access Denied</H1>\n \nYou don\'t have permission to access "http&#58;&#47;&#47;www&#46;mdpi&#46;com&#47;2076&#45;3417&#47;15&#47;3&#47;1088&#4. Work from the abstract and mark analyzed_from=\'abstract\'.'
HTTP Request: GET https://export.arxiv.org/api/query?search_query=all%3Atriple+AND+all%3Acontext+AND+all%3Aenrichment+AND+all%3Aknowledge+AND+all%3Agraph+AND+all%3Aquestion+AND+all%3Aanswering+AND+all%3Atraining&start=0&max_results=5&sortBy=relevance "HTTP/1.1 200 OK"
HTTP Request: GET https://api.semanticscholar.org/graph/v1/paper/search?query=triple+context+enrichment+knowledge+graph+question+answering+training&limit=5&fields=title%2Cabstract%2Cyear%2CpublicationDate%2Cvenue%2Cauthors%2CcitationCount%2CexternalIds%2Curl%2CopenAccessPdf "HTTP/1.1 429 "
{"ts": "2026-09-30T06:52:56.238184+00:00", "level": "info", "logger": "researchforge.http", "msg": "retrying request", "host": "api.semanticscholar.org", "attempt": 1, "delay_s": 2.39, "error": "HTTP 429"}
HTTP Request: GET https://api.crossref.org/works?query.bibliographic=triple+context+enrichment+knowledge+graph+question+answering+training&rows=5 "HTTP/1.1 200 OK"
HTTP Request: GET https://api.openalex.org/works?search=triple+context+enrichment+knowledge+graph+question+answering+training&per-page=5 "HTTP/1.1 200 OK"
HTTP Request: GET https://api.semanticscholar.org/graph/v1/paper/search?query=triple+context+enrichment+knowledge+graph+question+answering+training&limit=5&fields=title%2Cabstract%2Cyear%2CpublicationDate%2Cvenue%2Cauthors%2CcitationCount%2CexternalIds%2Curl%2CopenAccessPdf "HTTP/1.1 429 "
{"ts": "2026-09-30T06:52:59.417586+00:00", "level": "info", "logger": "researchforge.http", "msg": "retrying request", "host": "api.semanticscholar.org", "attempt": 2, "delay_s": 3.5, "error": "HTTP 429"}
HTTP Request: GET https://api.semanticscholar.org/graph/v1/paper/search?query=triple+context+enrichment+knowledge+graph+question+answering+training&limit=5&fields=title%2Cabstract%2Cyear%2CpublicationDate%2Cvenue%2Cauthors%2CcitationCount%2CexternalIds%2Curl%2CopenAccessPdf "HTTP/1.1 429 "
{"ts": "2026-09-30T06:53:03.305430+00:00", "level": "info", "logger": "researchforge.http", "msg": "retrying request", "host": "api.semanticscholar.org", "attempt": 3, "delay_s": 6.83, "error": "HTTP 429"}
HTTP Request: GET https://api.semanticscholar.org/graph/v1/paper/search?query=triple+context+enrichment+knowledge+graph+question+answering+training&limit=5&fields=title%2Cabstract%2Cyear%2CpublicationDate%2Cvenue%2Cauthors%2CcitationCount%2CexternalIds%2Curl%2CopenAccessPdf "HTTP/1.1 429 "
{"ts": "2026-09-30T06:53:11.034100+00:00", "level": "info", "logger": "researchforge.http", "msg": "retrying request", "host": "api.semanticscholar.org", "attempt": 4, "delay_s": 12.11, "error": "HTTP 429"}
HTTP Request: GET https://api.semanticscholar.org/graph/v1/paper/search?query=triple+context+enrichment+knowledge+graph+question+answering+training&limit=5&fields=title%2Cabstract%2Cyear%2CpublicationDate%2Cvenue%2Cauthors%2CcitationCount%2CexternalIds%2Curl%2CopenAccessPdf "HTTP/1.1 429 "
{"ts": "2026-09-30T06:53:24.062444+00:00", "level": "warning", "logger": "researchforge.toolkit", "msg": "source failed", "source": "semantic_scholar", "error": "api.semanticscholar.org failed after 5 attempts (HTTP 429)"}
HTTP Request: GET https://api.semanticscholar.org/graph/v1/paper/search?query=subgraph+enrichment+knowledge+graph+question+answering+training&limit=5&fields=title%2Cabstract%2Cyear%2CpublicationDate%2Cvenue%2Cauthors%2CcitationCount%2CexternalIds%2Curl%2CopenAccessPdf "HTTP/1.1 429 "
{"ts": "2026-09-30T06:55:24.959415+00:00", "level": "info", "logger": "researchforge.http", "msg": "retrying request", "host": "api.semanticscholar.org", "attempt": 1, "delay_s": 1.96, "error": "HTTP 429"}
HTTP Request: GET https://export.arxiv.org/api/query?search_query=all%3Asubgraph+AND+all%3Aenrichment+AND+all%3Aknowledge+AND+all%3Agraph+AND+all%3Aquestion+AND+all%3Aanswering+AND+all%3Atraining&start=0&max_results=5&sortBy=relevance "HTTP/1.1 200 OK"
HTTP Request: GET https://api.crossref.org/works?query.bibliographic=subgraph+enrichment+knowledge+graph+question+answering+training&rows=5 "HTTP/1.1 200 OK"
HTTP Request: GET https://api.openalex.org/works?search=subgraph+enrichment+knowledge+graph+question+answering+training&per-page=5 "HTTP/1.1 200 OK"
HTTP Request: GET https://api.semanticscholar.org/graph/v1/paper/search?query=subgraph+enrichment+knowledge+graph+question+answering+training&limit=5&fields=title%2Cabstract%2Cyear%2CpublicationDate%2Cvenue%2Cauthors%2CcitationCount%2CexternalIds%2Curl%2CopenAccessPdf "HTTP/1.1 429 "
{"ts": "2026-09-30T06:55:27.700015+00:00", "level": "info", "logger": "researchforge.http", "msg": "retrying request", "host": "api.semanticscholar.org", "attempt": 2, "delay_s": 3.11, "error": "HTTP 429"}
HTTP Request: GET https://api.semanticscholar.org/graph/v1/paper/search?query=subgraph+enrichment+knowledge+graph+question+answering+training&limit=5&fields=title%2Cabstract%2Cyear%2CpublicationDate%2Cvenue%2Cauthors%2CcitationCount%2CexternalIds%2Curl%2CopenAccessPdf "HTTP/1.1 429 "
{"ts": "2026-09-30T06:55:31.591497+00:00", "level": "info", "logger": "researchforge.http", "msg": "retrying request", "host": "api.semanticscholar.org", "attempt": 3, "delay_s": 6.43, "error": "HTTP 429"}
HTTP Request: GET https://api.semanticscholar.org/graph/v1/paper/search?query=subgraph+enrichment+knowledge+graph+question+answering+training&limit=5&fields=title%2Cabstract%2Cyear%2CpublicationDate%2Cvenue%2Cauthors%2CcitationCount%2CexternalIds%2Curl%2CopenAccessPdf "HTTP/1.1 429 "
{"ts": "2026-09-30T06:55:38.920734+00:00", "level": "info", "logger": "researchforge.http", "msg": "retrying request", "host": "api.semanticscholar.org", "attempt": 4, "delay_s": 12.98, "error": "HTTP 429"}
HTTP Request: GET https://api.semanticscholar.org/graph/v1/paper/search?query=subgraph+enrichment+knowledge+graph+question+answering+training&limit=5&fields=title%2Cabstract%2Cyear%2CpublicationDate%2Cvenue%2Cauthors%2CcitationCount%2CexternalIds%2Curl%2CopenAccessPdf "HTTP/1.1 429 "
{"ts": "2026-09-30T06:55:52.843835+00:00", "level": "warning", "logger": "researchforge.toolkit", "msg": "source failed", "source": "semantic_scholar", "error": "api.semanticscholar.org failed after 5 attempts (HTTP 429)"}
Tool 'fetch_paper_text' failed: "Error executing tool fetch_paper_text: full text unavailable for doi:10.20944/preprints202505.1992.v1: no open-access PDF is known for doi:10.20944/preprints202505.1992.v1. Work from the abstract and mark analyzed_from='abstract'."
HTTP Request: GET https://export.arxiv.org/api/query?search_query=all%3Acontextual+AND+all%3Atriples+AND+all%3Aknowledge+AND+all%3Agraph+AND+all%3Aquestion+AND+all%3Aanswering+AND+all%3Atraining&start=0&max_results=5&sortBy=relevance "HTTP/1.1 200 OK"
HTTP Request: GET https://api.semanticscholar.org/graph/v1/paper/search?query=contextual+triples+knowledge+graph+question+answering+training&limit=5&fields=title%2Cabstract%2Cyear%2CpublicationDate%2Cvenue%2Cauthors%2CcitationCount%2CexternalIds%2Curl%2CopenAccessPdf "HTTP/1.1 429 "
{"ts": "2026-09-30T06:56:32.327695+00:00", "level": "info", "logger": "researchforge.http", "msg": "retrying request", "host": "api.semanticscholar.org", "attempt": 1, "delay_s": 1.66, "error": "HTTP 429"}
HTTP Request: GET https://api.crossref.org/works?query.bibliographic=contextual+triples+knowledge+graph+question+answering+training&rows=5 "HTTP/1.1 200 OK"
HTTP Request: GET https://api.openalex.org/works?search=contextual+triples+knowledge+graph+question+answering+training&per-page=5 "HTTP/1.1 200 OK"
HTTP Request: GET https://api.semanticscholar.org/graph/v1/paper/search?query=contextual+triples+knowledge+graph+question+answering+training&limit=5&fields=title%2Cabstract%2Cyear%2CpublicationDate%2Cvenue%2Cauthors%2CcitationCount%2CexternalIds%2Curl%2CopenAccessPdf "HTTP/1.1 429 "
{"ts": "2026-09-30T06:56:34.316428+00:00", "level": "info", "logger": "researchforge.http", "msg": "retrying request", "host": "api.semanticscholar.org", "attempt": 2, "delay_s": 3.46, "error": "HTTP 429"}
HTTP Request: GET https://api.semanticscholar.org/graph/v1/paper/search?query=contextual+triples+knowledge+graph+question+answering+training&limit=5&fields=title%2Cabstract%2Cyear%2CpublicationDate%2Cvenue%2Cauthors%2CcitationCount%2CexternalIds%2Curl%2CopenAccessPdf "HTTP/1.1 429 "
{"ts": "2026-09-30T06:56:38.662655+00:00", "level": "info", "logger": "researchforge.http", "msg": "retrying request", "host": "api.semanticscholar.org", "attempt": 3, "delay_s": 6.09, "error": "HTTP 429"}
HTTP Request: GET https://api.semanticscholar.org/graph/v1/paper/search?query=contextual+triples+knowledge+graph+question+answering+training&limit=5&fields=title%2Cabstract%2Cyear%2CpublicationDate%2Cvenue%2Cauthors%2CcitationCount%2CexternalIds%2Curl%2CopenAccessPdf "HTTP/1.1 429 "
{"ts": "2026-09-30T06:56:45.705448+00:00", "level": "info", "logger": "researchforge.http", "msg": "retrying request", "host": "api.semanticscholar.org", "attempt": 4, "delay_s": 12.15, "error": "HTTP 429"}
HTTP Request: GET https://api.semanticscholar.org/graph/v1/paper/search?query=contextual+triples+knowledge+graph+question+answering+training&limit=5&fields=title%2Cabstract%2Cyear%2CpublicationDate%2Cvenue%2Cauthors%2CcitationCount%2CexternalIds%2Curl%2CopenAccessPdf "HTTP/1.1 429 "
{"ts": "2026-09-30T06:56:58.291569+00:00", "level": "warning", "logger": "researchforge.toolkit", "msg": "source failed", "source": "semantic_scholar", "error": "api.semanticscholar.org failed after 5 attempts (HTTP 429)"}
Tool 'fetch_paper_text' failed: "Error executing tool fetch_paper_text: full text unavailable for doi:10.1038/s41598-025-33854-2: no open-access PDF is known for doi:10.1038/s41598-025-33854-2. Work from the abstract and mark analyzed_from='abstract'."
HTTP Request: GET https://export.arxiv.org/api/query?search_query=all%3Acontext+AND+all%3Aenrichment+AND+all%3Aharmful+AND+all%3Aknowledge+AND+all%3Agraph+AND+all%3Aquestion+AND+all%3Aanswering&start=0&max_results=5&sortBy=relevance "HTTP/1.1 200 OK"
HTTP Request: GET https://api.semanticscholar.org/graph/v1/paper/search?query=context+enrichment+harmful+knowledge+graph+question+answering&limit=5&fields=title%2Cabstract%2Cyear%2CpublicationDate%2Cvenue%2Cauthors%2CcitationCount%2CexternalIds%2Curl%2CopenAccessPdf "HTTP/1.1 429 "
{"ts": "2026-09-30T06:57:43.837008+00:00", "level": "info", "logger": "researchforge.http", "msg": "retrying request", "host": "api.semanticscholar.org", "attempt": 1, "delay_s": 1.91, "error": "HTTP 429"}
HTTP Request: GET https://api.crossref.org/works?query.bibliographic=context+enrichment+harmful+knowledge+graph+question+answering&rows=5 "HTTP/1.1 200 OK"
HTTP Request: GET https://api.openalex.org/works?search=context+enrichment+harmful+knowledge+graph+question+answering&per-page=5 "HTTP/1.1 200 OK"
HTTP Request: GET https://api.semanticscholar.org/graph/v1/paper/search?query=context+enrichment+harmful+knowledge+graph+question+answering&limit=5&fields=title%2Cabstract%2Cyear%2CpublicationDate%2Cvenue%2Cauthors%2CcitationCount%2CexternalIds%2Curl%2CopenAccessPdf "HTTP/1.1 429 "
{"ts": "2026-09-30T06:57:46.554215+00:00", "level": "info", "logger": "researchforge.http", "msg": "retrying request", "host": "api.semanticscholar.org", "attempt": 2, "delay_s": 3.46, "error": "HTTP 429"}
HTTP Request: GET https://api.semanticscholar.org/graph/v1/paper/search?query=context+enrichment+harmful+knowledge+graph+question+answering&limit=5&fields=title%2Cabstract%2Cyear%2CpublicationDate%2Cvenue%2Cauthors%2CcitationCount%2CexternalIds%2Curl%2CopenAccessPdf "HTTP/1.1 429 "
{"ts": "2026-09-30T06:57:50.788956+00:00", "level": "info", "logger": "researchforge.http", "msg": "retrying request", "host": "api.semanticscholar.org", "attempt": 3, "delay_s": 6.55, "error": "HTTP 429"}
HTTP Request: GET https://api.semanticscholar.org/graph/v1/paper/search?query=context+enrichment+harmful+knowledge+graph+question+answering&limit=5&fields=title%2Cabstract%2Cyear%2CpublicationDate%2Cvenue%2Cauthors%2CcitationCount%2CexternalIds%2Curl%2CopenAccessPdf "HTTP/1.1 429 "
{"ts": "2026-09-30T06:57:58.331902+00:00", "level": "info", "logger": "researchforge.http", "msg": "retrying request", "host": "api.semanticscholar.org", "attempt": 4, "delay_s": 12.01, "error": "HTTP 429"}
HTTP Request: GET https://api.semanticscholar.org/graph/v1/paper/search?query=context+enrichment+harmful+knowledge+graph+question+answering&limit=5&fields=title%2Cabstract%2Cyear%2CpublicationDate%2Cvenue%2Cauthors%2CcitationCount%2CexternalIds%2Curl%2CopenAccessPdf "HTTP/1.1 429 "
{"ts": "2026-09-30T06:58:11.247698+00:00", "level": "warning", "logger": "researchforge.toolkit", "msg": "source failed", "source": "semantic_scholar", "error": "api.semanticscholar.org failed after 5 attempts (HTTP 429)"}
Tool 'fetch_paper_text' failed: "Error executing tool fetch_paper_text: full text unavailable for doi:10.1109/ickg66886.2025.00020: no open-access PDF is known for doi:10.1109/ickg66886.2025.00020. Work from the abstract and mark analyzed_from='abstract'."
Tool 'search_papers' failed: 'Error executing tool search_papers: paper budget reached (90 papers). Analyze and compare the retrieved papers instead of searching.'
