HTTP Request: GET https://export.arxiv.org/api/query?search_query=all%3Afine-tuning+AND+all%3Alanguage+AND+all%3Amodel+AND+all%3Aretrieved+AND+all%3Acontext+AND+all%3Adocuments+AND+all%3Aimproves+AND+all%3Aopen-domain&start=0&max_results=6&sortBy=relevance "HTTP/1.1 200 OK"
HTTP Request: GET https://api.semanticscholar.org/graph/v1/paper/search?query=fine-tuning+language+model+on+retrieved+context+documents+improves+open-domain+question+answering&limit=6&fields=title%2Cabstract%2Cyear%2CpublicationDate%2Cvenue%2Cauthors%2CcitationCount%2CexternalIds%2Curl%2CopenAccessPdf "HTTP/1.1 429 "
{"ts": "2026-09-30T05:16:41.667060+00:00", "level": "info", "logger": "researchforge.http", "msg": "retrying request", "host": "api.semanticscholar.org", "attempt": 1, "delay_s": 2.19, "error": "HTTP 429"}
HTTP Request: GET https://api.openalex.org/works?search=fine-tuning+language+model+on+retrieved+context+documents+improves+open-domain+question+answering&per-page=6 "HTTP/1.1 200 OK"
HTTP Request: GET https://api.crossref.org/works?query.bibliographic=fine-tuning+language+model+on+retrieved+context+documents+improves+open-domain+question+answering&rows=6 "HTTP/1.1 200 OK"
HTTP Request: GET https://api.semanticscholar.org/graph/v1/paper/search?query=fine-tuning+language+model+on+retrieved+context+documents+improves+open-domain+question+answering&limit=6&fields=title%2Cabstract%2Cyear%2CpublicationDate%2Cvenue%2Cauthors%2CcitationCount%2CexternalIds%2Curl%2CopenAccessPdf "HTTP/1.1 429 "
{"ts": "2026-09-30T05:16:44.645339+00:00", "level": "info", "logger": "researchforge.http", "msg": "retrying request", "host": "api.semanticscholar.org", "attempt": 2, "delay_s": 3.86, "error": "HTTP 429"}
HTTP Request: GET https://api.semanticscholar.org/graph/v1/paper/search?query=fine-tuning+language+model+on+retrieved+context+documents+improves+open-domain+question+answering&limit=6&fields=title%2Cabstract%2Cyear%2CpublicationDate%2Cvenue%2Cauthors%2CcitationCount%2CexternalIds%2Curl%2CopenAccessPdf "HTTP/1.1 429 "
{"ts": "2026-09-30T05:16:48.839981+00:00", "level": "info", "logger": "researchforge.http", "msg": "retrying request", "host": "api.semanticscholar.org", "attempt": 3, "delay_s": 6.81, "error": "HTTP 429"}
HTTP Request: GET https://api.semanticscholar.org/graph/v1/paper/search?query=fine-tuning+language+model+on+retrieved+context+documents+improves+open-domain+question+answering&limit=6&fields=title%2Cabstract%2Cyear%2CpublicationDate%2Cvenue%2Cauthors%2CcitationCount%2CexternalIds%2Curl%2CopenAccessPdf "HTTP/1.1 429 "
{"ts": "2026-09-30T05:16:56.624603+00:00", "level": "info", "logger": "researchforge.http", "msg": "retrying request", "host": "api.semanticscholar.org", "attempt": 4, "delay_s": 12.82, "error": "HTTP 429"}
HTTP Request: GET https://api.semanticscholar.org/graph/v1/paper/search?query=fine-tuning+language+model+on+retrieved+context+documents+improves+open-domain+question+answering&limit=6&fields=title%2Cabstract%2Cyear%2CpublicationDate%2Cvenue%2Cauthors%2CcitationCount%2CexternalIds%2Curl%2CopenAccessPdf "HTTP/1.1 429 "
{"ts": "2026-09-30T05:17:10.300954+00:00", "level": "warning", "logger": "researchforge.toolkit", "msg": "source failed", "source": "semantic_scholar", "error": "api.semanticscholar.org failed after 5 attempts (HTTP 429)"}
HTTP Request: GET https://export.arxiv.org/api/query?search_query=all%3Aknowledge+AND+all%3Agraph+AND+all%3Acontext+AND+all%3Aaugmentation+AND+all%3Afine-tuning+AND+all%3Aimproves+AND+all%3Amulti-hop+AND+all%3Areasoning&start=0&max_results=6&sortBy=relevance "HTTP/1.1 200 OK"
HTTP Request: GET https://api.semanticscholar.org/graph/v1/paper/search?query=knowledge+graph+context+augmentation+fine-tuning+improves+multi-hop+reasoning+large+language+model&limit=6&fields=title%2Cabstract%2Cyear%2CpublicationDate%2Cvenue%2Cauthors%2CcitationCount%2CexternalIds%2Curl%2CopenAccessPdf "HTTP/1.1 429 "
{"ts": "2026-09-30T05:17:11.296634+00:00", "level": "info", "logger": "researchforge.http", "msg": "retrying request", "host": "api.semanticscholar.org", "attempt": 1, "delay_s": 2.48, "error": "HTTP 429"}
HTTP Request: GET https://api.crossref.org/works?query.bibliographic=knowledge+graph+context+augmentation+fine-tuning+improves+multi-hop+reasoning+large+language+model&rows=6 "HTTP/1.1 200 OK"
HTTP Request: GET https://api.openalex.org/works?search=knowledge+graph+context+augmentation+fine-tuning+improves+multi-hop+reasoning+large+language+model&per-page=6 "HTTP/1.1 200 OK"
HTTP Request: GET https://api.semanticscholar.org/graph/v1/paper/search?query=knowledge+graph+context+augmentation+fine-tuning+improves+multi-hop+reasoning+large+language+model&limit=6&fields=title%2Cabstract%2Cyear%2CpublicationDate%2Cvenue%2Cauthors%2CcitationCount%2CexternalIds%2Curl%2CopenAccessPdf "HTTP/1.1 429 "
{"ts": "2026-09-30T05:17:14.550069+00:00", "level": "info", "logger": "researchforge.http", "msg": "retrying request", "host": "api.semanticscholar.org", "attempt": 2, "delay_s": 3.29, "error": "HTTP 429"}
HTTP Request: GET https://api.semanticscholar.org/graph/v1/paper/search?query=knowledge+graph+context+augmentation+fine-tuning+improves+multi-hop+reasoning+large+language+model&limit=6&fields=title%2Cabstract%2Cyear%2CpublicationDate%2Cvenue%2Cauthors%2CcitationCount%2CexternalIds%2Curl%2CopenAccessPdf "HTTP/1.1 429 "
{"ts": "2026-09-30T05:17:18.638011+00:00", "level": "info", "logger": "researchforge.http", "msg": "retrying request", "host": "api.semanticscholar.org", "attempt": 3, "delay_s": 6.29, "error": "HTTP 429"}
HTTP Request: GET https://api.semanticscholar.org/graph/v1/paper/search?query=knowledge+graph+context+augmentation+fine-tuning+improves+multi-hop+reasoning+large+language+model&limit=6&fields=title%2Cabstract%2Cyear%2CpublicationDate%2Cvenue%2Cauthors%2CcitationCount%2CexternalIds%2Curl%2CopenAccessPdf "HTTP/1.1 429 "
{"ts": "2026-09-30T05:17:25.790703+00:00", "level": "info", "logger": "researchforge.http", "msg": "retrying request", "host": "api.semanticscholar.org", "attempt": 4, "delay_s": 12.65, "error": "HTTP 429"}
HTTP Request: GET https://api.semanticscholar.org/graph/v1/paper/search?query=knowledge+graph+context+augmentation+fine-tuning+improves+multi-hop+reasoning+large+language+model&limit=6&fields=title%2Cabstract%2Cyear%2CpublicationDate%2Cvenue%2Cauthors%2CcitationCount%2CexternalIds%2Curl%2CopenAccessPdf "HTTP/1.1 429 "
{"ts": "2026-09-30T05:17:39.307579+00:00", "level": "warning", "logger": "researchforge.toolkit", "msg": "source failed", "source": "semantic_scholar", "error": "api.semanticscholar.org failed after 5 attempts (HTTP 429)"}
HTTP Request: GET https://api.openalex.org/works?filter=locations.landing_page_url%3Ahttps%3A%2F%2Farxiv.org%2Fabs%2F2609.10237&per-page=1 "HTTP/1.1 200 OK"
HTTP Request: GET https://api.openalex.org/works?filter=cites%3AW7212153755&per-page=25&sort=cited_by_count%3Adesc "HTTP/1.1 200 OK"
Tool 'record_claim' failed: "Error executing tool record_claim: evidence[1] quotes the abstract of arxiv:2609.12230, but that abstract is flagged (abstract (from arxiv) never mentions 'Repair Before Reinforce'; it may belong to another work). Call fetch_paper_text and quote the paper's own text, or mark support 'indirect'."
Tool 'record_claim' failed: "Error executing tool record_claim: evidence[0] quotes the abstract of arxiv:2609.12230, but that abstract is flagged (abstract (from arxiv) never mentions 'Repair Before Reinforce'; it may belong to another work). Call fetch_paper_text and quote the paper's own text, or mark support 'indirect'."
