HTTP Request: GET https://api.crossref.org/works?query.bibliographic=multi-hop+question+answering+knowledge+graph+triple+context+subgraph+language+model+fine-tuning&rows=8 "HTTP/1.1 200 OK"
HTTP Request: GET https://api.semanticscholar.org/graph/v1/paper/search?query=multi-hop+question+answering+knowledge+graph+triple+context+subgraph+language+model+fine-tuning&limit=8&fields=title%2Cabstract%2Cyear%2CpublicationDate%2Cvenue%2Cauthors%2CcitationCount%2CexternalIds%2Curl%2CopenAccessPdf "HTTP/1.1 429 "
{"ts": "2026-09-30T04:59:34.074021+00:00", "level": "info", "logger": "researchforge.http", "msg": "retrying request", "host": "api.semanticscholar.org", "attempt": 1, "delay_s": 1.62, "error": "HTTP 429"}
HTTP Request: GET https://api.openalex.org/works?search=multi-hop+question+answering+knowledge+graph+triple+context+subgraph+language+model+fine-tuning&per-page=8 "HTTP/1.1 200 OK"
HTTP Request: GET https://export.arxiv.org/api/query?search_query=all%3Amulti-hop+AND+all%3Aquestion+AND+all%3Aanswering+AND+all%3Aknowledge+AND+all%3Agraph+AND+all%3Atriple+AND+all%3Acontext+AND+all%3Asubgraph&start=0&max_results=8&sortBy=relevance "HTTP/1.1 200 OK"
HTTP Request: GET https://api.semanticscholar.org/graph/v1/paper/search?query=multi-hop+question+answering+knowledge+graph+triple+context+subgraph+language+model+fine-tuning&limit=8&fields=title%2Cabstract%2Cyear%2CpublicationDate%2Cvenue%2Cauthors%2CcitationCount%2CexternalIds%2Curl%2CopenAccessPdf "HTTP/1.1 429 "
{"ts": "2026-09-30T04:59:37.977110+00:00", "level": "info", "logger": "researchforge.http", "msg": "retrying request", "host": "api.semanticscholar.org", "attempt": 2, "delay_s": 3.53, "error": "HTTP 429"}
HTTP Request: GET https://api.semanticscholar.org/graph/v1/paper/search?query=multi-hop+question+answering+knowledge+graph+triple+context+subgraph+language+model+fine-tuning&limit=8&fields=title%2Cabstract%2Cyear%2CpublicationDate%2Cvenue%2Cauthors%2CcitationCount%2CexternalIds%2Curl%2CopenAccessPdf "HTTP/1.1 429 "
{"ts": "2026-09-30T04:59:41.872624+00:00", "level": "info", "logger": "researchforge.http", "msg": "retrying request", "host": "api.semanticscholar.org", "attempt": 3, "delay_s": 6.02, "error": "HTTP 429"}
HTTP Request: GET https://api.semanticscholar.org/graph/v1/paper/search?query=multi-hop+question+answering+knowledge+graph+triple+context+subgraph+language+model+fine-tuning&limit=8&fields=title%2Cabstract%2Cyear%2CpublicationDate%2Cvenue%2Cauthors%2CcitationCount%2CexternalIds%2Curl%2CopenAccessPdf "HTTP/1.1 429 "
{"ts": "2026-09-30T04:59:49.759380+00:00", "level": "info", "logger": "researchforge.http", "msg": "retrying request", "host": "api.semanticscholar.org", "attempt": 4, "delay_s": 12.98, "error": "HTTP 429"}
HTTP Request: GET https://api.semanticscholar.org/graph/v1/paper/search?query=multi-hop+question+answering+knowledge+graph+triple+context+subgraph+language+model+fine-tuning&limit=8&fields=title%2Cabstract%2Cyear%2CpublicationDate%2Cvenue%2Cauthors%2CcitationCount%2CexternalIds%2Curl%2CopenAccessPdf "HTTP/1.1 429 "
{"ts": "2026-09-30T05:00:03.610315+00:00", "level": "warning", "logger": "researchforge.toolkit", "msg": "source failed", "source": "semantic_scholar", "error": "api.semanticscholar.org failed after 5 attempts (HTTP 429)"}
HTTP Request: GET https://api.openalex.org/works?search=knowledge+graph+augmented+language+model+pretraining+triple+knowledge+injection&per-page=8 "HTTP/1.1 429 Too Many Requests"
{"ts": "2026-09-30T05:00:04.011065+00:00", "level": "info", "logger": "researchforge.http", "msg": "retrying request", "host": "api.openalex.org", "attempt": 1, "delay_s": 34.0, "error": "HTTP 429"}
HTTP Request: GET https://api.crossref.org/works?query.bibliographic=knowledge+graph+augmented+language+model+pretraining+triple+knowledge+injection&rows=8 "HTTP/1.1 429 Too Many Requests"
{"ts": "2026-09-30T05:00:04.523153+00:00", "level": "info", "logger": "researchforge.http", "msg": "retrying request", "host": "api.crossref.org", "attempt": 1, "delay_s": 1.63, "error": "HTTP 429"}
HTTP Request: GET https://export.arxiv.org/api/query?search_query=all%3Aknowledge+AND+all%3Agraph+AND+all%3Aaugmented+AND+all%3Alanguage+AND+all%3Amodel+AND+all%3Apretraining+AND+all%3Atriple+AND+all%3Aknowledge&start=0&max_results=8&sortBy=relevance "HTTP/1.1 200 OK"
HTTP Request: GET https://api.semanticscholar.org/graph/v1/paper/search?query=knowledge+graph+augmented+language+model+pretraining+triple+knowledge+injection&limit=8&fields=title%2Cabstract%2Cyear%2CpublicationDate%2Cvenue%2Cauthors%2CcitationCount%2CexternalIds%2Curl%2CopenAccessPdf "HTTP/1.1 429 "
{"ts": "2026-09-30T05:00:07.617058+00:00", "level": "info", "logger": "researchforge.http", "msg": "retrying request", "host": "api.semanticscholar.org", "attempt": 1, "delay_s": 1.61, "error": "HTTP 429"}
HTTP Request: GET https://api.crossref.org/works?query.bibliographic=knowledge+graph+augmented+language+model+pretraining+triple+knowledge+injection&rows=8 "HTTP/1.1 200 OK"
HTTP Request: GET https://api.semanticscholar.org/graph/v1/paper/search?query=knowledge+graph+augmented+language+model+pretraining+triple+knowledge+injection&limit=8&fields=title%2Cabstract%2Cyear%2CpublicationDate%2Cvenue%2Cauthors%2CcitationCount%2CexternalIds%2Curl%2CopenAccessPdf "HTTP/1.1 429 "
{"ts": "2026-09-30T05:00:11.514368+00:00", "level": "info", "logger": "researchforge.http", "msg": "retrying request", "host": "api.semanticscholar.org", "attempt": 2, "delay_s": 3.54, "error": "HTTP 429"}
HTTP Request: GET https://api.semanticscholar.org/graph/v1/paper/search?query=knowledge+graph+augmented+language+model+pretraining+triple+knowledge+injection&limit=8&fields=title%2Cabstract%2Cyear%2CpublicationDate%2Cvenue%2Cauthors%2CcitationCount%2CexternalIds%2Curl%2CopenAccessPdf "HTTP/1.1 429 "
{"ts": "2026-09-30T05:00:15.870663+00:00", "level": "info", "logger": "researchforge.http", "msg": "retrying request", "host": "api.semanticscholar.org", "attempt": 3, "delay_s": 6.64, "error": "HTTP 429"}
HTTP Request: GET https://api.semanticscholar.org/graph/v1/paper/search?query=knowledge+graph+augmented+language+model+pretraining+triple+knowledge+injection&limit=8&fields=title%2Cabstract%2Cyear%2CpublicationDate%2Cvenue%2Cauthors%2CcitationCount%2CexternalIds%2Curl%2CopenAccessPdf "HTTP/1.1 429 "
{"ts": "2026-09-30T05:00:23.461674+00:00", "level": "info", "logger": "researchforge.http", "msg": "retrying request", "host": "api.semanticscholar.org", "attempt": 4, "delay_s": 12.18, "error": "HTTP 429"}
HTTP Request: GET https://api.semanticscholar.org/graph/v1/paper/search?query=knowledge+graph+augmented+language+model+pretraining+triple+knowledge+injection&limit=8&fields=title%2Cabstract%2Cyear%2CpublicationDate%2Cvenue%2Cauthors%2CcitationCount%2CexternalIds%2Curl%2CopenAccessPdf "HTTP/1.1 429 "
HTTP Request: GET https://api.openalex.org/works?search=knowledge+graph+augmented+language+model+pretraining+triple+knowledge+injection&per-page=8 "HTTP/1.1 429 Too Many Requests"
{"ts": "2026-09-30T05:00:38.362579+00:00", "level": "info", "logger": "researchforge.http", "msg": "retrying request", "host": "api.openalex.org", "attempt": 2, "delay_s": 33.0, "error": "HTTP 429"}
HTTP Request: GET https://api.openalex.org/works?search=knowledge+graph+augmented+language+model+pretraining+triple+knowledge+injection&per-page=8 "HTTP/1.1 429 Too Many Requests"
{"ts": "2026-09-30T05:01:11.701864+00:00", "level": "info", "logger": "researchforge.http", "msg": "retrying request", "host": "api.openalex.org", "attempt": 3, "delay_s": 35.0, "error": "HTTP 429"}
HTTP Request: GET https://api.openalex.org/works?search=knowledge+graph+augmented+language+model+pretraining+triple+knowledge+injection&per-page=8 "HTTP/1.1 429 Too Many Requests"
{"ts": "2026-09-30T05:01:47.059601+00:00", "level": "info", "logger": "researchforge.http", "msg": "retrying request", "host": "api.openalex.org", "attempt": 4, "delay_s": 34.0, "error": "HTTP 429"}
HTTP Request: GET https://api.openalex.org/works?search=knowledge+graph+augmented+language+model+pretraining+triple+knowledge+injection&per-page=8 "HTTP/1.1 429 Too Many Requests"
{"ts": "2026-09-30T05:02:21.400290+00:00", "level": "warning", "logger": "researchforge.toolkit", "msg": "source failed", "source": "openalex", "error": "api.openalex.org failed after 5 attempts (HTTP 429)"}
{"ts": "2026-09-30T05:02:21.400661+00:00", "level": "warning", "logger": "researchforge.toolkit", "msg": "source failed", "source": "semantic_scholar", "error": "api.semanticscholar.org failed after 5 attempts (HTTP 429)"}
HTTP Request: GET https://api.semanticscholar.org/graph/v1/paper/search?query=reinforcement+learning+multi-hop+knowledge+graph+question+answering+weak+supervision&limit=6&fields=title%2Cabstract%2Cyear%2CpublicationDate%2Cvenue%2Cauthors%2CcitationCount%2CexternalIds%2Curl%2CopenAccessPdf "HTTP/1.1 429 "
{"ts": "2026-09-30T05:02:23.736209+00:00", "level": "info", "logger": "researchforge.http", "msg": "retrying request", "host": "api.semanticscholar.org", "attempt": 1, "delay_s": 2.08, "error": "HTTP 429"}
HTTP Request: GET https://export.arxiv.org/api/query?search_query=all%3Areinforcement+AND+all%3Alearning+AND+all%3Amulti-hop+AND+all%3Aknowledge+AND+all%3Agraph+AND+all%3Aquestion+AND+all%3Aanswering+AND+all%3Aweak&start=0&max_results=6&sortBy=relevance "HTTP/1.1 200 OK"
HTTP Request: GET https://api.crossref.org/works?query.bibliographic=reinforcement+learning+multi-hop+knowledge+graph+question+answering+weak+supervision&rows=6 "HTTP/1.1 200 OK"
HTTP Request: GET https://api.semanticscholar.org/graph/v1/paper/search?query=reinforcement+learning+multi-hop+knowledge+graph+question+answering+weak+supervision&limit=6&fields=title%2Cabstract%2Cyear%2CpublicationDate%2Cvenue%2Cauthors%2CcitationCount%2CexternalIds%2Curl%2CopenAccessPdf "HTTP/1.1 429 "
{"ts": "2026-09-30T05:02:26.583634+00:00", "level": "info", "logger": "researchforge.http", "msg": "retrying request", "host": "api.semanticscholar.org", "attempt": 2, "delay_s": 3.68, "error": "HTTP 429"}
HTTP Request: GET https://api.semanticscholar.org/graph/v1/paper/search?query=reinforcement+learning+multi-hop+knowledge+graph+question+answering+weak+supervision&limit=6&fields=title%2Cabstract%2Cyear%2CpublicationDate%2Cvenue%2Cauthors%2CcitationCount%2CexternalIds%2Curl%2CopenAccessPdf "HTTP/1.1 429 "
{"ts": "2026-09-30T05:02:31.030349+00:00", "level": "info", "logger": "researchforge.http", "msg": "retrying request", "host": "api.semanticscholar.org", "attempt": 3, "delay_s": 6.1, "error": "HTTP 429"}
HTTP Request: GET https://api.semanticscholar.org/graph/v1/paper/search?query=reinforcement+learning+multi-hop+knowledge+graph+question+answering+weak+supervision&limit=6&fields=title%2Cabstract%2Cyear%2CpublicationDate%2Cvenue%2Cauthors%2CcitationCount%2CexternalIds%2Curl%2CopenAccessPdf "HTTP/1.1 429 "
{"ts": "2026-09-30T05:02:37.537574+00:00", "level": "info", "logger": "researchforge.http", "msg": "retrying request", "host": "api.semanticscholar.org", "attempt": 4, "delay_s": 12.66, "error": "HTTP 429"}
HTTP Request: GET https://api.openalex.org/works?search=reinforcement+learning+multi-hop+knowledge+graph+question+answering+weak+supervision&per-page=6 "HTTP/1.1 200 OK"
HTTP Request: GET https://api.semanticscholar.org/graph/v1/paper/search?query=reinforcement+learning+multi-hop+knowledge+graph+question+answering+weak+supervision&limit=6&fields=title%2Cabstract%2Cyear%2CpublicationDate%2Cvenue%2Cauthors%2CcitationCount%2CexternalIds%2Curl%2CopenAccessPdf "HTTP/1.1 429 "
{"ts": "2026-09-30T05:02:51.397399+00:00", "level": "warning", "logger": "researchforge.toolkit", "msg": "source failed", "source": "semantic_scholar", "error": "api.semanticscholar.org failed after 5 attempts (HTTP 429)"}
HTTP Request: GET https://api.openalex.org/works?search=HotpotQA+2WikiMultiHopQA+MetaQA+benchmark+multi-hop+reasoning+evaluation&per-page=6 "HTTP/1.1 429 Too Many Requests"
{"ts": "2026-09-30T05:02:51.781797+00:00", "level": "info", "logger": "researchforge.http", "msg": "retrying request", "host": "api.openalex.org", "attempt": 1, "delay_s": 38.0, "error": "HTTP 429"}
HTTP Request: GET https://export.arxiv.org/api/query?search_query=all%3Ahotpotqa+AND+all%3A2wikimultihopqa+AND+all%3Ametaqa+AND+all%3Abenchmark+AND+all%3Amulti-hop+AND+all%3Areasoning+AND+all%3Aevaluation&start=0&max_results=6&sortBy=relevance "HTTP/1.1 200 OK"
HTTP Request: GET https://api.semanticscholar.org/graph/v1/paper/search?query=HotpotQA+2WikiMultiHopQA+MetaQA+benchmark+multi-hop+reasoning+evaluation&limit=6&fields=title%2Cabstract%2Cyear%2CpublicationDate%2Cvenue%2Cauthors%2CcitationCount%2CexternalIds%2Curl%2CopenAccessPdf "HTTP/1.1 429 "
{"ts": "2026-09-30T05:02:52.465517+00:00", "level": "info", "logger": "researchforge.http", "msg": "retrying request", "host": "api.semanticscholar.org", "attempt": 1, "delay_s": 2.45, "error": "HTTP 429"}
HTTP Request: GET https://api.crossref.org/works?query.bibliographic=HotpotQA+2WikiMultiHopQA+MetaQA+benchmark+multi-hop+reasoning+evaluation&rows=6 "HTTP/1.1 200 OK"
HTTP Request: GET https://api.semanticscholar.org/graph/v1/paper/search?query=HotpotQA+2WikiMultiHopQA+MetaQA+benchmark+multi-hop+reasoning+evaluation&limit=6&fields=title%2Cabstract%2Cyear%2CpublicationDate%2Cvenue%2Cauthors%2CcitationCount%2CexternalIds%2Curl%2CopenAccessPdf "HTTP/1.1 429 "
{"ts": "2026-09-30T05:02:55.214342+00:00", "level": "info", "logger": "researchforge.http", "msg": "retrying request", "host": "api.semanticscholar.org", "attempt": 2, "delay_s": 3.41, "error": "HTTP 429"}
HTTP Request: GET https://api.semanticscholar.org/graph/v1/paper/search?query=HotpotQA+2WikiMultiHopQA+MetaQA+benchmark+multi-hop+reasoning+evaluation&limit=6&fields=title%2Cabstract%2Cyear%2CpublicationDate%2Cvenue%2Cauthors%2CcitationCount%2CexternalIds%2Curl%2CopenAccessPdf "HTTP/1.1 429 "
{"ts": "2026-09-30T05:02:59.395525+00:00", "level": "info", "logger": "researchforge.http", "msg": "retrying request", "host": "api.semanticscholar.org", "attempt": 3, "delay_s": 6.59, "error": "HTTP 429"}
HTTP Request: GET https://api.semanticscholar.org/graph/v1/paper/search?query=HotpotQA+2WikiMultiHopQA+MetaQA+benchmark+multi-hop+reasoning+evaluation&limit=6&fields=title%2Cabstract%2Cyear%2CpublicationDate%2Cvenue%2Cauthors%2CcitationCount%2CexternalIds%2Curl%2CopenAccessPdf "HTTP/1.1 200 OK"
HTTP Request: GET https://api.openalex.org/works?search=HotpotQA+2WikiMultiHopQA+MetaQA+benchmark+multi-hop+reasoning+evaluation&per-page=6 "HTTP/1.1 429 Too Many Requests"
{"ts": "2026-09-30T05:03:30.132613+00:00", "level": "info", "logger": "researchforge.http", "msg": "retrying request", "host": "api.openalex.org", "attempt": 2, "delay_s": 35.0, "error": "HTTP 429"}
HTTP Request: GET https://api.openalex.org/works?search=HotpotQA+2WikiMultiHopQA+MetaQA+benchmark+multi-hop+reasoning+evaluation&per-page=6 "HTTP/1.1 200 OK"
HTTP Request: GET https://api.openalex.org/works?search=iterative+data+repair+self-training+noisy+knowledge+graph+facts+error+correction&per-page=6 "HTTP/1.1 429 Too Many Requests"
{"ts": "2026-09-30T05:04:08.153900+00:00", "level": "info", "logger": "researchforge.http", "msg": "retrying request", "host": "api.openalex.org", "attempt": 1, "delay_s": 36.0, "error": "HTTP 429"}
HTTP Request: GET https://api.semanticscholar.org/graph/v1/paper/search?query=iterative+data+repair+self-training+noisy+knowledge+graph+facts+error+correction&limit=6&fields=title%2Cabstract%2Cyear%2CpublicationDate%2Cvenue%2Cauthors%2CcitationCount%2CexternalIds%2Curl%2CopenAccessPdf "HTTP/1.1 429 "
{"ts": "2026-09-30T05:04:08.211397+00:00", "level": "info", "logger": "researchforge.http", "msg": "retrying request", "host": "api.semanticscholar.org", "attempt": 1, "delay_s": 1.84, "error": "HTTP 429"}
HTTP Request: GET https://export.arxiv.org/api/query?search_query=all%3Aiterative+AND+all%3Adata+AND+all%3Arepair+AND+all%3Aself-training+AND+all%3Anoisy+AND+all%3Aknowledge+AND+all%3Agraph+AND+all%3Afacts&start=0&max_results=6&sortBy=relevance "HTTP/1.1 200 OK"
HTTP Request: GET https://api.crossref.org/works?query.bibliographic=iterative+data+repair+self-training+noisy+knowledge+graph+facts+error+correction&rows=6 "HTTP/1.1 200 OK"
HTTP Request: GET https://api.semanticscholar.org/graph/v1/paper/search?query=iterative+data+repair+self-training+noisy+knowledge+graph+facts+error+correction&limit=6&fields=title%2Cabstract%2Cyear%2CpublicationDate%2Cvenue%2Cauthors%2CcitationCount%2CexternalIds%2Curl%2CopenAccessPdf "HTTP/1.1 429 "
{"ts": "2026-09-30T05:04:10.353336+00:00", "level": "info", "logger": "researchforge.http", "msg": "retrying request", "host": "api.semanticscholar.org", "attempt": 2, "delay_s": 3.62, "error": "HTTP 429"}
HTTP Request: GET https://api.semanticscholar.org/graph/v1/paper/search?query=iterative+data+repair+self-training+noisy+knowledge+graph+facts+error+correction&limit=6&fields=title%2Cabstract%2Cyear%2CpublicationDate%2Cvenue%2Cauthors%2CcitationCount%2CexternalIds%2Curl%2CopenAccessPdf "HTTP/1.1 429 "
{"ts": "2026-09-30T05:04:14.939400+00:00", "level": "info", "logger": "researchforge.http", "msg": "retrying request", "host": "api.semanticscholar.org", "attempt": 3, "delay_s": 6.96, "error": "HTTP 429"}
HTTP Request: GET https://api.semanticscholar.org/graph/v1/paper/search?query=iterative+data+repair+self-training+noisy+knowledge+graph+facts+error+correction&limit=6&fields=title%2Cabstract%2Cyear%2CpublicationDate%2Cvenue%2Cauthors%2CcitationCount%2CexternalIds%2Curl%2CopenAccessPdf "HTTP/1.1 429 "
{"ts": "2026-09-30T05:04:23.052606+00:00", "level": "info", "logger": "researchforge.http", "msg": "retrying request", "host": "api.semanticscholar.org", "attempt": 4, "delay_s": 12.8, "error": "HTTP 429"}
HTTP Request: GET https://api.semanticscholar.org/graph/v1/paper/search?query=iterative+data+repair+self-training+noisy+knowledge+graph+facts+error+correction&limit=6&fields=title%2Cabstract%2Cyear%2CpublicationDate%2Cvenue%2Cauthors%2CcitationCount%2CexternalIds%2Curl%2CopenAccessPdf "HTTP/1.1 429 "
HTTP Request: GET https://api.openalex.org/works?search=iterative+data+repair+self-training+noisy+knowledge+graph+facts+error+correction&per-page=6 "HTTP/1.1 200 OK"
{"ts": "2026-09-30T05:04:47.851397+00:00", "level": "warning", "logger": "researchforge.toolkit", "msg": "source failed", "source": "semantic_scholar", "error": "api.semanticscholar.org failed after 5 attempts (HTTP 429)"}
