HTTP Request: GET https://api.openalex.org/works?search=context+subgraph+triple+supervision+multi-hop+knowledge+graph+question+answering&per-page=8 "HTTP/1.1 429 Too Many Requests"
{"ts": "2026-09-30T04:59:28.024610+00:00", "level": "info", "logger": "researchforge.http", "msg": "retrying request", "host": "api.openalex.org", "attempt": 1, "delay_s": 30.0, "error": "HTTP 429"}
HTTP Request: GET https://export.arxiv.org/api/query?search_query=all%3Acontext+AND+all%3Asubgraph+AND+all%3Atriple+AND+all%3Asupervision+AND+all%3Amulti-hop+AND+all%3Aknowledge+AND+all%3Agraph+AND+all%3Aquestion&start=0&max_results=8&sortBy=relevance "HTTP/1.1 200 OK"
HTTP Request: GET https://api.semanticscholar.org/graph/v1/paper/search?query=context+subgraph+triple+supervision+multi-hop+knowledge+graph+question+answering&limit=8&fields=title%2Cabstract%2Cyear%2CpublicationDate%2Cvenue%2Cauthors%2CcitationCount%2CexternalIds%2Curl%2CopenAccessPdf "HTTP/1.1 429 "
{"ts": "2026-09-30T04:59:28.530912+00:00", "level": "info", "logger": "researchforge.http", "msg": "retrying request", "host": "api.semanticscholar.org", "attempt": 1, "delay_s": 1.68, "error": "HTTP 429"}
HTTP Request: GET https://api.crossref.org/works?query.bibliographic=context+subgraph+triple+supervision+multi-hop+knowledge+graph+question+answering&rows=8 "HTTP/1.1 200 OK"
HTTP Request: GET https://api.semanticscholar.org/graph/v1/paper/search?query=context+subgraph+triple+supervision+multi-hop+knowledge+graph+question+answering&limit=8&fields=title%2Cabstract%2Cyear%2CpublicationDate%2Cvenue%2Cauthors%2CcitationCount%2CexternalIds%2Curl%2CopenAccessPdf "HTTP/1.1 429 "
{"ts": "2026-09-30T04:59:30.968000+00:00", "level": "info", "logger": "researchforge.http", "msg": "retrying request", "host": "api.semanticscholar.org", "attempt": 2, "delay_s": 3.52, "error": "HTTP 429"}
HTTP Request: GET https://api.semanticscholar.org/graph/v1/paper/search?query=context+subgraph+triple+supervision+multi-hop+knowledge+graph+question+answering&limit=8&fields=title%2Cabstract%2Cyear%2CpublicationDate%2Cvenue%2Cauthors%2CcitationCount%2CexternalIds%2Curl%2CopenAccessPdf "HTTP/1.1 429 "
{"ts": "2026-09-30T04:59:37.164498+00:00", "level": "info", "logger": "researchforge.http", "msg": "retrying request", "host": "api.semanticscholar.org", "attempt": 3, "delay_s": 6.42, "error": "HTTP 429"}
HTTP Request: GET https://api.semanticscholar.org/graph/v1/paper/search?query=context+subgraph+triple+supervision+multi-hop+knowledge+graph+question+answering&limit=8&fields=title%2Cabstract%2Cyear%2CpublicationDate%2Cvenue%2Cauthors%2CcitationCount%2CexternalIds%2Curl%2CopenAccessPdf "HTTP/1.1 429 "
{"ts": "2026-09-30T04:59:44.427738+00:00", "level": "info", "logger": "researchforge.http", "msg": "retrying request", "host": "api.semanticscholar.org", "attempt": 4, "delay_s": 12.01, "error": "HTTP 429"}
HTTP Request: GET https://api.semanticscholar.org/graph/v1/paper/search?query=context+subgraph+triple+supervision+multi-hop+knowledge+graph+question+answering&limit=8&fields=title%2Cabstract%2Cyear%2CpublicationDate%2Cvenue%2Cauthors%2CcitationCount%2CexternalIds%2Curl%2CopenAccessPdf "HTTP/1.1 429 "
HTTP Request: GET https://api.openalex.org/works?search=context+subgraph+triple+supervision+multi-hop+knowledge+graph+question+answering&per-page=8 "HTTP/1.1 200 OK"
{"ts": "2026-09-30T05:00:01.252012+00:00", "level": "warning", "logger": "researchforge.toolkit", "msg": "source failed", "source": "semantic_scholar", "error": "api.semanticscholar.org failed after 5 attempts (HTTP 429)"}
HTTP Request: GET https://api.openalex.org/works?search=fine-tuning+large+language+models+on+knowledge+graph+triples+with+context+passage+multi-hop+question+answering&per-page=8 "HTTP/1.1 429 Too Many Requests"
{"ts": "2026-09-30T05:00:03.291548+00:00", "level": "info", "logger": "researchforge.http", "msg": "retrying request", "host": "api.openalex.org", "attempt": 1, "delay_s": 33.0, "error": "HTTP 429"}
HTTP Request: GET https://export.arxiv.org/api/query?search_query=all%3Afine-tuning+AND+all%3Alarge+AND+all%3Alanguage+AND+all%3Amodels+AND+all%3Aknowledge+AND+all%3Agraph+AND+all%3Atriples+AND+all%3Acontext&start=0&max_results=8&sortBy=relevance "HTTP/1.1 200 OK"
HTTP Request: GET https://api.semanticscholar.org/graph/v1/paper/search?query=fine-tuning+large+language+models+on+knowledge+graph+triples+with+context+passage+multi-hop+question+answering&limit=8&fields=title%2Cabstract%2Cyear%2CpublicationDate%2Cvenue%2Cauthors%2CcitationCount%2CexternalIds%2Curl%2CopenAccessPdf "HTTP/1.1 429 "
{"ts": "2026-09-30T05:00:04.601541+00:00", "level": "info", "logger": "researchforge.http", "msg": "retrying request", "host": "api.semanticscholar.org", "attempt": 1, "delay_s": 2.19, "error": "HTTP 429"}
HTTP Request: GET https://api.crossref.org/works?query.bibliographic=fine-tuning+large+language+models+on+knowledge+graph+triples+with+context+passage+multi-hop+question+answering&rows=8 "HTTP/1.1 200 OK"
HTTP Request: GET https://api.semanticscholar.org/graph/v1/paper/search?query=fine-tuning+large+language+models+on+knowledge+graph+triples+with+context+passage+multi-hop+question+answering&limit=8&fields=title%2Cabstract%2Cyear%2CpublicationDate%2Cvenue%2Cauthors%2CcitationCount%2CexternalIds%2Curl%2CopenAccessPdf "HTTP/1.1 429 "
{"ts": "2026-09-30T05:00:09.512229+00:00", "level": "info", "logger": "researchforge.http", "msg": "retrying request", "host": "api.semanticscholar.org", "attempt": 2, "delay_s": 3.46, "error": "HTTP 429"}
HTTP Request: GET https://api.semanticscholar.org/graph/v1/paper/search?query=fine-tuning+large+language+models+on+knowledge+graph+triples+with+context+passage+multi-hop+question+answering&limit=8&fields=title%2Cabstract%2Cyear%2CpublicationDate%2Cvenue%2Cauthors%2CcitationCount%2CexternalIds%2Curl%2CopenAccessPdf "HTTP/1.1 429 "
{"ts": "2026-09-30T05:00:13.739532+00:00", "level": "info", "logger": "researchforge.http", "msg": "retrying request", "host": "api.semanticscholar.org", "attempt": 3, "delay_s": 6.86, "error": "HTTP 429"}
HTTP Request: GET https://api.semanticscholar.org/graph/v1/paper/search?query=fine-tuning+large+language+models+on+knowledge+graph+triples+with+context+passage+multi-hop+question+answering&limit=8&fields=title%2Cabstract%2Cyear%2CpublicationDate%2Cvenue%2Cauthors%2CcitationCount%2CexternalIds%2Curl%2CopenAccessPdf "HTTP/1.1 429 "
{"ts": "2026-09-30T05:00:21.490102+00:00", "level": "info", "logger": "researchforge.http", "msg": "retrying request", "host": "api.semanticscholar.org", "attempt": 4, "delay_s": 12.05, "error": "HTTP 429"}
HTTP Request: GET https://api.semanticscholar.org/graph/v1/paper/search?query=fine-tuning+large+language+models+on+knowledge+graph+triples+with+context+passage+multi-hop+question+answering&limit=8&fields=title%2Cabstract%2Cyear%2CpublicationDate%2Cvenue%2Cauthors%2CcitationCount%2CexternalIds%2Curl%2CopenAccessPdf "HTTP/1.1 429 "
HTTP Request: GET https://api.openalex.org/works?search=fine-tuning+large+language+models+on+knowledge+graph+triples+with+context+passage+multi-hop+question+answering&per-page=8 "HTTP/1.1 429 Too Many Requests"
{"ts": "2026-09-30T05:00:36.621518+00:00", "level": "info", "logger": "researchforge.http", "msg": "retrying request", "host": "api.openalex.org", "attempt": 2, "delay_s": 35.0, "error": "HTTP 429"}
HTTP Request: GET https://api.openalex.org/works?search=fine-tuning+large+language+models+on+knowledge+graph+triples+with+context+passage+multi-hop+question+answering&per-page=8 "HTTP/1.1 200 OK"
{"ts": "2026-09-30T05:01:15.225416+00:00", "level": "warning", "logger": "researchforge.toolkit", "msg": "source failed", "source": "semantic_scholar", "error": "api.semanticscholar.org failed after 5 attempts (HTTP 429)"}
HTTP Request: GET https://export.arxiv.org/api/query?search_query=all%3Areinforcement+AND+all%3Alearning+AND+all%3Atraining+AND+all%3Asimpler+AND+all%3Aquestions+AND+all%3Atransferring+AND+all%3Amulti-hop+AND+all%3Areasoning&start=0&max_results=8&sortBy=relevance "HTTP/1.1 200 OK"
HTTP Request: GET https://api.semanticscholar.org/graph/v1/paper/search?query=reinforcement+learning+training+on+simpler+questions+transferring+to+multi-hop+reasoning&limit=8&fields=title%2Cabstract%2Cyear%2CpublicationDate%2Cvenue%2Cauthors%2CcitationCount%2CexternalIds%2Curl%2CopenAccessPdf "HTTP/1.1 429 "
{"ts": "2026-09-30T05:01:16.161151+00:00", "level": "info", "logger": "researchforge.http", "msg": "retrying request", "host": "api.semanticscholar.org", "attempt": 1, "delay_s": 1.6, "error": "HTTP 429"}
HTTP Request: GET https://api.crossref.org/works?query.bibliographic=reinforcement+learning+training+on+simpler+questions+transferring+to+multi-hop+reasoning&rows=8 "HTTP/1.1 200 OK"
HTTP Request: GET https://api.openalex.org/works?search=reinforcement+learning+training+on+simpler+questions+transferring+to+multi-hop+reasoning&per-page=8 "HTTP/1.1 200 OK"
HTTP Request: GET https://api.semanticscholar.org/graph/v1/paper/search?query=reinforcement+learning+training+on+simpler+questions+transferring+to+multi-hop+reasoning&limit=8&fields=title%2Cabstract%2Cyear%2CpublicationDate%2Cvenue%2Cauthors%2CcitationCount%2CexternalIds%2Curl%2CopenAccessPdf "HTTP/1.1 429 "
{"ts": "2026-09-30T05:01:18.530228+00:00", "level": "info", "logger": "researchforge.http", "msg": "retrying request", "host": "api.semanticscholar.org", "attempt": 2, "delay_s": 3.03, "error": "HTTP 429"}
HTTP Request: GET https://api.semanticscholar.org/graph/v1/paper/search?query=reinforcement+learning+training+on+simpler+questions+transferring+to+multi-hop+reasoning&limit=8&fields=title%2Cabstract%2Cyear%2CpublicationDate%2Cvenue%2Cauthors%2CcitationCount%2CexternalIds%2Curl%2CopenAccessPdf "HTTP/1.1 429 "
{"ts": "2026-09-30T05:01:22.322751+00:00", "level": "info", "logger": "researchforge.http", "msg": "retrying request", "host": "api.semanticscholar.org", "attempt": 3, "delay_s": 6.46, "error": "HTTP 429"}
HTTP Request: GET https://api.semanticscholar.org/graph/v1/paper/search?query=reinforcement+learning+training+on+simpler+questions+transferring+to+multi-hop+reasoning&limit=8&fields=title%2Cabstract%2Cyear%2CpublicationDate%2Cvenue%2Cauthors%2CcitationCount%2CexternalIds%2Curl%2CopenAccessPdf "HTTP/1.1 429 "
{"ts": "2026-09-30T05:01:29.174015+00:00", "level": "info", "logger": "researchforge.http", "msg": "retrying request", "host": "api.semanticscholar.org", "attempt": 4, "delay_s": 12.47, "error": "HTTP 429"}
HTTP Request: GET https://api.semanticscholar.org/graph/v1/paper/search?query=reinforcement+learning+training+on+simpler+questions+transferring+to+multi-hop+reasoning&limit=8&fields=title%2Cabstract%2Cyear%2CpublicationDate%2Cvenue%2Cauthors%2CcitationCount%2CexternalIds%2Curl%2CopenAccessPdf "HTTP/1.1 429 "
{"ts": "2026-09-30T05:01:42.511774+00:00", "level": "warning", "logger": "researchforge.toolkit", "msg": "source failed", "source": "semantic_scholar", "error": "api.semanticscholar.org failed after 5 attempts (HTTP 429)"}
Tool 'record_claim' failed: "Error executing tool record_claim: evidence[0] quotes the abstract of arxiv:2609.12230, but that abstract is flagged (abstract (from arxiv) never mentions 'Repair Before Reinforce'; it may belong to another work). Call fetch_paper_text and quote the paper's own text, or mark support 'indirect'."
Tool 'record_claim' failed: "Error executing tool record_claim: evidence[0] quotes the abstract of arxiv:2609.12230, but that abstract is flagged (abstract (from arxiv) never mentions 'Repair Before Reinforce'; it may belong to another work). Call fetch_paper_text and quote the paper's own text, or mark support 'indirect'."
HTTP Request: GET https://arxiv.org/pdf/2609.12230 "HTTP/1.1 200 OK"
Tool 'record_claim' failed: "Error executing tool record_claim: evidence[0] quotes the abstract of arxiv:2609.12230, but that abstract is flagged (abstract (from arxiv) never mentions 'Repair Before Reinforce'; it may belong to another work). Call fetch_paper_text and quote the paper's own text, or mark support 'indirect'."
Tool 'record_claim' failed: "Error executing tool record_claim: evidence[0] quotes the abstract of arxiv:2609.12230, but that abstract is flagged (abstract (from arxiv) never mentions 'Repair Before Reinforce'; it may belong to another work). Call fetch_paper_text and quote the paper's own text, or mark support 'indirect'."
Tool 'record_claim' failed: "Error executing tool record_claim: evidence[1] claims direct support from arxiv:2609.12230 but its quote (not found verbatim) could not be verified. Provide an exact quote of at least 20 characters, or mark support as 'indirect'/'weak'."
