HTTP Request: GET https://api.openalex.org/works?search=context-aware+knowledge+graph+completion+neighboring+triples+graph+context+subgraph+encoder&per-page=6 "HTTP/1.1 429 Too Many Requests"
{"ts": "2026-09-30T05:02:38.539514+00:00", "level": "info", "logger": "researchforge.http", "msg": "retrying request", "host": "api.openalex.org", "attempt": 1, "delay_s": 37.0, "error": "HTTP 429"}
HTTP Request: GET https://api.semanticscholar.org/graph/v1/paper/search?query=context-aware+knowledge+graph+completion+neighboring+triples+graph+context+subgraph+encoder&limit=6&fields=title%2Cabstract%2Cyear%2CpublicationDate%2Cvenue%2Cauthors%2CcitationCount%2CexternalIds%2Curl%2CopenAccessPdf "HTTP/1.1 429 "
{"ts": "2026-09-30T05:02:38.597820+00:00", "level": "info", "logger": "researchforge.http", "msg": "retrying request", "host": "api.semanticscholar.org", "attempt": 1, "delay_s": 1.99, "error": "HTTP 429"}
HTTP Request: GET https://export.arxiv.org/api/query?search_query=all%3Acontext-aware+AND+all%3Aknowledge+AND+all%3Agraph+AND+all%3Acompletion+AND+all%3Aneighboring+AND+all%3Atriples+AND+all%3Agraph+AND+all%3Acontext&start=0&max_results=6&sortBy=relevance "HTTP/1.1 200 OK"
HTTP Request: GET https://api.crossref.org/works?query.bibliographic=context-aware+knowledge+graph+completion+neighboring+triples+graph+context+subgraph+encoder&rows=6 "HTTP/1.1 200 OK"
HTTP Request: GET https://api.semanticscholar.org/graph/v1/paper/search?query=context-aware+knowledge+graph+completion+neighboring+triples+graph+context+subgraph+encoder&limit=6&fields=title%2Cabstract%2Cyear%2CpublicationDate%2Cvenue%2Cauthors%2CcitationCount%2CexternalIds%2Curl%2CopenAccessPdf "HTTP/1.1 429 "
{"ts": "2026-09-30T05:02:40.888500+00:00", "level": "info", "logger": "researchforge.http", "msg": "retrying request", "host": "api.semanticscholar.org", "attempt": 2, "delay_s": 3.91, "error": "HTTP 429"}
HTTP Request: GET https://api.semanticscholar.org/graph/v1/paper/search?query=context-aware+knowledge+graph+completion+neighboring+triples+graph+context+subgraph+encoder&limit=6&fields=title%2Cabstract%2Cyear%2CpublicationDate%2Cvenue%2Cauthors%2CcitationCount%2CexternalIds%2Curl%2CopenAccessPdf "HTTP/1.1 429 "
{"ts": "2026-09-30T05:02:45.121397+00:00", "level": "info", "logger": "researchforge.http", "msg": "retrying request", "host": "api.semanticscholar.org", "attempt": 3, "delay_s": 6.67, "error": "HTTP 429"}
HTTP Request: GET https://api.semanticscholar.org/graph/v1/paper/search?query=context-aware+knowledge+graph+completion+neighboring+triples+graph+context+subgraph+encoder&limit=6&fields=title%2Cabstract%2Cyear%2CpublicationDate%2Cvenue%2Cauthors%2CcitationCount%2CexternalIds%2Curl%2CopenAccessPdf "HTTP/1.1 429 "
{"ts": "2026-09-30T05:02:53.405513+00:00", "level": "info", "logger": "researchforge.http", "msg": "retrying request", "host": "api.semanticscholar.org", "attempt": 4, "delay_s": 12.24, "error": "HTTP 429"}
HTTP Request: GET https://api.semanticscholar.org/graph/v1/paper/search?query=context-aware+knowledge+graph+completion+neighboring+triples+graph+context+subgraph+encoder&limit=6&fields=title%2Cabstract%2Cyear%2CpublicationDate%2Cvenue%2Cauthors%2CcitationCount%2CexternalIds%2Curl%2CopenAccessPdf "HTTP/1.1 429 "
HTTP Request: GET https://api.openalex.org/works?search=context-aware+knowledge+graph+completion+neighboring+triples+graph+context+subgraph+encoder&per-page=6 "HTTP/1.1 429 Too Many Requests"
{"ts": "2026-09-30T05:03:15.880510+00:00", "level": "info", "logger": "researchforge.http", "msg": "retrying request", "host": "api.openalex.org", "attempt": 2, "delay_s": 34.0, "error": "HTTP 429"}
HTTP Request: GET https://api.openalex.org/works?search=context-aware+knowledge+graph+completion+neighboring+triples+graph+context+subgraph+encoder&per-page=6 "HTTP/1.1 429 Too Many Requests"
{"ts": "2026-09-30T05:03:50.241256+00:00", "level": "info", "logger": "researchforge.http", "msg": "retrying request", "host": "api.openalex.org", "attempt": 3, "delay_s": 38.0, "error": "HTTP 429"}
HTTP Request: GET https://api.openalex.org/works?search=context-aware+knowledge+graph+completion+neighboring+triples+graph+context+subgraph+encoder&per-page=6 "HTTP/1.1 429 Too Many Requests"
{"ts": "2026-09-30T05:04:28.575925+00:00", "level": "info", "logger": "researchforge.http", "msg": "retrying request", "host": "api.openalex.org", "attempt": 4, "delay_s": 40.0, "error": "HTTP 429"}
HTTP Request: GET https://api.openalex.org/works?search=context-aware+knowledge+graph+completion+neighboring+triples+graph+context+subgraph+encoder&per-page=6 "HTTP/1.1 429 Too Many Requests"
{"ts": "2026-09-30T05:05:08.934828+00:00", "level": "warning", "logger": "researchforge.toolkit", "msg": "source failed", "source": "openalex", "error": "api.openalex.org failed after 5 attempts (HTTP 429)"}
{"ts": "2026-09-30T05:05:08.935110+00:00", "level": "warning", "logger": "researchforge.toolkit", "msg": "source failed", "source": "semantic_scholar", "error": "api.semanticscholar.org failed after 5 attempts (HTTP 429)"}
HTTP Request: GET https://export.arxiv.org/api/query?search_query=all%3Awebqsp+AND+all%3Acomplexwebquestions+AND+all%3Ametaqa+AND+all%3Abenchmark+AND+all%3Aevaluation+AND+all%3Amulti-hop+AND+all%3Akgqa+AND+all%3Abaselines&start=0&max_results=6&sortBy=relevance "HTTP/1.1 200 OK"
HTTP Request: GET https://api.crossref.org/works?query.bibliographic=WebQSP+ComplexWebQuestions+MetaQA+benchmark+evaluation+multi-hop+KGQA+baselines&rows=6 "HTTP/1.1 200 OK"
HTTP Request: GET https://api.openalex.org/works?search=WebQSP+ComplexWebQuestions+MetaQA+benchmark+evaluation+multi-hop+KGQA+baselines&per-page=6 "HTTP/1.1 200 OK"
HTTP Request: GET https://api.semanticscholar.org/graph/v1/paper/search?query=WebQSP+ComplexWebQuestions+MetaQA+benchmark+evaluation+multi-hop+KGQA+baselines&limit=6&fields=title%2Cabstract%2Cyear%2CpublicationDate%2Cvenue%2Cauthors%2CcitationCount%2CexternalIds%2Curl%2CopenAccessPdf "HTTP/1.1 429 "
{"ts": "2026-09-30T05:05:10.571819+00:00", "level": "info", "logger": "researchforge.http", "msg": "retrying request", "host": "api.semanticscholar.org", "attempt": 1, "delay_s": 2.23, "error": "HTTP 429"}
HTTP Request: GET https://api.semanticscholar.org/graph/v1/paper/search?query=WebQSP+ComplexWebQuestions+MetaQA+benchmark+evaluation+multi-hop+KGQA+baselines&limit=6&fields=title%2Cabstract%2Cyear%2CpublicationDate%2Cvenue%2Cauthors%2CcitationCount%2CexternalIds%2Curl%2CopenAccessPdf "HTTP/1.1 429 "
{"ts": "2026-09-30T05:05:14.376218+00:00", "level": "info", "logger": "researchforge.http", "msg": "retrying request", "host": "api.semanticscholar.org", "attempt": 2, "delay_s": 3.32, "error": "HTTP 429"}
HTTP Request: GET https://api.semanticscholar.org/graph/v1/paper/search?query=WebQSP+ComplexWebQuestions+MetaQA+benchmark+evaluation+multi-hop+KGQA+baselines&limit=6&fields=title%2Cabstract%2Cyear%2CpublicationDate%2Cvenue%2Cauthors%2CcitationCount%2CexternalIds%2Curl%2CopenAccessPdf "HTTP/1.1 429 "
{"ts": "2026-09-30T05:05:17.999340+00:00", "level": "info", "logger": "researchforge.http", "msg": "retrying request", "host": "api.semanticscholar.org", "attempt": 3, "delay_s": 6.32, "error": "HTTP 429"}
HTTP Request: GET https://api.semanticscholar.org/graph/v1/paper/search?query=WebQSP+ComplexWebQuestions+MetaQA+benchmark+evaluation+multi-hop+KGQA+baselines&limit=6&fields=title%2Cabstract%2Cyear%2CpublicationDate%2Cvenue%2Cauthors%2CcitationCount%2CexternalIds%2Curl%2CopenAccessPdf "HTTP/1.1 429 "
{"ts": "2026-09-30T05:05:25.185403+00:00", "level": "info", "logger": "researchforge.http", "msg": "retrying request", "host": "api.semanticscholar.org", "attempt": 4, "delay_s": 12.87, "error": "HTTP 429"}
HTTP Request: GET https://api.semanticscholar.org/graph/v1/paper/search?query=WebQSP+ComplexWebQuestions+MetaQA+benchmark+evaluation+multi-hop+KGQA+baselines&limit=6&fields=title%2Cabstract%2Cyear%2CpublicationDate%2Cvenue%2Cauthors%2CcitationCount%2CexternalIds%2Curl%2CopenAccessPdf "HTTP/1.1 429 "
{"ts": "2026-09-30T05:05:38.452673+00:00", "level": "warning", "logger": "researchforge.toolkit", "msg": "source failed", "source": "semantic_scholar", "error": "api.semanticscholar.org failed after 5 attempts (HTTP 429)"}
