HTTP Request: GET https://api.semanticscholar.org/graph/v1/paper/search?query=multi-hop+question+answering+knowledge+graph+language+model+training+context+subgraph&limit=5&fields=title%2Cabstract%2Cyear%2CpublicationDate%2Cvenue%2Cauthors%2CcitationCount%2CexternalIds%2Curl%2CopenAccessPdf "HTTP/1.1 429 "
{"ts": "2026-09-30T06:26:59.991516+00:00", "level": "info", "logger": "researchforge.http", "msg": "retrying request", "host": "api.semanticscholar.org", "attempt": 1, "delay_s": 1.55, "error": "HTTP 429"}
HTTP Request: GET https://export.arxiv.org/api/query?search_query=all%3Amulti-hop+AND+all%3Aquestion+AND+all%3Aanswering+AND+all%3Aknowledge+AND+all%3Agraph+AND+all%3Alanguage+AND+all%3Amodel+AND+all%3Atraining&start=0&max_results=5&sortBy=relevance "HTTP/1.1 200 OK"
HTTP Request: GET https://api.crossref.org/works?query.bibliographic=multi-hop+question+answering+knowledge+graph+language+model+training+context+subgraph&rows=5 "HTTP/1.1 200 OK"
HTTP Request: GET https://api.openalex.org/works?search=multi-hop+question+answering+knowledge+graph+language+model+training+context+subgraph&per-page=5 "HTTP/1.1 200 OK"
HTTP Request: GET https://api.semanticscholar.org/graph/v1/paper/search?query=multi-hop+question+answering+knowledge+graph+language+model+training+context+subgraph&limit=5&fields=title%2Cabstract%2Cyear%2CpublicationDate%2Cvenue%2Cauthors%2CcitationCount%2CexternalIds%2Curl%2CopenAccessPdf "HTTP/1.1 429 "
{"ts": "2026-09-30T06:27:01.862262+00:00", "level": "info", "logger": "researchforge.http", "msg": "retrying request", "host": "api.semanticscholar.org", "attempt": 2, "delay_s": 3.24, "error": "HTTP 429"}
HTTP Request: GET https://api.semanticscholar.org/graph/v1/paper/search?query=multi-hop+question+answering+knowledge+graph+language+model+training+context+subgraph&limit=5&fields=title%2Cabstract%2Cyear%2CpublicationDate%2Cvenue%2Cauthors%2CcitationCount%2CexternalIds%2Curl%2CopenAccessPdf "HTTP/1.1 429 "
{"ts": "2026-09-30T06:27:05.887592+00:00", "level": "info", "logger": "researchforge.http", "msg": "retrying request", "host": "api.semanticscholar.org", "attempt": 3, "delay_s": 6.76, "error": "HTTP 429"}
HTTP Request: GET https://api.semanticscholar.org/graph/v1/paper/search?query=multi-hop+question+answering+knowledge+graph+language+model+training+context+subgraph&limit=5&fields=title%2Cabstract%2Cyear%2CpublicationDate%2Cvenue%2Cauthors%2CcitationCount%2CexternalIds%2Curl%2CopenAccessPdf "HTTP/1.1 429 "
{"ts": "2026-09-30T06:27:13.671306+00:00", "level": "info", "logger": "researchforge.http", "msg": "retrying request", "host": "api.semanticscholar.org", "attempt": 4, "delay_s": 12.09, "error": "HTTP 429"}
HTTP Request: GET https://api.semanticscholar.org/graph/v1/paper/search?query=multi-hop+question+answering+knowledge+graph+language+model+training+context+subgraph&limit=5&fields=title%2Cabstract%2Cyear%2CpublicationDate%2Cvenue%2Cauthors%2CcitationCount%2CexternalIds%2Curl%2CopenAccessPdf "HTTP/1.1 429 "
{"ts": "2026-09-30T06:27:26.672929+00:00", "level": "warning", "logger": "researchforge.toolkit", "msg": "source failed", "source": "semantic_scholar", "error": "api.semanticscholar.org failed after 5 attempts (HTTP 429)"}
HTTP Request: GET https://export.arxiv.org/api/query?search_query=all%3Amulti-hop+AND+all%3Aquestion+AND+all%3Aanswering+AND+all%3Aevaluation+AND+all%3Ametrics+AND+all%3Aem+AND+all%3Af1+AND+all%3Ahits&start=0&max_results=5&sortBy=relevance "HTTP/1.1 200 OK"
HTTP Request: GET https://api.semanticscholar.org/graph/v1/paper/search?query=multi-hop+question+answering+evaluation+metrics+EM+F1+Hits%401&limit=5&fields=title%2Cabstract%2Cyear%2CpublicationDate%2Cvenue%2Cauthors%2CcitationCount%2CexternalIds%2Curl%2CopenAccessPdf "HTTP/1.1 429 "
{"ts": "2026-09-30T06:27:33.715359+00:00", "level": "info", "logger": "researchforge.http", "msg": "retrying request", "host": "api.semanticscholar.org", "attempt": 1, "delay_s": 1.77, "error": "HTTP 429"}
HTTP Request: GET https://api.crossref.org/works?query.bibliographic=multi-hop+question+answering+evaluation+metrics+EM+F1+Hits%401&rows=5 "HTTP/1.1 200 OK"
HTTP Request: GET https://api.semanticscholar.org/graph/v1/paper/search?query=multi-hop+question+answering+evaluation+metrics+EM+F1+Hits%401&limit=5&fields=title%2Cabstract%2Cyear%2CpublicationDate%2Cvenue%2Cauthors%2CcitationCount%2CexternalIds%2Curl%2CopenAccessPdf "HTTP/1.1 429 "
{"ts": "2026-09-30T06:27:35.804845+00:00", "level": "info", "logger": "researchforge.http", "msg": "retrying request", "host": "api.semanticscholar.org", "attempt": 2, "delay_s": 3.43, "error": "HTTP 429"}
HTTP Request: GET https://api.openalex.org/works?search=multi-hop+question+answering+evaluation+metrics+EM+F1+Hits%401&per-page=5 "HTTP/1.1 200 OK"
HTTP Request: GET https://api.semanticscholar.org/graph/v1/paper/search?query=multi-hop+question+answering+evaluation+metrics+EM+F1+Hits%401&limit=5&fields=title%2Cabstract%2Cyear%2CpublicationDate%2Cvenue%2Cauthors%2CcitationCount%2CexternalIds%2Curl%2CopenAccessPdf "HTTP/1.1 429 "
{"ts": "2026-09-30T06:27:40.040130+00:00", "level": "info", "logger": "researchforge.http", "msg": "retrying request", "host": "api.semanticscholar.org", "attempt": 3, "delay_s": 6.68, "error": "HTTP 429"}
HTTP Request: GET https://api.semanticscholar.org/graph/v1/paper/search?query=multi-hop+question+answering+evaluation+metrics+EM+F1+Hits%401&limit=5&fields=title%2Cabstract%2Cyear%2CpublicationDate%2Cvenue%2Cauthors%2CcitationCount%2CexternalIds%2Curl%2CopenAccessPdf "HTTP/1.1 429 "
{"ts": "2026-09-30T06:27:47.627126+00:00", "level": "info", "logger": "researchforge.http", "msg": "retrying request", "host": "api.semanticscholar.org", "attempt": 4, "delay_s": 12.7, "error": "HTTP 429"}
HTTP Request: GET https://api.semanticscholar.org/graph/v1/paper/search?query=multi-hop+question+answering+evaluation+metrics+EM+F1+Hits%401&limit=5&fields=title%2Cabstract%2Cyear%2CpublicationDate%2Cvenue%2Cauthors%2CcitationCount%2CexternalIds%2Curl%2CopenAccessPdf "HTTP/1.1 429 "
{"ts": "2026-09-30T06:28:00.777713+00:00", "level": "warning", "logger": "researchforge.toolkit", "msg": "source failed", "source": "semantic_scholar", "error": "api.semanticscholar.org failed after 5 attempts (HTTP 429)"}
HTTP Request: GET https://export.arxiv.org/api/query?search_query=all%3Aextracting+AND+all%3Atriples+AND+all%3Atext+AND+all%3Aknowledge+AND+all%3Agraph+AND+all%3Aquestion+AND+all%3Aanswering&start=0&max_results=5&sortBy=relevance "HTTP/1.1 200 OK"
HTTP Request: GET https://api.semanticscholar.org/graph/v1/paper/search?query=extracting+triples+from+text+for+knowledge+graph+question+answering&limit=5&fields=title%2Cabstract%2Cyear%2CpublicationDate%2Cvenue%2Cauthors%2CcitationCount%2CexternalIds%2Curl%2CopenAccessPdf "HTTP/1.1 429 "
{"ts": "2026-09-30T06:28:10.953715+00:00", "level": "info", "logger": "researchforge.http", "msg": "retrying request", "host": "api.semanticscholar.org", "attempt": 1, "delay_s": 2.01, "error": "HTTP 429"}
HTTP Request: GET https://api.crossref.org/works?query.bibliographic=extracting+triples+from+text+for+knowledge+graph+question+answering&rows=5 "HTTP/1.1 200 OK"
HTTP Request: GET https://api.openalex.org/works?search=extracting+triples+from+text+for+knowledge+graph+question+answering&per-page=5 "HTTP/1.1 200 OK"
HTTP Request: GET https://api.semanticscholar.org/graph/v1/paper/search?query=extracting+triples+from+text+for+knowledge+graph+question+answering&limit=5&fields=title%2Cabstract%2Cyear%2CpublicationDate%2Cvenue%2Cauthors%2CcitationCount%2CexternalIds%2Curl%2CopenAccessPdf "HTTP/1.1 429 "
{"ts": "2026-09-30T06:28:13.274483+00:00", "level": "info", "logger": "researchforge.http", "msg": "retrying request", "host": "api.semanticscholar.org", "attempt": 2, "delay_s": 3.09, "error": "HTTP 429"}
HTTP Request: GET https://api.semanticscholar.org/graph/v1/paper/search?query=extracting+triples+from+text+for+knowledge+graph+question+answering&limit=5&fields=title%2Cabstract%2Cyear%2CpublicationDate%2Cvenue%2Cauthors%2CcitationCount%2CexternalIds%2Curl%2CopenAccessPdf "HTTP/1.1 429 "
{"ts": "2026-09-30T06:28:16.685980+00:00", "level": "info", "logger": "researchforge.http", "msg": "retrying request", "host": "api.semanticscholar.org", "attempt": 3, "delay_s": 6.29, "error": "HTTP 429"}
HTTP Request: GET https://api.semanticscholar.org/graph/v1/paper/search?query=extracting+triples+from+text+for+knowledge+graph+question+answering&limit=5&fields=title%2Cabstract%2Cyear%2CpublicationDate%2Cvenue%2Cauthors%2CcitationCount%2CexternalIds%2Curl%2CopenAccessPdf "HTTP/1.1 429 "
{"ts": "2026-09-30T06:28:23.920358+00:00", "level": "info", "logger": "researchforge.http", "msg": "retrying request", "host": "api.semanticscholar.org", "attempt": 4, "delay_s": 12.24, "error": "HTTP 429"}
HTTP Request: GET https://api.semanticscholar.org/graph/v1/paper/search?query=extracting+triples+from+text+for+knowledge+graph+question+answering&limit=5&fields=title%2Cabstract%2Cyear%2CpublicationDate%2Cvenue%2Cauthors%2CcitationCount%2CexternalIds%2Curl%2CopenAccessPdf "HTTP/1.1 429 "
{"ts": "2026-09-30T06:28:37.233149+00:00", "level": "warning", "logger": "researchforge.toolkit", "msg": "source failed", "source": "semantic_scholar", "error": "api.semanticscholar.org failed after 5 attempts (HTTP 429)"}
