HTTP Request: GET https://export.arxiv.org/api/query?search_query=all%3Atemporal+AND+all%3Arelevance+AND+all%3Aretrieval+AND+all%3Aopen-domain+AND+all%3Aquestion+AND+all%3Aanswering+AND+all%3Adocument+AND+all%3Aversioning+AND+submittedDate%3A%5B190001010000+TO+202609092359%5D&start=0&max_results=5&sortBy=relevance "HTTP/1.1 200 OK"
HTTP Request: GET https://api.semanticscholar.org/graph/v1/paper/search?query=temporal+relevance+retrieval+open-domain+question+answering+document+versioning&limit=5&fields=title%2Cabstract%2Cyear%2CpublicationDate%2Cvenue%2Cauthors%2CcitationCount%2CexternalIds%2Curl%2CopenAccessPdf&publicationDateOrYear=%3A2026-09-09 "HTTP/1.1 429 "
{"ts": "2026-09-30T10:30:36.954025+00:00", "level": "info", "logger": "researchforge.http", "msg": "retrying request", "host": "api.semanticscholar.org", "attempt": 1, "delay_s": 2.2, "error": "HTTP 429"}
HTTP Request: GET https://api.crossref.org/works?query.bibliographic=temporal+relevance+retrieval+open-domain+question+answering+document+versioning&rows=5&filter=until-pub-date%3A2026-09-09 "HTTP/1.1 200 OK"
HTTP Request: GET https://api.semanticscholar.org/graph/v1/paper/search?query=temporal+relevance+retrieval+open-domain+question+answering+document+versioning&limit=5&fields=title%2Cabstract%2Cyear%2CpublicationDate%2Cvenue%2Cauthors%2CcitationCount%2CexternalIds%2Curl%2CopenAccessPdf&publicationDateOrYear=%3A2026-09-09 "HTTP/1.1 429 "
{"ts": "2026-09-30T10:30:39.985275+00:00", "level": "info", "logger": "researchforge.http", "msg": "retrying request", "host": "api.semanticscholar.org", "attempt": 2, "delay_s": 3.55, "error": "HTTP 429"}
HTTP Request: GET https://api.openalex.org/works?search=temporal+relevance+retrieval+open-domain+question+answering+document+versioning&per-page=5&filter=to_publication_date%3A2026-09-09 "HTTP/1.1 200 OK"
HTTP Request: GET https://api.semanticscholar.org/graph/v1/paper/search?query=temporal+relevance+retrieval+open-domain+question+answering+document+versioning&limit=5&fields=title%2Cabstract%2Cyear%2CpublicationDate%2Cvenue%2Cauthors%2CcitationCount%2CexternalIds%2Curl%2CopenAccessPdf&publicationDateOrYear=%3A2026-09-09 "HTTP/1.1 429 "
{"ts": "2026-09-30T10:30:43.838243+00:00", "level": "info", "logger": "researchforge.http", "msg": "retrying request", "host": "api.semanticscholar.org", "attempt": 3, "delay_s": 6.78, "error": "HTTP 429"}
HTTP Request: GET https://api.semanticscholar.org/graph/v1/paper/search?query=temporal+relevance+retrieval+open-domain+question+answering+document+versioning&limit=5&fields=title%2Cabstract%2Cyear%2CpublicationDate%2Cvenue%2Cauthors%2CcitationCount%2CexternalIds%2Curl%2CopenAccessPdf&publicationDateOrYear=%3A2026-09-09 "HTTP/1.1 429 "
{"ts": "2026-09-30T10:30:51.455566+00:00", "level": "info", "logger": "researchforge.http", "msg": "retrying request", "host": "api.semanticscholar.org", "attempt": 4, "delay_s": 12.65, "error": "HTTP 429"}
HTTP Request: GET https://api.semanticscholar.org/graph/v1/paper/search?query=temporal+relevance+retrieval+open-domain+question+answering+document+versioning&limit=5&fields=title%2Cabstract%2Cyear%2CpublicationDate%2Cvenue%2Cauthors%2CcitationCount%2CexternalIds%2Curl%2CopenAccessPdf&publicationDateOrYear=%3A2026-09-09 "HTTP/1.1 429 "
{"ts": "2026-09-30T10:31:04.959585+00:00", "level": "warning", "logger": "researchforge.toolkit", "msg": "source failed", "source": "semantic_scholar", "error": "api.semanticscholar.org failed after 5 attempts (HTTP 429)"}
HTTP Request: GET https://export.arxiv.org/api/query?search_query=all%3Atemporal+AND+all%3Adocument+AND+all%3Aversioning+AND+all%3Aquestion+AND+all%3Aanswering+AND+submittedDate%3A%5B190001010000+TO+202609092359%5D&start=0&max_results=5&sortBy=relevance "HTTP/1.1 200 OK"
HTTP Request: GET https://api.semanticscholar.org/graph/v1/paper/search?query=temporal+document+versioning+question+answering&limit=5&fields=title%2Cabstract%2Cyear%2CpublicationDate%2Cvenue%2Cauthors%2CcitationCount%2CexternalIds%2Curl%2CopenAccessPdf&publicationDateOrYear=%3A2026-09-09 "HTTP/1.1 429 "
{"ts": "2026-09-30T10:31:11.313080+00:00", "level": "info", "logger": "researchforge.http", "msg": "retrying request", "host": "api.semanticscholar.org", "attempt": 1, "delay_s": 1.83, "error": "HTTP 429"}
HTTP Request: GET https://api.crossref.org/works?query.bibliographic=temporal+document+versioning+question+answering&rows=5&filter=until-pub-date%3A2026-09-09 "HTTP/1.1 200 OK"
HTTP Request: GET https://api.openalex.org/works?search=temporal+document+versioning+question+answering&per-page=5&filter=to_publication_date%3A2026-09-09 "HTTP/1.1 200 OK"
HTTP Request: GET https://api.semanticscholar.org/graph/v1/paper/search?query=temporal+document+versioning+question+answering&limit=5&fields=title%2Cabstract%2Cyear%2CpublicationDate%2Cvenue%2Cauthors%2CcitationCount%2CexternalIds%2Curl%2CopenAccessPdf&publicationDateOrYear=%3A2026-09-09 "HTTP/1.1 429 "
{"ts": "2026-09-30T10:31:13.906871+00:00", "level": "info", "logger": "researchforge.http", "msg": "retrying request", "host": "api.semanticscholar.org", "attempt": 2, "delay_s": 3.66, "error": "HTTP 429"}
HTTP Request: GET https://api.semanticscholar.org/graph/v1/paper/search?query=temporal+document+versioning+question+answering&limit=5&fields=title%2Cabstract%2Cyear%2CpublicationDate%2Cvenue%2Cauthors%2CcitationCount%2CexternalIds%2Curl%2CopenAccessPdf&publicationDateOrYear=%3A2026-09-09 "HTTP/1.1 429 "
{"ts": "2026-09-30T10:31:18.323570+00:00", "level": "info", "logger": "researchforge.http", "msg": "retrying request", "host": "api.semanticscholar.org", "attempt": 3, "delay_s": 6.02, "error": "HTTP 429"}
HTTP Request: GET https://api.semanticscholar.org/graph/v1/paper/search?query=temporal+document+versioning+question+answering&limit=5&fields=title%2Cabstract%2Cyear%2CpublicationDate%2Cvenue%2Cauthors%2CcitationCount%2CexternalIds%2Curl%2CopenAccessPdf&publicationDateOrYear=%3A2026-09-09 "HTTP/1.1 429 "
{"ts": "2026-09-30T10:31:25.184260+00:00", "level": "info", "logger": "researchforge.http", "msg": "retrying request", "host": "api.semanticscholar.org", "attempt": 4, "delay_s": 12.55, "error": "HTTP 429"}
HTTP Request: GET https://api.semanticscholar.org/graph/v1/paper/search?query=temporal+document+versioning+question+answering&limit=5&fields=title%2Cabstract%2Cyear%2CpublicationDate%2Cvenue%2Cauthors%2CcitationCount%2CexternalIds%2Curl%2CopenAccessPdf&publicationDateOrYear=%3A2026-09-09 "HTTP/1.1 429 "
{"ts": "2026-09-30T10:31:38.574091+00:00", "level": "warning", "logger": "researchforge.toolkit", "msg": "source failed", "source": "semantic_scholar", "error": "api.semanticscholar.org failed after 5 attempts (HTTP 429)"}
HTTP Request: GET https://export.arxiv.org/api/query?search_query=all%3Atemporal+AND+all%3Aweighting+AND+all%3Afunction+AND+all%3Aretrieval+AND+all%3Aquestion+AND+all%3Aanswering+AND+submittedDate%3A%5B190001010000+TO+202609092359%5D&start=0&max_results=5&sortBy=relevance "HTTP/1.1 200 OK"
HTTP Request: GET https://api.semanticscholar.org/graph/v1/paper/search?query=temporal+weighting+function+retrieval+question+answering&limit=5&fields=title%2Cabstract%2Cyear%2CpublicationDate%2Cvenue%2Cauthors%2CcitationCount%2CexternalIds%2Curl%2CopenAccessPdf&publicationDateOrYear=%3A2026-09-09 "HTTP/1.1 429 "
{"ts": "2026-09-30T10:31:49.444136+00:00", "level": "info", "logger": "researchforge.http", "msg": "retrying request", "host": "api.semanticscholar.org", "attempt": 1, "delay_s": 1.67, "error": "HTTP 429"}
HTTP Request: GET https://api.openalex.org/works?search=temporal+weighting+function+retrieval+question+answering&per-page=5&filter=to_publication_date%3A2026-09-09 "HTTP/1.1 200 OK"
HTTP Request: GET https://api.crossref.org/works?query.bibliographic=temporal+weighting+function+retrieval+question+answering&rows=5&filter=until-pub-date%3A2026-09-09 "HTTP/1.1 200 OK"
HTTP Request: GET https://api.semanticscholar.org/graph/v1/paper/search?query=temporal+weighting+function+retrieval+question+answering&limit=5&fields=title%2Cabstract%2Cyear%2CpublicationDate%2Cvenue%2Cauthors%2CcitationCount%2CexternalIds%2Curl%2CopenAccessPdf&publicationDateOrYear=%3A2026-09-09 "HTTP/1.1 429 "
{"ts": "2026-09-30T10:31:51.895085+00:00", "level": "info", "logger": "researchforge.http", "msg": "retrying request", "host": "api.semanticscholar.org", "attempt": 2, "delay_s": 3.58, "error": "HTTP 429"}
HTTP Request: GET https://api.semanticscholar.org/graph/v1/paper/search?query=temporal+weighting+function+retrieval+question+answering&limit=5&fields=title%2Cabstract%2Cyear%2CpublicationDate%2Cvenue%2Cauthors%2CcitationCount%2CexternalIds%2Curl%2CopenAccessPdf&publicationDateOrYear=%3A2026-09-09 "HTTP/1.1 429 "
{"ts": "2026-09-30T10:31:56.300884+00:00", "level": "info", "logger": "researchforge.http", "msg": "retrying request", "host": "api.semanticscholar.org", "attempt": 3, "delay_s": 6.03, "error": "HTTP 429"}
HTTP Request: GET https://api.semanticscholar.org/graph/v1/paper/search?query=temporal+weighting+function+retrieval+question+answering&limit=5&fields=title%2Cabstract%2Cyear%2CpublicationDate%2Cvenue%2Cauthors%2CcitationCount%2CexternalIds%2Curl%2CopenAccessPdf&publicationDateOrYear=%3A2026-09-09 "HTTP/1.1 429 "
{"ts": "2026-09-30T10:32:03.217843+00:00", "level": "info", "logger": "researchforge.http", "msg": "retrying request", "host": "api.semanticscholar.org", "attempt": 4, "delay_s": 12.4, "error": "HTTP 429"}
HTTP Request: GET https://api.semanticscholar.org/graph/v1/paper/search?query=temporal+weighting+function+retrieval+question+answering&limit=5&fields=title%2Cabstract%2Cyear%2CpublicationDate%2Cvenue%2Cauthors%2CcitationCount%2CexternalIds%2Curl%2CopenAccessPdf&publicationDateOrYear=%3A2026-09-09 "HTTP/1.1 429 "
{"ts": "2026-09-30T10:32:16.504339+00:00", "level": "warning", "logger": "researchforge.toolkit", "msg": "source failed", "source": "semantic_scholar", "error": "api.semanticscholar.org failed after 5 attempts (HTTP 429)"}
HTTP Request: GET https://export.arxiv.org/api/query?search_query=all%3Atemporal+AND+all%3Adecay+AND+all%3Aweighting+AND+all%3Aretrieval+AND+submittedDate%3A%5B190001010000+TO+202609092359%5D&start=0&max_results=5&sortBy=relevance "HTTP/1.1 200 OK"
HTTP Request: GET https://api.semanticscholar.org/graph/v1/paper/search?query=temporal+decay+weighting+retrieval&limit=5&fields=title%2Cabstract%2Cyear%2CpublicationDate%2Cvenue%2Cauthors%2CcitationCount%2CexternalIds%2Curl%2CopenAccessPdf&publicationDateOrYear=%3A2026-09-09 "HTTP/1.1 200 OK"
HTTP Request: GET https://api.crossref.org/works?query.bibliographic=temporal+decay+weighting+retrieval&rows=5&filter=until-pub-date%3A2026-09-09 "HTTP/1.1 200 OK"
HTTP Request: GET https://api.openalex.org/works?search=temporal+decay+weighting+retrieval&per-page=5&filter=to_publication_date%3A2026-09-09 "HTTP/1.1 200 OK"
HTTP Request: GET https://export.arxiv.org/api/query?search_query=all%3Astatute+AND+all%3Aversioning+AND+all%3Aquestion+AND+all%3Aanswering+AND+submittedDate%3A%5B190001010000+TO+202609092359%5D&start=0&max_results=5&sortBy=relevance "HTTP/1.1 200 OK"
HTTP Request: GET https://api.semanticscholar.org/graph/v1/paper/search?query=statute+versioning+question+answering&limit=5&fields=title%2Cabstract%2Cyear%2CpublicationDate%2Cvenue%2Cauthors%2CcitationCount%2CexternalIds%2Curl%2CopenAccessPdf&publicationDateOrYear=%3A2026-09-09 "HTTP/1.1 429 "
{"ts": "2026-09-30T10:33:07.774751+00:00", "level": "info", "logger": "researchforge.http", "msg": "retrying request", "host": "api.semanticscholar.org", "attempt": 1, "delay_s": 2.39, "error": "HTTP 429"}
HTTP Request: GET https://api.crossref.org/works?query.bibliographic=statute+versioning+question+answering&rows=5&filter=until-pub-date%3A2026-09-09 "HTTP/1.1 200 OK"
HTTP Request: GET https://api.semanticscholar.org/graph/v1/paper/search?query=statute+versioning+question+answering&limit=5&fields=title%2Cabstract%2Cyear%2CpublicationDate%2Cvenue%2Cauthors%2CcitationCount%2CexternalIds%2Curl%2CopenAccessPdf&publicationDateOrYear=%3A2026-09-09 "HTTP/1.1 429 "
{"ts": "2026-09-30T10:33:10.945906+00:00", "level": "info", "logger": "researchforge.http", "msg": "retrying request", "host": "api.semanticscholar.org", "attempt": 2, "delay_s": 3.76, "error": "HTTP 429"}
HTTP Request: GET https://api.semanticscholar.org/graph/v1/paper/search?query=statute+versioning+question+answering&limit=5&fields=title%2Cabstract%2Cyear%2CpublicationDate%2Cvenue%2Cauthors%2CcitationCount%2CexternalIds%2Curl%2CopenAccessPdf&publicationDateOrYear=%3A2026-09-09 "HTTP/1.1 429 "
{"ts": "2026-09-30T10:33:15.473015+00:00", "level": "info", "logger": "researchforge.http", "msg": "retrying request", "host": "api.semanticscholar.org", "attempt": 3, "delay_s": 6.36, "error": "HTTP 429"}
HTTP Request: GET https://api.openalex.org/works?search=statute+versioning+question+answering&per-page=5&filter=to_publication_date%3A2026-09-09 "HTTP/1.1 200 OK"
HTTP Request: GET https://api.semanticscholar.org/graph/v1/paper/search?query=statute+versioning+question+answering&limit=5&fields=title%2Cabstract%2Cyear%2CpublicationDate%2Cvenue%2Cauthors%2CcitationCount%2CexternalIds%2Curl%2CopenAccessPdf&publicationDateOrYear=%3A2026-09-09 "HTTP/1.1 429 "
{"ts": "2026-09-30T10:33:22.796348+00:00", "level": "info", "logger": "researchforge.http", "msg": "retrying request", "host": "api.semanticscholar.org", "attempt": 4, "delay_s": 12.92, "error": "HTTP 429"}
HTTP Request: GET https://api.semanticscholar.org/graph/v1/paper/search?query=statute+versioning+question+answering&limit=5&fields=title%2Cabstract%2Cyear%2CpublicationDate%2Cvenue%2Cauthors%2CcitationCount%2CexternalIds%2Curl%2CopenAccessPdf&publicationDateOrYear=%3A2026-09-09 "HTTP/1.1 429 "
{"ts": "2026-09-30T10:33:36.137544+00:00", "level": "warning", "logger": "researchforge.toolkit", "msg": "source failed", "source": "semantic_scholar", "error": "api.semanticscholar.org failed after 5 attempts (HTTP 429)"}
HTTP Request: GET https://arxiv.org/pdf/2403.17859v1 "HTTP/1.1 200 OK"
Tool 'search_paper_text' failed: "Error executing tool search_paper_text: full text unavailable for doi:10.1109/bigdata66926.2025.11402566: no open-access PDF is known for doi:10.1109/bigdata66926.2025.11402566. Work from the abstract and mark analyzed_from='abstract'."
Tool 'record_idea_analysis' rejected arguments: ['ambiguities']
