HTTP Request: GET https://api.openalex.org/works?search=knowledge+graph+augmented+language+model+pretraining+multi-hop+question+answering+context+triples&per-page=6&filter=to_publication_date%3A2026-09-09 "HTTP/1.1 429 Too Many Requests"
{"ts": "2026-09-30T04:59:29.361639+00:00", "level": "info", "logger": "researchforge.http", "msg": "retrying request", "host": "api.openalex.org", "attempt": 1, "delay_s": 31.0, "error": "HTTP 429"}
HTTP Request: GET https://api.semanticscholar.org/graph/v1/paper/search?query=knowledge+graph+augmented+language+model+pretraining+multi-hop+question+answering+context+triples&limit=6&fields=title%2Cabstract%2Cyear%2CpublicationDate%2Cvenue%2Cauthors%2CcitationCount%2CexternalIds%2Curl%2CopenAccessPdf&publicationDateOrYear=%3A2026-09-09 "HTTP/1.1 429 "
{"ts": "2026-09-30T04:59:29.863160+00:00", "level": "info", "logger": "researchforge.http", "msg": "retrying request", "host": "api.semanticscholar.org", "attempt": 1, "delay_s": 1.69, "error": "HTTP 429"}
HTTP Request: GET https://api.crossref.org/works?query.bibliographic=knowledge+graph+augmented+language+model+pretraining+multi-hop+question+answering+context+triples&rows=6&filter=until-pub-date%3A2026-09-09 "HTTP/1.1 200 OK"
HTTP Request: GET https://export.arxiv.org/api/query?search_query=all%3Aknowledge+AND+all%3Agraph+AND+all%3Aaugmented+AND+all%3Alanguage+AND+all%3Amodel+AND+all%3Apretraining+AND+all%3Amulti-hop+AND+all%3Aquestion+AND+submittedDate%3A%5B190001010000+TO+202609092359%5D&start=0&max_results=6&sortBy=relevance "HTTP/1.1 200 OK"
HTTP Request: GET https://api.semanticscholar.org/graph/v1/paper/search?query=knowledge+graph+augmented+language+model+pretraining+multi-hop+question+answering+context+triples&limit=6&fields=title%2Cabstract%2Cyear%2CpublicationDate%2Cvenue%2Cauthors%2CcitationCount%2CexternalIds%2Curl%2CopenAccessPdf&publicationDateOrYear=%3A2026-09-09 "HTTP/1.1 429 "
{"ts": "2026-09-30T04:59:32.977298+00:00", "level": "info", "logger": "researchforge.http", "msg": "retrying request", "host": "api.semanticscholar.org", "attempt": 2, "delay_s": 3.07, "error": "HTTP 429"}
HTTP Request: GET https://api.semanticscholar.org/graph/v1/paper/search?query=knowledge+graph+augmented+language+model+pretraining+multi-hop+question+answering+context+triples&limit=6&fields=title%2Cabstract%2Cyear%2CpublicationDate%2Cvenue%2Cauthors%2CcitationCount%2CexternalIds%2Curl%2CopenAccessPdf&publicationDateOrYear=%3A2026-09-09 "HTTP/1.1 429 "
{"ts": "2026-09-30T04:59:38.699052+00:00", "level": "info", "logger": "researchforge.http", "msg": "retrying request", "host": "api.semanticscholar.org", "attempt": 3, "delay_s": 6.22, "error": "HTTP 429"}
HTTP Request: GET https://api.semanticscholar.org/graph/v1/paper/search?query=knowledge+graph+augmented+language+model+pretraining+multi-hop+question+answering+context+triples&limit=6&fields=title%2Cabstract%2Cyear%2CpublicationDate%2Cvenue%2Cauthors%2CcitationCount%2CexternalIds%2Curl%2CopenAccessPdf&publicationDateOrYear=%3A2026-09-09 "HTTP/1.1 429 "
{"ts": "2026-09-30T04:59:45.399823+00:00", "level": "info", "logger": "researchforge.http", "msg": "retrying request", "host": "api.semanticscholar.org", "attempt": 4, "delay_s": 12.63, "error": "HTTP 429"}
HTTP Request: GET https://api.semanticscholar.org/graph/v1/paper/search?query=knowledge+graph+augmented+language+model+pretraining+multi-hop+question+answering+context+triples&limit=6&fields=title%2Cabstract%2Cyear%2CpublicationDate%2Cvenue%2Cauthors%2CcitationCount%2CexternalIds%2Curl%2CopenAccessPdf&publicationDateOrYear=%3A2026-09-09 "HTTP/1.1 429 "
HTTP Request: GET https://api.openalex.org/works?search=knowledge+graph+augmented+language+model+pretraining+multi-hop+question+answering+context+triples&per-page=6&filter=to_publication_date%3A2026-09-09 "HTTP/1.1 429 Too Many Requests"
{"ts": "2026-09-30T05:00:00.719680+00:00", "level": "info", "logger": "researchforge.http", "msg": "retrying request", "host": "api.openalex.org", "attempt": 2, "delay_s": 32.0, "error": "HTTP 429"}
HTTP Request: GET https://api.openalex.org/works?search=knowledge+graph+augmented+language+model+pretraining+multi-hop+question+answering+context+triples&per-page=6&filter=to_publication_date%3A2026-09-09 "HTTP/1.1 429 Too Many Requests"
{"ts": "2026-09-30T05:00:33.077667+00:00", "level": "info", "logger": "researchforge.http", "msg": "retrying request", "host": "api.openalex.org", "attempt": 3, "delay_s": 34.0, "error": "HTTP 429"}
HTTP Request: GET https://api.openalex.org/works?search=knowledge+graph+augmented+language+model+pretraining+multi-hop+question+answering+context+triples&per-page=6&filter=to_publication_date%3A2026-09-09 "HTTP/1.1 200 OK"
{"ts": "2026-09-30T05:01:11.341952+00:00", "level": "warning", "logger": "researchforge.toolkit", "msg": "source failed", "source": "semantic_scholar", "error": "api.semanticscholar.org failed after 5 attempts (HTTP 429)"}
HTTP Request: GET https://api.openalex.org/works?search=multi-hop+question+answering+knowledge+graph+reasoning+path+reinforcement+learning&per-page=6&filter=to_publication_date%3A2026-09-09 "HTTP/1.1 429 Too Many Requests"
{"ts": "2026-09-30T05:01:11.726000+00:00", "level": "info", "logger": "researchforge.http", "msg": "retrying request", "host": "api.openalex.org", "attempt": 1, "delay_s": 39.0, "error": "HTTP 429"}
HTTP Request: GET https://export.arxiv.org/api/query?search_query=all%3Amulti-hop+AND+all%3Aquestion+AND+all%3Aanswering+AND+all%3Aknowledge+AND+all%3Agraph+AND+all%3Areasoning+AND+all%3Apath+AND+all%3Areinforcement+AND+submittedDate%3A%5B190001010000+TO+202609092359%5D&start=0&max_results=6&sortBy=relevance "HTTP/1.1 200 OK"
HTTP Request: GET https://api.semanticscholar.org/graph/v1/paper/search?query=multi-hop+question+answering+knowledge+graph+reasoning+path+reinforcement+learning&limit=6&fields=title%2Cabstract%2Cyear%2CpublicationDate%2Cvenue%2Cauthors%2CcitationCount%2CexternalIds%2Curl%2CopenAccessPdf&publicationDateOrYear=%3A2026-09-09 "HTTP/1.1 429 "
{"ts": "2026-09-30T05:01:12.250443+00:00", "level": "info", "logger": "researchforge.http", "msg": "retrying request", "host": "api.semanticscholar.org", "attempt": 1, "delay_s": 2.05, "error": "HTTP 429"}
HTTP Request: GET https://api.crossref.org/works?query.bibliographic=multi-hop+question+answering+knowledge+graph+reasoning+path+reinforcement+learning&rows=6&filter=until-pub-date%3A2026-09-09 "HTTP/1.1 200 OK"
HTTP Request: GET https://api.semanticscholar.org/graph/v1/paper/search?query=multi-hop+question+answering+knowledge+graph+reasoning+path+reinforcement+learning&limit=6&fields=title%2Cabstract%2Cyear%2CpublicationDate%2Cvenue%2Cauthors%2CcitationCount%2CexternalIds%2Curl%2CopenAccessPdf&publicationDateOrYear=%3A2026-09-09 "HTTP/1.1 429 "
{"ts": "2026-09-30T05:01:15.066598+00:00", "level": "info", "logger": "researchforge.http", "msg": "retrying request", "host": "api.semanticscholar.org", "attempt": 2, "delay_s": 3.5, "error": "HTTP 429"}
HTTP Request: GET https://api.semanticscholar.org/graph/v1/paper/search?query=multi-hop+question+answering+knowledge+graph+reasoning+path+reinforcement+learning&limit=6&fields=title%2Cabstract%2Cyear%2CpublicationDate%2Cvenue%2Cauthors%2CcitationCount%2CexternalIds%2Curl%2CopenAccessPdf&publicationDateOrYear=%3A2026-09-09 "HTTP/1.1 200 OK"
HTTP Request: GET https://api.openalex.org/works?search=multi-hop+question+answering+knowledge+graph+reasoning+path+reinforcement+learning&per-page=6&filter=to_publication_date%3A2026-09-09 "HTTP/1.1 429 Too Many Requests"
{"ts": "2026-09-30T05:01:51.070874+00:00", "level": "info", "logger": "researchforge.http", "msg": "retrying request", "host": "api.openalex.org", "attempt": 2, "delay_s": 33.0, "error": "HTTP 429"}
HTTP Request: GET https://api.openalex.org/works?search=multi-hop+question+answering+knowledge+graph+reasoning+path+reinforcement+learning&per-page=6&filter=to_publication_date%3A2026-09-09 "HTTP/1.1 429 Too Many Requests"
{"ts": "2026-09-30T05:02:24.395650+00:00", "level": "info", "logger": "researchforge.http", "msg": "retrying request", "host": "api.openalex.org", "attempt": 3, "delay_s": 35.0, "error": "HTTP 429"}
HTTP Request: GET https://api.openalex.org/works?search=multi-hop+question+answering+knowledge+graph+reasoning+path+reinforcement+learning&per-page=6&filter=to_publication_date%3A2026-09-09 "HTTP/1.1 429 Too Many Requests"
{"ts": "2026-09-30T05:02:59.711395+00:00", "level": "info", "logger": "researchforge.http", "msg": "retrying request", "host": "api.openalex.org", "attempt": 4, "delay_s": 38.0, "error": "HTTP 429"}
HTTP Request: GET https://api.openalex.org/works?search=multi-hop+question+answering+knowledge+graph+reasoning+path+reinforcement+learning&per-page=6&filter=to_publication_date%3A2026-09-09 "HTTP/1.1 200 OK"
HTTP Request: GET https://api.openalex.org/works?search=subgraph+context+enhanced+knowledge+graph+embedding+training+beyond+isolated+triples&per-page=5&filter=to_publication_date%3A2026-09-09 "HTTP/1.1 429 Too Many Requests"
{"ts": "2026-09-30T05:03:42.926301+00:00", "level": "info", "logger": "researchforge.http", "msg": "retrying request", "host": "api.openalex.org", "attempt": 1, "delay_s": 37.0, "error": "HTTP 429"}
HTTP Request: GET https://export.arxiv.org/api/query?search_query=all%3Asubgraph+AND+all%3Acontext+AND+all%3Aenhanced+AND+all%3Aknowledge+AND+all%3Agraph+AND+all%3Aembedding+AND+all%3Atraining+AND+all%3Abeyond+AND+submittedDate%3A%5B190001010000+TO+202609092359%5D&start=0&max_results=5&sortBy=relevance "HTTP/1.1 200 OK"
HTTP Request: GET https://api.semanticscholar.org/graph/v1/paper/search?query=subgraph+context+enhanced+knowledge+graph+embedding+training+beyond+isolated+triples&limit=5&fields=title%2Cabstract%2Cyear%2CpublicationDate%2Cvenue%2Cauthors%2CcitationCount%2CexternalIds%2Curl%2CopenAccessPdf&publicationDateOrYear=%3A2026-09-09 "HTTP/1.1 429 "
{"ts": "2026-09-30T05:03:43.469251+00:00", "level": "info", "logger": "researchforge.http", "msg": "retrying request", "host": "api.semanticscholar.org", "attempt": 1, "delay_s": 2.19, "error": "HTTP 429"}
HTTP Request: GET https://api.crossref.org/works?query.bibliographic=subgraph+context+enhanced+knowledge+graph+embedding+training+beyond+isolated+triples&rows=5&filter=until-pub-date%3A2026-09-09 "HTTP/1.1 200 OK"
HTTP Request: GET https://api.semanticscholar.org/graph/v1/paper/search?query=subgraph+context+enhanced+knowledge+graph+embedding+training+beyond+isolated+triples&limit=5&fields=title%2Cabstract%2Cyear%2CpublicationDate%2Cvenue%2Cauthors%2CcitationCount%2CexternalIds%2Curl%2CopenAccessPdf&publicationDateOrYear=%3A2026-09-09 "HTTP/1.1 200 OK"
HTTP Request: GET https://api.openalex.org/works?search=subgraph+context+enhanced+knowledge+graph+embedding+training+beyond+isolated+triples&per-page=5&filter=to_publication_date%3A2026-09-09 "HTTP/1.1 429 Too Many Requests"
{"ts": "2026-09-30T05:04:20.292355+00:00", "level": "info", "logger": "researchforge.http", "msg": "retrying request", "host": "api.openalex.org", "attempt": 2, "delay_s": 36.0, "error": "HTTP 429"}
HTTP Request: GET https://api.openalex.org/works?search=subgraph+context+enhanced+knowledge+graph+embedding+training+beyond+isolated+triples&per-page=5&filter=to_publication_date%3A2026-09-09 "HTTP/1.1 429 Too Many Requests"
{"ts": "2026-09-30T05:04:56.650427+00:00", "level": "info", "logger": "researchforge.http", "msg": "retrying request", "host": "api.openalex.org", "attempt": 3, "delay_s": 38.0, "error": "HTTP 429"}
HTTP Request: GET https://api.openalex.org/works?search=subgraph+context+enhanced+knowledge+graph+embedding+training+beyond+isolated+triples&per-page=5&filter=to_publication_date%3A2026-09-09 "HTTP/1.1 429 Too Many Requests"
{"ts": "2026-09-30T05:05:34.989841+00:00", "level": "info", "logger": "researchforge.http", "msg": "retrying request", "host": "api.openalex.org", "attempt": 4, "delay_s": 35.0, "error": "HTTP 429"}
HTTP Request: GET https://api.openalex.org/works?search=subgraph+context+enhanced+knowledge+graph+embedding+training+beyond+isolated+triples&per-page=5&filter=to_publication_date%3A2026-09-09 "HTTP/1.1 200 OK"
HTTP Request: GET https://export.arxiv.org/api/query?search_query=all%3Aiterative+AND+all%3Aself-repair+AND+all%3Aerror+AND+all%3Acorrection+AND+all%3Atraining+AND+all%3Aexamples+AND+all%3Aknowledge+AND+all%3Agraph+AND+submittedDate%3A%5B190001010000+TO+202609092359%5D&start=0&max_results=5&sortBy=relevance "HTTP/1.1 200 OK"
HTTP Request: GET https://api.semanticscholar.org/graph/v1/paper/search?query=iterative+self-repair+error+correction+training+examples+knowledge+graph+question+answering&limit=5&fields=title%2Cabstract%2Cyear%2CpublicationDate%2Cvenue%2Cauthors%2CcitationCount%2CexternalIds%2Curl%2CopenAccessPdf&publicationDateOrYear=%3A2026-09-09 "HTTP/1.1 429 "
{"ts": "2026-09-30T05:06:12.676983+00:00", "level": "info", "logger": "researchforge.http", "msg": "retrying request", "host": "api.semanticscholar.org", "attempt": 1, "delay_s": 1.96, "error": "HTTP 429"}
HTTP Request: GET https://api.crossref.org/works?query.bibliographic=iterative+self-repair+error+correction+training+examples+knowledge+graph+question+answering&rows=5&filter=until-pub-date%3A2026-09-09 "HTTP/1.1 200 OK"
HTTP Request: GET https://api.openalex.org/works?search=iterative+self-repair+error+correction+training+examples+knowledge+graph+question+answering&per-page=5&filter=to_publication_date%3A2026-09-09 "HTTP/1.1 200 OK"
HTTP Request: GET https://api.semanticscholar.org/graph/v1/paper/search?query=iterative+self-repair+error+correction+training+examples+knowledge+graph+question+answering&limit=5&fields=title%2Cabstract%2Cyear%2CpublicationDate%2Cvenue%2Cauthors%2CcitationCount%2CexternalIds%2Curl%2CopenAccessPdf&publicationDateOrYear=%3A2026-09-09 "HTTP/1.1 429 "
{"ts": "2026-09-30T05:06:15.408013+00:00", "level": "info", "logger": "researchforge.http", "msg": "retrying request", "host": "api.semanticscholar.org", "attempt": 2, "delay_s": 3.87, "error": "HTTP 429"}
HTTP Request: GET https://api.semanticscholar.org/graph/v1/paper/search?query=iterative+self-repair+error+correction+training+examples+knowledge+graph+question+answering&limit=5&fields=title%2Cabstract%2Cyear%2CpublicationDate%2Cvenue%2Cauthors%2CcitationCount%2CexternalIds%2Curl%2CopenAccessPdf&publicationDateOrYear=%3A2026-09-09 "HTTP/1.1 429 "
{"ts": "2026-09-30T05:06:20.055493+00:00", "level": "info", "logger": "researchforge.http", "msg": "retrying request", "host": "api.semanticscholar.org", "attempt": 3, "delay_s": 6.92, "error": "HTTP 429"}
HTTP Request: GET https://api.semanticscholar.org/graph/v1/paper/search?query=iterative+self-repair+error+correction+training+examples+knowledge+graph+question+answering&limit=5&fields=title%2Cabstract%2Cyear%2CpublicationDate%2Cvenue%2Cauthors%2CcitationCount%2CexternalIds%2Curl%2CopenAccessPdf&publicationDateOrYear=%3A2026-09-09 "HTTP/1.1 429 "
{"ts": "2026-09-30T05:06:27.842398+00:00", "level": "info", "logger": "researchforge.http", "msg": "retrying request", "host": "api.semanticscholar.org", "attempt": 4, "delay_s": 12.6, "error": "HTTP 429"}
HTTP Request: GET https://api.semanticscholar.org/graph/v1/paper/search?query=iterative+self-repair+error+correction+training+examples+knowledge+graph+question+answering&limit=5&fields=title%2Cabstract%2Cyear%2CpublicationDate%2Cvenue%2Cauthors%2CcitationCount%2CexternalIds%2Curl%2CopenAccessPdf&publicationDateOrYear=%3A2026-09-09 "HTTP/1.1 429 "
{"ts": "2026-09-30T05:06:41.301922+00:00", "level": "warning", "logger": "researchforge.toolkit", "msg": "source failed", "source": "semantic_scholar", "error": "api.semanticscholar.org failed after 5 attempts (HTTP 429)"}
HTTP Request: GET https://api.openalex.org/works?search=MetaQA+WebQSP+CWQ+benchmark+multi-hop+knowledge+graph+question+answering+evaluation&per-page=5&filter=to_publication_date%3A2026-09-09 "HTTP/1.1 429 Too Many Requests"
{"ts": "2026-09-30T05:06:41.690262+00:00", "level": "info", "logger": "researchforge.http", "msg": "retrying request", "host": "api.openalex.org", "attempt": 1, "delay_s": 35.0, "error": "HTTP 429"}
HTTP Request: GET https://export.arxiv.org/api/query?search_query=all%3Ametaqa+AND+all%3Awebqsp+AND+all%3Acwq+AND+all%3Abenchmark+AND+all%3Amulti-hop+AND+all%3Aknowledge+AND+all%3Agraph+AND+all%3Aquestion+AND+submittedDate%3A%5B190001010000+TO+202609092359%5D&start=0&max_results=5&sortBy=relevance "HTTP/1.1 200 OK"
HTTP Request: GET https://api.semanticscholar.org/graph/v1/paper/search?query=MetaQA+WebQSP+CWQ+benchmark+multi-hop+knowledge+graph+question+answering+evaluation&limit=5&fields=title%2Cabstract%2Cyear%2CpublicationDate%2Cvenue%2Cauthors%2CcitationCount%2CexternalIds%2Curl%2CopenAccessPdf&publicationDateOrYear=%3A2026-09-09 "HTTP/1.1 429 "
{"ts": "2026-09-30T05:06:42.303357+00:00", "level": "info", "logger": "researchforge.http", "msg": "retrying request", "host": "api.semanticscholar.org", "attempt": 1, "delay_s": 2.39, "error": "HTTP 429"}
HTTP Request: GET https://api.crossref.org/works?query.bibliographic=MetaQA+WebQSP+CWQ+benchmark+multi-hop+knowledge+graph+question+answering+evaluation&rows=5&filter=until-pub-date%3A2026-09-09 "HTTP/1.1 200 OK"
HTTP Request: GET https://api.semanticscholar.org/graph/v1/paper/search?query=MetaQA+WebQSP+CWQ+benchmark+multi-hop+knowledge+graph+question+answering+evaluation&limit=5&fields=title%2Cabstract%2Cyear%2CpublicationDate%2Cvenue%2Cauthors%2CcitationCount%2CexternalIds%2Curl%2CopenAccessPdf&publicationDateOrYear=%3A2026-09-09 "HTTP/1.1 429 "
{"ts": "2026-09-30T05:06:45.454870+00:00", "level": "info", "logger": "researchforge.http", "msg": "retrying request", "host": "api.semanticscholar.org", "attempt": 2, "delay_s": 3.98, "error": "HTTP 429"}
HTTP Request: GET https://api.semanticscholar.org/graph/v1/paper/search?query=MetaQA+WebQSP+CWQ+benchmark+multi-hop+knowledge+graph+question+answering+evaluation&limit=5&fields=title%2Cabstract%2Cyear%2CpublicationDate%2Cvenue%2Cauthors%2CcitationCount%2CexternalIds%2Curl%2CopenAccessPdf&publicationDateOrYear=%3A2026-09-09 "HTTP/1.1 429 "
{"ts": "2026-09-30T05:06:50.200826+00:00", "level": "info", "logger": "researchforge.http", "msg": "retrying request", "host": "api.semanticscholar.org", "attempt": 3, "delay_s": 6.32, "error": "HTTP 429"}
HTTP Request: GET https://api.semanticscholar.org/graph/v1/paper/search?query=MetaQA+WebQSP+CWQ+benchmark+multi-hop+knowledge+graph+question+answering+evaluation&limit=5&fields=title%2Cabstract%2Cyear%2CpublicationDate%2Cvenue%2Cauthors%2CcitationCount%2CexternalIds%2Curl%2CopenAccessPdf&publicationDateOrYear=%3A2026-09-09 "HTTP/1.1 429 "
{"ts": "2026-09-30T05:06:57.383667+00:00", "level": "info", "logger": "researchforge.http", "msg": "retrying request", "host": "api.semanticscholar.org", "attempt": 4, "delay_s": 12.67, "error": "HTTP 429"}
HTTP Request: GET https://api.semanticscholar.org/graph/v1/paper/search?query=MetaQA+WebQSP+CWQ+benchmark+multi-hop+knowledge+graph+question+answering+evaluation&limit=5&fields=title%2Cabstract%2Cyear%2CpublicationDate%2Cvenue%2Cauthors%2CcitationCount%2CexternalIds%2Curl%2CopenAccessPdf&publicationDateOrYear=%3A2026-09-09 "HTTP/1.1 429 "
HTTP Request: GET https://api.openalex.org/works?search=MetaQA+WebQSP+CWQ+benchmark+multi-hop+knowledge+graph+question+answering+evaluation&per-page=5&filter=to_publication_date%3A2026-09-09 "HTTP/1.1 429 Too Many Requests"
{"ts": "2026-09-30T05:07:17.032557+00:00", "level": "info", "logger": "researchforge.http", "msg": "retrying request", "host": "api.openalex.org", "attempt": 2, "delay_s": 33.0, "error": "HTTP 429"}
HTTP Request: GET https://api.openalex.org/works?search=MetaQA+WebQSP+CWQ+benchmark+multi-hop+knowledge+graph+question+answering+evaluation&per-page=5&filter=to_publication_date%3A2026-09-09 "HTTP/1.1 429 Too Many Requests"
{"ts": "2026-09-30T05:07:50.420332+00:00", "level": "info", "logger": "researchforge.http", "msg": "retrying request", "host": "api.openalex.org", "attempt": 3, "delay_s": 38.0, "error": "HTTP 429"}
HTTP Request: GET https://api.openalex.org/works?search=MetaQA+WebQSP+CWQ+benchmark+multi-hop+knowledge+graph+question+answering+evaluation&per-page=5&filter=to_publication_date%3A2026-09-09 "HTTP/1.1 200 OK"
{"ts": "2026-09-30T05:08:30.977446+00:00", "level": "warning", "logger": "researchforge.toolkit", "msg": "source failed", "source": "semantic_scholar", "error": "api.semanticscholar.org failed after 5 attempts (HTTP 429)"}
