HTTP Request: GET https://export.arxiv.org/api/query?search_query=all%3Amatched+AND+all%3Atoken+AND+all%3Abudget+AND+all%3Acontrol+AND+all%3Acontext+AND+all%3Aablation+AND+all%3Aknowledge+AND+all%3Agraph+AND+submittedDate%3A%5B190001010000+TO+202609092359%5D&start=0&max_results=5&sortBy=relevance "HTTP/1.1 200 OK"
HTTP Request: GET https://api.semanticscholar.org/graph/v1/paper/search?query=matched+token+budget+control+context+ablation+knowledge+graph+language+model+fine-tuning&limit=5&fields=title%2Cabstract%2Cyear%2CpublicationDate%2Cvenue%2Cauthors%2CcitationCount%2CexternalIds%2Curl%2CopenAccessPdf&publicationDateOrYear=%3A2026-09-09 "HTTP/1.1 429 "
{"ts": "2026-09-30T05:23:15.172957+00:00", "level": "info", "logger": "researchforge.http", "msg": "retrying request", "host": "api.semanticscholar.org", "attempt": 1, "delay_s": 1.61, "error": "HTTP 429"}
HTTP Request: GET https://api.crossref.org/works?query.bibliographic=matched+token+budget+control+context+ablation+knowledge+graph+language+model+fine-tuning&rows=5&filter=until-pub-date%3A2026-09-09 "HTTP/1.1 200 OK"
HTTP Request: GET https://api.openalex.org/works?search=matched+token+budget+control+context+ablation+knowledge+graph+language+model+fine-tuning&per-page=5&filter=to_publication_date%3A2026-09-09 "HTTP/1.1 200 OK"
HTTP Request: GET https://api.semanticscholar.org/graph/v1/paper/search?query=matched+token+budget+control+context+ablation+knowledge+graph+language+model+fine-tuning&limit=5&fields=title%2Cabstract%2Cyear%2CpublicationDate%2Cvenue%2Cauthors%2CcitationCount%2CexternalIds%2Curl%2CopenAccessPdf&publicationDateOrYear=%3A2026-09-09 "HTTP/1.1 429 "
{"ts": "2026-09-30T05:23:17.543957+00:00", "level": "info", "logger": "researchforge.http", "msg": "retrying request", "host": "api.semanticscholar.org", "attempt": 2, "delay_s": 3.04, "error": "HTTP 429"}
HTTP Request: GET https://api.semanticscholar.org/graph/v1/paper/search?query=matched+token+budget+control+context+ablation+knowledge+graph+language+model+fine-tuning&limit=5&fields=title%2Cabstract%2Cyear%2CpublicationDate%2Cvenue%2Cauthors%2CcitationCount%2CexternalIds%2Curl%2CopenAccessPdf&publicationDateOrYear=%3A2026-09-09 "HTTP/1.1 429 "
{"ts": "2026-09-30T05:23:21.353536+00:00", "level": "info", "logger": "researchforge.http", "msg": "retrying request", "host": "api.semanticscholar.org", "attempt": 3, "delay_s": 6.52, "error": "HTTP 429"}
HTTP Request: GET https://api.semanticscholar.org/graph/v1/paper/search?query=matched+token+budget+control+context+ablation+knowledge+graph+language+model+fine-tuning&limit=5&fields=title%2Cabstract%2Cyear%2CpublicationDate%2Cvenue%2Cauthors%2CcitationCount%2CexternalIds%2Curl%2CopenAccessPdf&publicationDateOrYear=%3A2026-09-09 "HTTP/1.1 429 "
{"ts": "2026-09-30T05:23:28.748085+00:00", "level": "info", "logger": "researchforge.http", "msg": "retrying request", "host": "api.semanticscholar.org", "attempt": 4, "delay_s": 12.6, "error": "HTTP 429"}
HTTP Request: GET https://api.semanticscholar.org/graph/v1/paper/search?query=matched+token+budget+control+context+ablation+knowledge+graph+language+model+fine-tuning&limit=5&fields=title%2Cabstract%2Cyear%2CpublicationDate%2Cvenue%2Cauthors%2CcitationCount%2CexternalIds%2Curl%2CopenAccessPdf&publicationDateOrYear=%3A2026-09-09 "HTTP/1.1 429 "
{"ts": "2026-09-30T05:23:42.222043+00:00", "level": "warning", "logger": "researchforge.toolkit", "msg": "source failed", "source": "semantic_scholar", "error": "api.semanticscholar.org failed after 5 attempts (HTTP 429)"}
HTTP Request: GET https://api.semanticscholar.org/graph/v1/paper/search?query=long+context+versus+retrieved+context+trade-off+more+context+hurts+language+model+reasoning&limit=5&fields=title%2Cabstract%2Cyear%2CpublicationDate%2Cvenue%2Cauthors%2CcitationCount%2CexternalIds%2Curl%2CopenAccessPdf&publicationDateOrYear=%3A2026-09-09 "HTTP/1.1 429 "
{"ts": "2026-09-30T05:23:42.802632+00:00", "level": "info", "logger": "researchforge.http", "msg": "retrying request", "host": "api.semanticscholar.org", "attempt": 1, "delay_s": 1.98, "error": "HTTP 429"}
HTTP Request: GET https://export.arxiv.org/api/query?search_query=all%3Along+AND+all%3Acontext+AND+all%3Aversus+AND+all%3Aretrieved+AND+all%3Acontext+AND+all%3Atrade-off+AND+all%3Amore+AND+all%3Acontext+AND+submittedDate%3A%5B190001010000+TO+202609092359%5D&start=0&max_results=5&sortBy=relevance "HTTP/1.1 200 OK"
HTTP Request: GET https://api.crossref.org/works?query.bibliographic=long+context+versus+retrieved+context+trade-off+more+context+hurts+language+model+reasoning&rows=5&filter=until-pub-date%3A2026-09-09 "HTTP/1.1 200 OK"
HTTP Request: GET https://api.openalex.org/works?search=long+context+versus+retrieved+context+trade-off+more+context+hurts+language+model+reasoning&per-page=5&filter=to_publication_date%3A2026-09-09 "HTTP/1.1 200 OK"
HTTP Request: GET https://api.semanticscholar.org/graph/v1/paper/search?query=long+context+versus+retrieved+context+trade-off+more+context+hurts+language+model+reasoning&limit=5&fields=title%2Cabstract%2Cyear%2CpublicationDate%2Cvenue%2Cauthors%2CcitationCount%2CexternalIds%2Curl%2CopenAccessPdf&publicationDateOrYear=%3A2026-09-09 "HTTP/1.1 429 "
{"ts": "2026-09-30T05:23:45.546931+00:00", "level": "info", "logger": "researchforge.http", "msg": "retrying request", "host": "api.semanticscholar.org", "attempt": 2, "delay_s": 3.58, "error": "HTTP 429"}
HTTP Request: GET https://api.semanticscholar.org/graph/v1/paper/search?query=long+context+versus+retrieved+context+trade-off+more+context+hurts+language+model+reasoning&limit=5&fields=title%2Cabstract%2Cyear%2CpublicationDate%2Cvenue%2Cauthors%2CcitationCount%2CexternalIds%2Curl%2CopenAccessPdf&publicationDateOrYear=%3A2026-09-09 "HTTP/1.1 429 "
{"ts": "2026-09-30T05:23:49.893340+00:00", "level": "info", "logger": "researchforge.http", "msg": "retrying request", "host": "api.semanticscholar.org", "attempt": 3, "delay_s": 6.08, "error": "HTTP 429"}
HTTP Request: GET https://api.semanticscholar.org/graph/v1/paper/search?query=long+context+versus+retrieved+context+trade-off+more+context+hurts+language+model+reasoning&limit=5&fields=title%2Cabstract%2Cyear%2CpublicationDate%2Cvenue%2Cauthors%2CcitationCount%2CexternalIds%2Curl%2CopenAccessPdf&publicationDateOrYear=%3A2026-09-09 "HTTP/1.1 429 "
{"ts": "2026-09-30T05:23:56.832870+00:00", "level": "info", "logger": "researchforge.http", "msg": "retrying request", "host": "api.semanticscholar.org", "attempt": 4, "delay_s": 12.73, "error": "HTTP 429"}
HTTP Request: GET https://api.semanticscholar.org/graph/v1/paper/search?query=long+context+versus+retrieved+context+trade-off+more+context+hurts+language+model+reasoning&limit=5&fields=title%2Cabstract%2Cyear%2CpublicationDate%2Cvenue%2Cauthors%2CcitationCount%2CexternalIds%2Curl%2CopenAccessPdf&publicationDateOrYear=%3A2026-09-09 "HTTP/1.1 429 "
{"ts": "2026-09-30T05:24:10.430948+00:00", "level": "warning", "logger": "researchforge.toolkit", "msg": "source failed", "source": "semantic_scholar", "error": "api.semanticscholar.org failed after 5 attempts (HTTP 429)"}
HTTP Request: GET https://export.arxiv.org/api/query?search_query=all%3Airrelevant+AND+all%3Adistractor+AND+all%3Acontext+AND+all%3Aknowledge+AND+all%3Agraph+AND+all%3Aquestion+AND+all%3Aanswering+AND+all%3Arobustness+AND+submittedDate%3A%5B190001010000+TO+202609092359%5D&start=0&max_results=5&sortBy=relevance "HTTP/1.1 200 OK"
HTTP Request: GET https://api.semanticscholar.org/graph/v1/paper/search?query=irrelevant+distractor+context+knowledge+graph+question+answering+robustness+ablation&limit=5&fields=title%2Cabstract%2Cyear%2CpublicationDate%2Cvenue%2Cauthors%2CcitationCount%2CexternalIds%2Curl%2CopenAccessPdf&publicationDateOrYear=%3A2026-09-09 "HTTP/1.1 429 "
{"ts": "2026-09-30T05:24:11.431168+00:00", "level": "info", "logger": "researchforge.http", "msg": "retrying request", "host": "api.semanticscholar.org", "attempt": 1, "delay_s": 1.92, "error": "HTTP 429"}
HTTP Request: GET https://api.openalex.org/works?search=irrelevant+distractor+context+knowledge+graph+question+answering+robustness+ablation&per-page=5&filter=to_publication_date%3A2026-09-09 "HTTP/1.1 200 OK"
HTTP Request: GET https://api.crossref.org/works?query.bibliographic=irrelevant+distractor+context+knowledge+graph+question+answering+robustness+ablation&rows=5&filter=until-pub-date%3A2026-09-09 "HTTP/1.1 200 OK"
HTTP Request: GET https://api.semanticscholar.org/graph/v1/paper/search?query=irrelevant+distractor+context+knowledge+graph+question+answering+robustness+ablation&limit=5&fields=title%2Cabstract%2Cyear%2CpublicationDate%2Cvenue%2Cauthors%2CcitationCount%2CexternalIds%2Curl%2CopenAccessPdf&publicationDateOrYear=%3A2026-09-09 "HTTP/1.1 429 "
{"ts": "2026-09-30T05:24:14.110327+00:00", "level": "info", "logger": "researchforge.http", "msg": "retrying request", "host": "api.semanticscholar.org", "attempt": 2, "delay_s": 3.82, "error": "HTTP 429"}
HTTP Request: GET https://api.semanticscholar.org/graph/v1/paper/search?query=irrelevant+distractor+context+knowledge+graph+question+answering+robustness+ablation&limit=5&fields=title%2Cabstract%2Cyear%2CpublicationDate%2Cvenue%2Cauthors%2CcitationCount%2CexternalIds%2Curl%2CopenAccessPdf&publicationDateOrYear=%3A2026-09-09 "HTTP/1.1 429 "
{"ts": "2026-09-30T05:24:18.693796+00:00", "level": "info", "logger": "researchforge.http", "msg": "retrying request", "host": "api.semanticscholar.org", "attempt": 3, "delay_s": 6.5, "error": "HTTP 429"}
HTTP Request: GET https://api.semanticscholar.org/graph/v1/paper/search?query=irrelevant+distractor+context+knowledge+graph+question+answering+robustness+ablation&limit=5&fields=title%2Cabstract%2Cyear%2CpublicationDate%2Cvenue%2Cauthors%2CcitationCount%2CexternalIds%2Curl%2CopenAccessPdf&publicationDateOrYear=%3A2026-09-09 "HTTP/1.1 429 "
{"ts": "2026-09-30T05:24:26.086449+00:00", "level": "info", "logger": "researchforge.http", "msg": "retrying request", "host": "api.semanticscholar.org", "attempt": 4, "delay_s": 12.29, "error": "HTTP 429"}
HTTP Request: GET https://api.semanticscholar.org/graph/v1/paper/search?query=irrelevant+distractor+context+knowledge+graph+question+answering+robustness+ablation&limit=5&fields=title%2Cabstract%2Cyear%2CpublicationDate%2Cvenue%2Cauthors%2CcitationCount%2CexternalIds%2Curl%2CopenAccessPdf&publicationDateOrYear=%3A2026-09-09 "HTTP/1.1 429 "
{"ts": "2026-09-30T05:24:39.289998+00:00", "level": "warning", "logger": "researchforge.toolkit", "msg": "source failed", "source": "semantic_scholar", "error": "api.semanticscholar.org failed after 5 attempts (HTTP 429)"}
HTTP Request: GET https://export.arxiv.org/api/query?search_query=all%3Alost+AND+all%3Amiddle+AND+all%3Along+AND+all%3Acontext+AND+all%3Alanguage+AND+all%3Amodels+AND+all%3Aretrieval+AND+all%3Aposition+AND+submittedDate%3A%5B190001010000+TO+202609092359%5D&start=0&max_results=5&sortBy=relevance "HTTP/1.1 200 OK"
HTTP Request: GET https://api.semanticscholar.org/graph/v1/paper/search?query=lost+in+the+middle+long+context+language+models+retrieval+position&limit=5&fields=title%2Cabstract%2Cyear%2CpublicationDate%2Cvenue%2Cauthors%2CcitationCount%2CexternalIds%2Curl%2CopenAccessPdf&publicationDateOrYear=%3A2026-09-09 "HTTP/1.1 429 "
{"ts": "2026-09-30T05:25:02.719639+00:00", "level": "info", "logger": "researchforge.http", "msg": "retrying request", "host": "api.semanticscholar.org", "attempt": 1, "delay_s": 2.18, "error": "HTTP 429"}
HTTP Request: GET https://api.openalex.org/works?search=lost+in+the+middle+long+context+language+models+retrieval+position&per-page=5&filter=to_publication_date%3A2026-09-09 "HTTP/1.1 200 OK"
HTTP Request: GET https://api.crossref.org/works?query.bibliographic=lost+in+the+middle+long+context+language+models+retrieval+position&rows=5&filter=until-pub-date%3A2026-09-09 "HTTP/1.1 200 OK"
HTTP Request: GET https://api.semanticscholar.org/graph/v1/paper/search?query=lost+in+the+middle+long+context+language+models+retrieval+position&limit=5&fields=title%2Cabstract%2Cyear%2CpublicationDate%2Cvenue%2Cauthors%2CcitationCount%2CexternalIds%2Curl%2CopenAccessPdf&publicationDateOrYear=%3A2026-09-09 "HTTP/1.1 429 "
{"ts": "2026-09-30T05:25:05.314192+00:00", "level": "info", "logger": "researchforge.http", "msg": "retrying request", "host": "api.semanticscholar.org", "attempt": 2, "delay_s": 3.76, "error": "HTTP 429"}
HTTP Request: GET https://api.semanticscholar.org/graph/v1/paper/search?query=lost+in+the+middle+long+context+language+models+retrieval+position&limit=5&fields=title%2Cabstract%2Cyear%2CpublicationDate%2Cvenue%2Cauthors%2CcitationCount%2CexternalIds%2Curl%2CopenAccessPdf&publicationDateOrYear=%3A2026-09-09 "HTTP/1.1 429 "
{"ts": "2026-09-30T05:25:09.842745+00:00", "level": "info", "logger": "researchforge.http", "msg": "retrying request", "host": "api.semanticscholar.org", "attempt": 3, "delay_s": 6.06, "error": "HTTP 429"}
HTTP Request: GET https://api.semanticscholar.org/graph/v1/paper/search?query=lost+in+the+middle+long+context+language+models+retrieval+position&limit=5&fields=title%2Cabstract%2Cyear%2CpublicationDate%2Cvenue%2Cauthors%2CcitationCount%2CexternalIds%2Curl%2CopenAccessPdf&publicationDateOrYear=%3A2026-09-09 "HTTP/1.1 429 "
{"ts": "2026-09-30T05:25:16.873817+00:00", "level": "info", "logger": "researchforge.http", "msg": "retrying request", "host": "api.semanticscholar.org", "attempt": 4, "delay_s": 12.87, "error": "HTTP 429"}
HTTP Request: GET https://api.semanticscholar.org/graph/v1/paper/search?query=lost+in+the+middle+long+context+language+models+retrieval+position&limit=5&fields=title%2Cabstract%2Cyear%2CpublicationDate%2Cvenue%2Cauthors%2CcitationCount%2CexternalIds%2Curl%2CopenAccessPdf&publicationDateOrYear=%3A2026-09-09 "HTTP/1.1 429 "
{"ts": "2026-09-30T05:25:30.614076+00:00", "level": "warning", "logger": "researchforge.toolkit", "msg": "source failed", "source": "semantic_scholar", "error": "api.semanticscholar.org failed after 5 attempts (HTTP 429)"}
HTTP Request: GET https://export.arxiv.org/api/query?search_query=all%3Aablation+AND+all%3Astudy+AND+all%3Acontribution+AND+all%3Aknowledge+AND+all%3Agraph+AND+all%3Acontext+AND+all%3Aretrieval+AND+all%3Aaugmented+AND+submittedDate%3A%5B190001010000+TO+202609092359%5D&start=0&max_results=5&sortBy=relevance "HTTP/1.1 200 OK"
HTTP Request: GET https://api.semanticscholar.org/graph/v1/paper/search?query=ablation+study+contribution+of+knowledge+graph+context+retrieval+augmented+generation+no-context+baseline&limit=5&fields=title%2Cabstract%2Cyear%2CpublicationDate%2Cvenue%2Cauthors%2CcitationCount%2CexternalIds%2Curl%2CopenAccessPdf&publicationDateOrYear=%3A2026-09-09 "HTTP/1.1 429 "
{"ts": "2026-09-30T05:25:31.619372+00:00", "level": "info", "logger": "researchforge.http", "msg": "retrying request", "host": "api.semanticscholar.org", "attempt": 1, "delay_s": 1.74, "error": "HTTP 429"}
HTTP Request: GET https://api.crossref.org/works?query.bibliographic=ablation+study+contribution+of+knowledge+graph+context+retrieval+augmented+generation+no-context+baseline&rows=5&filter=until-pub-date%3A2026-09-09 "HTTP/1.1 200 OK"
HTTP Request: GET https://api.openalex.org/works?search=ablation+study+contribution+of+knowledge+graph+context+retrieval+augmented+generation+no-context+baseline&per-page=5&filter=to_publication_date%3A2026-09-09 "HTTP/1.1 200 OK"
HTTP Request: GET https://api.semanticscholar.org/graph/v1/paper/search?query=ablation+study+contribution+of+knowledge+graph+context+retrieval+augmented+generation+no-context+baseline&limit=5&fields=title%2Cabstract%2Cyear%2CpublicationDate%2Cvenue%2Cauthors%2CcitationCount%2CexternalIds%2Curl%2CopenAccessPdf&publicationDateOrYear=%3A2026-09-09 "HTTP/1.1 429 "
{"ts": "2026-09-30T05:25:34.122318+00:00", "level": "info", "logger": "researchforge.http", "msg": "retrying request", "host": "api.semanticscholar.org", "attempt": 2, "delay_s": 3.89, "error": "HTTP 429"}
HTTP Request: GET https://api.semanticscholar.org/graph/v1/paper/search?query=ablation+study+contribution+of+knowledge+graph+context+retrieval+augmented+generation+no-context+baseline&limit=5&fields=title%2Cabstract%2Cyear%2CpublicationDate%2Cvenue%2Cauthors%2CcitationCount%2CexternalIds%2Curl%2CopenAccessPdf&publicationDateOrYear=%3A2026-09-09 "HTTP/1.1 429 "
{"ts": "2026-09-30T05:25:38.312655+00:00", "level": "info", "logger": "researchforge.http", "msg": "retrying request", "host": "api.semanticscholar.org", "attempt": 3, "delay_s": 6.51, "error": "HTTP 429"}
HTTP Request: GET https://api.semanticscholar.org/graph/v1/paper/search?query=ablation+study+contribution+of+knowledge+graph+context+retrieval+augmented+generation+no-context+baseline&limit=5&fields=title%2Cabstract%2Cyear%2CpublicationDate%2Cvenue%2Cauthors%2CcitationCount%2CexternalIds%2Curl%2CopenAccessPdf&publicationDateOrYear=%3A2026-09-09 "HTTP/1.1 429 "
{"ts": "2026-09-30T05:25:45.244412+00:00", "level": "info", "logger": "researchforge.http", "msg": "retrying request", "host": "api.semanticscholar.org", "attempt": 4, "delay_s": 12.82, "error": "HTTP 429"}
HTTP Request: GET https://api.semanticscholar.org/graph/v1/paper/search?query=ablation+study+contribution+of+knowledge+graph+context+retrieval+augmented+generation+no-context+baseline&limit=5&fields=title%2Cabstract%2Cyear%2CpublicationDate%2Cvenue%2Cauthors%2CcitationCount%2CexternalIds%2Curl%2CopenAccessPdf&publicationDateOrYear=%3A2026-09-09 "HTTP/1.1 429 "
{"ts": "2026-09-30T05:25:58.537402+00:00", "level": "warning", "logger": "researchforge.toolkit", "msg": "source failed", "source": "semantic_scholar", "error": "api.semanticscholar.org failed after 5 attempts (HTTP 429)"}
