HTTP Request: GET https://export.arxiv.org/api/query?search_query=all%3Amulti-hop+AND+all%3Aquestion+AND+all%3Aanswering+AND+all%3Aknowledge+AND+all%3Agraph+AND+all%3Acontext+AND+all%3Asubgraph&start=0&max_results=5&sortBy=relevance "HTTP/1.1 200 OK"
HTTP Request: GET https://api.semanticscholar.org/graph/v1/paper/search?query=multi-hop+question+answering+knowledge+graph+context+subgraph&limit=5&fields=title%2Cabstract%2Cyear%2CpublicationDate%2Cvenue%2Cauthors%2CcitationCount%2CexternalIds%2Curl%2CopenAccessPdf "HTTP/1.1 429 "
{"ts": "2026-09-30T05:39:34.904911+00:00", "level": "info", "logger": "researchforge.http", "msg": "retrying request", "host": "api.semanticscholar.org", "attempt": 1, "delay_s": 1.98, "error": "HTTP 429"}
HTTP Request: GET https://api.openalex.org/works?search=multi-hop+question+answering+knowledge+graph+context+subgraph&per-page=5 "HTTP/1.1 200 OK"
HTTP Request: GET https://api.crossref.org/works?query.bibliographic=multi-hop+question+answering+knowledge+graph+context+subgraph&rows=5 "HTTP/1.1 200 OK"
HTTP Request: GET https://api.semanticscholar.org/graph/v1/paper/search?query=multi-hop+question+answering+knowledge+graph+context+subgraph&limit=5&fields=title%2Cabstract%2Cyear%2CpublicationDate%2Cvenue%2Cauthors%2CcitationCount%2CexternalIds%2Curl%2CopenAccessPdf "HTTP/1.1 429 "
{"ts": "2026-09-30T05:39:37.670301+00:00", "level": "info", "logger": "researchforge.http", "msg": "retrying request", "host": "api.semanticscholar.org", "attempt": 2, "delay_s": 3.38, "error": "HTTP 429"}
HTTP Request: GET https://api.semanticscholar.org/graph/v1/paper/search?query=multi-hop+question+answering+knowledge+graph+context+subgraph&limit=5&fields=title%2Cabstract%2Cyear%2CpublicationDate%2Cvenue%2Cauthors%2CcitationCount%2CexternalIds%2Curl%2CopenAccessPdf "HTTP/1.1 429 "
{"ts": "2026-09-30T05:39:41.816370+00:00", "level": "info", "logger": "researchforge.http", "msg": "retrying request", "host": "api.semanticscholar.org", "attempt": 3, "delay_s": 6.43, "error": "HTTP 429"}
HTTP Request: GET https://api.semanticscholar.org/graph/v1/paper/search?query=multi-hop+question+answering+knowledge+graph+context+subgraph&limit=5&fields=title%2Cabstract%2Cyear%2CpublicationDate%2Cvenue%2Cauthors%2CcitationCount%2CexternalIds%2Curl%2CopenAccessPdf "HTTP/1.1 429 "
{"ts": "2026-09-30T05:39:49.137731+00:00", "level": "info", "logger": "researchforge.http", "msg": "retrying request", "host": "api.semanticscholar.org", "attempt": 4, "delay_s": 12.8, "error": "HTTP 429"}
HTTP Request: GET https://api.semanticscholar.org/graph/v1/paper/search?query=multi-hop+question+answering+knowledge+graph+context+subgraph&limit=5&fields=title%2Cabstract%2Cyear%2CpublicationDate%2Cvenue%2Cauthors%2CcitationCount%2CexternalIds%2Curl%2CopenAccessPdf "HTTP/1.1 429 "
{"ts": "2026-09-30T05:40:02.811622+00:00", "level": "warning", "logger": "researchforge.toolkit", "msg": "source failed", "source": "semantic_scholar", "error": "api.semanticscholar.org failed after 5 attempts (HTTP 429)"}
HTTP Request: GET https://export.arxiv.org/api/query?search_query=all%3Amulti-hop+AND+all%3Aquestion+AND+all%3Aanswering+AND+all%3Abenchmark+AND+all%3Adataset&start=0&max_results=5&sortBy=relevance "HTTP/1.1 200 OK"
HTTP Request: GET https://api.openalex.org/works?search=multi-hop+question+answering+benchmark+dataset&per-page=5 "HTTP/1.1 200 OK"
HTTP Request: GET https://api.semanticscholar.org/graph/v1/paper/search?query=multi-hop+question+answering+benchmark+dataset&limit=5&fields=title%2Cabstract%2Cyear%2CpublicationDate%2Cvenue%2Cauthors%2CcitationCount%2CexternalIds%2Curl%2CopenAccessPdf "HTTP/1.1 429 "
{"ts": "2026-09-30T05:40:11.184799+00:00", "level": "info", "logger": "researchforge.http", "msg": "retrying request", "host": "api.semanticscholar.org", "attempt": 1, "delay_s": 1.67, "error": "HTTP 429"}
HTTP Request: GET https://api.crossref.org/works?query.bibliographic=multi-hop+question+answering+benchmark+dataset&rows=5 "HTTP/1.1 200 OK"
HTTP Request: GET https://api.semanticscholar.org/graph/v1/paper/search?query=multi-hop+question+answering+benchmark+dataset&limit=5&fields=title%2Cabstract%2Cyear%2CpublicationDate%2Cvenue%2Cauthors%2CcitationCount%2CexternalIds%2Curl%2CopenAccessPdf "HTTP/1.1 429 "
{"ts": "2026-09-30T05:40:13.166923+00:00", "level": "info", "logger": "researchforge.http", "msg": "retrying request", "host": "api.semanticscholar.org", "attempt": 2, "delay_s": 3.54, "error": "HTTP 429"}
HTTP Request: GET https://api.semanticscholar.org/graph/v1/paper/search?query=multi-hop+question+answering+benchmark+dataset&limit=5&fields=title%2Cabstract%2Cyear%2CpublicationDate%2Cvenue%2Cauthors%2CcitationCount%2CexternalIds%2Curl%2CopenAccessPdf "HTTP/1.1 429 "
{"ts": "2026-09-30T05:40:17.884297+00:00", "level": "info", "logger": "researchforge.http", "msg": "retrying request", "host": "api.semanticscholar.org", "attempt": 3, "delay_s": 6.04, "error": "HTTP 429"}
HTTP Request: GET https://api.semanticscholar.org/graph/v1/paper/search?query=multi-hop+question+answering+benchmark+dataset&limit=5&fields=title%2Cabstract%2Cyear%2CpublicationDate%2Cvenue%2Cauthors%2CcitationCount%2CexternalIds%2Curl%2CopenAccessPdf "HTTP/1.1 429 "
{"ts": "2026-09-30T05:40:24.877130+00:00", "level": "info", "logger": "researchforge.http", "msg": "retrying request", "host": "api.semanticscholar.org", "attempt": 4, "delay_s": 12.01, "error": "HTTP 429"}
HTTP Request: GET https://api.semanticscholar.org/graph/v1/paper/search?query=multi-hop+question+answering+benchmark+dataset&limit=5&fields=title%2Cabstract%2Cyear%2CpublicationDate%2Cvenue%2Cauthors%2CcitationCount%2CexternalIds%2Curl%2CopenAccessPdf "HTTP/1.1 429 "
{"ts": "2026-09-30T05:40:37.879277+00:00", "level": "warning", "logger": "researchforge.toolkit", "msg": "source failed", "source": "semantic_scholar", "error": "api.semanticscholar.org failed after 5 attempts (HTTP 429)"}
HTTP Request: GET https://export.arxiv.org/api/query?search_query=all%3Aknowledge+AND+all%3Agraph+AND+all%3Amulti-hop+AND+all%3Aquestion+AND+all%3Aanswering+AND+all%3Adataset&start=0&max_results=5&sortBy=relevance "HTTP/1.1 200 OK"
HTTP Request: GET https://api.semanticscholar.org/graph/v1/paper/search?query=knowledge+graph+multi-hop+question+answering+dataset&limit=5&fields=title%2Cabstract%2Cyear%2CpublicationDate%2Cvenue%2Cauthors%2CcitationCount%2CexternalIds%2Curl%2CopenAccessPdf "HTTP/1.1 429 "
{"ts": "2026-09-30T05:40:43.120052+00:00", "level": "info", "logger": "researchforge.http", "msg": "retrying request", "host": "api.semanticscholar.org", "attempt": 1, "delay_s": 1.62, "error": "HTTP 429"}
HTTP Request: GET https://api.crossref.org/works?query.bibliographic=knowledge+graph+multi-hop+question+answering+dataset&rows=5 "HTTP/1.1 200 OK"
HTTP Request: GET https://api.openalex.org/works?search=knowledge+graph+multi-hop+question+answering+dataset&per-page=5 "HTTP/1.1 200 OK"
HTTP Request: GET https://api.semanticscholar.org/graph/v1/paper/search?query=knowledge+graph+multi-hop+question+answering+dataset&limit=5&fields=title%2Cabstract%2Cyear%2CpublicationDate%2Cvenue%2Cauthors%2CcitationCount%2CexternalIds%2Curl%2CopenAccessPdf "HTTP/1.1 429 "
{"ts": "2026-09-30T05:40:45.504178+00:00", "level": "info", "logger": "researchforge.http", "msg": "retrying request", "host": "api.semanticscholar.org", "attempt": 2, "delay_s": 3.67, "error": "HTTP 429"}
HTTP Request: GET https://api.semanticscholar.org/graph/v1/paper/search?query=knowledge+graph+multi-hop+question+answering+dataset&limit=5&fields=title%2Cabstract%2Cyear%2CpublicationDate%2Cvenue%2Cauthors%2CcitationCount%2CexternalIds%2Curl%2CopenAccessPdf "HTTP/1.1 429 "
{"ts": "2026-09-30T05:40:49.944776+00:00", "level": "info", "logger": "researchforge.http", "msg": "retrying request", "host": "api.semanticscholar.org", "attempt": 3, "delay_s": 6.54, "error": "HTTP 429"}
HTTP Request: GET https://api.semanticscholar.org/graph/v1/paper/search?query=knowledge+graph+multi-hop+question+answering+dataset&limit=5&fields=title%2Cabstract%2Cyear%2CpublicationDate%2Cvenue%2Cauthors%2CcitationCount%2CexternalIds%2Curl%2CopenAccessPdf "HTTP/1.1 429 "
{"ts": "2026-09-30T05:40:57.366689+00:00", "level": "info", "logger": "researchforge.http", "msg": "retrying request", "host": "api.semanticscholar.org", "attempt": 4, "delay_s": 12.08, "error": "HTTP 429"}
HTTP Request: GET https://api.semanticscholar.org/graph/v1/paper/search?query=knowledge+graph+multi-hop+question+answering+dataset&limit=5&fields=title%2Cabstract%2Cyear%2CpublicationDate%2Cvenue%2Cauthors%2CcitationCount%2CexternalIds%2Curl%2CopenAccessPdf "HTTP/1.1 429 "
{"ts": "2026-09-30T05:41:10.342644+00:00", "level": "warning", "logger": "researchforge.toolkit", "msg": "source failed", "source": "semantic_scholar", "error": "api.semanticscholar.org failed after 5 attempts (HTTP 429)"}
HTTP Request: GET https://export.arxiv.org/api/query?search_query=all%3Ametaqa+AND+all%3Amulti-hop+AND+all%3Aknowledge+AND+all%3Agraph+AND+all%3Aquestion+AND+all%3Aanswering&start=0&max_results=5&sortBy=relevance "HTTP/1.1 200 OK"
HTTP Request: GET https://api.semanticscholar.org/graph/v1/paper/search?query=MetaQA+multi-hop+knowledge+graph+question+answering&limit=5&fields=title%2Cabstract%2Cyear%2CpublicationDate%2Cvenue%2Cauthors%2CcitationCount%2CexternalIds%2Curl%2CopenAccessPdf "HTTP/1.1 429 "
{"ts": "2026-09-30T05:41:15.985428+00:00", "level": "info", "logger": "researchforge.http", "msg": "retrying request", "host": "api.semanticscholar.org", "attempt": 1, "delay_s": 1.7, "error": "HTTP 429"}
HTTP Request: GET https://api.openalex.org/works?search=MetaQA+multi-hop+knowledge+graph+question+answering&per-page=5 "HTTP/1.1 200 OK"
HTTP Request: GET https://api.crossref.org/works?query.bibliographic=MetaQA+multi-hop+knowledge+graph+question+answering&rows=5 "HTTP/1.1 200 OK"
HTTP Request: GET https://api.semanticscholar.org/graph/v1/paper/search?query=MetaQA+multi-hop+knowledge+graph+question+answering&limit=5&fields=title%2Cabstract%2Cyear%2CpublicationDate%2Cvenue%2Cauthors%2CcitationCount%2CexternalIds%2Curl%2CopenAccessPdf "HTTP/1.1 429 "
{"ts": "2026-09-30T05:41:17.998268+00:00", "level": "info", "logger": "researchforge.http", "msg": "retrying request", "host": "api.semanticscholar.org", "attempt": 2, "delay_s": 3.32, "error": "HTTP 429"}
HTTP Request: GET https://api.semanticscholar.org/graph/v1/paper/search?query=MetaQA+multi-hop+knowledge+graph+question+answering&limit=5&fields=title%2Cabstract%2Cyear%2CpublicationDate%2Cvenue%2Cauthors%2CcitationCount%2CexternalIds%2Curl%2CopenAccessPdf "HTTP/1.1 429 "
{"ts": "2026-09-30T05:41:22.117774+00:00", "level": "info", "logger": "researchforge.http", "msg": "retrying request", "host": "api.semanticscholar.org", "attempt": 3, "delay_s": 7.0, "error": "HTTP 429"}
HTTP Request: GET https://api.semanticscholar.org/graph/v1/paper/search?query=MetaQA+multi-hop+knowledge+graph+question+answering&limit=5&fields=title%2Cabstract%2Cyear%2CpublicationDate%2Cvenue%2Cauthors%2CcitationCount%2CexternalIds%2Curl%2CopenAccessPdf "HTTP/1.1 429 "
{"ts": "2026-09-30T05:41:29.989928+00:00", "level": "info", "logger": "researchforge.http", "msg": "retrying request", "host": "api.semanticscholar.org", "attempt": 4, "delay_s": 12.84, "error": "HTTP 429"}
HTTP Request: GET https://api.semanticscholar.org/graph/v1/paper/search?query=MetaQA+multi-hop+knowledge+graph+question+answering&limit=5&fields=title%2Cabstract%2Cyear%2CpublicationDate%2Cvenue%2Cauthors%2CcitationCount%2CexternalIds%2Curl%2CopenAccessPdf "HTTP/1.1 429 "
{"ts": "2026-09-30T05:41:43.234046+00:00", "level": "warning", "logger": "researchforge.toolkit", "msg": "source failed", "source": "semantic_scholar", "error": "api.semanticscholar.org failed after 5 attempts (HTTP 429)"}
HTTP Request: GET https://arxiv.org/pdf/1709.04071 "HTTP/1.1 200 OK"
