HTTP Request: GET https://api.openalex.org/works?search=open+domain+question+answering+regulatory+documents+versioned+temporal&per-page=10&filter=to_publication_date%3A2026-09-09 "HTTP/1.1 429 Too Many Requests"
{"ts": "2026-09-30T10:32:59.635820+00:00", "level": "info", "logger": "researchforge.http", "msg": "retrying request", "host": "api.openalex.org", "attempt": 1, "delay_s": 34.0, "error": "HTTP 429"}
HTTP Request: GET https://api.semanticscholar.org/graph/v1/paper/search?query=open+domain+question+answering+regulatory+documents+versioned+temporal&limit=10&fields=title%2Cabstract%2Cyear%2CpublicationDate%2Cvenue%2Cauthors%2CcitationCount%2CexternalIds%2Curl%2CopenAccessPdf&publicationDateOrYear=%3A2026-09-09 "HTTP/1.1 429 "
{"ts": "2026-09-30T10:32:59.687117+00:00", "level": "info", "logger": "researchforge.http", "msg": "retrying request", "host": "api.semanticscholar.org", "attempt": 1, "delay_s": 1.89, "error": "HTTP 429"}
HTTP Request: GET https://export.arxiv.org/api/query?search_query=all%3Aopen+AND+all%3Adomain+AND+all%3Aquestion+AND+all%3Aanswering+AND+all%3Aregulatory+AND+all%3Adocuments+AND+all%3Aversioned+AND+all%3Atemporal+AND+submittedDate%3A%5B190001010000+TO+202609092359%5D&start=0&max_results=10&sortBy=relevance "HTTP/1.1 200 OK"
HTTP Request: GET https://api.crossref.org/works?query.bibliographic=open+domain+question+answering+regulatory+documents+versioned+temporal&rows=10&filter=until-pub-date%3A2026-09-09 "HTTP/1.1 200 OK"
HTTP Request: GET https://api.semanticscholar.org/graph/v1/paper/search?query=open+domain+question+answering+regulatory+documents+versioned+temporal&limit=10&fields=title%2Cabstract%2Cyear%2CpublicationDate%2Cvenue%2Cauthors%2CcitationCount%2CexternalIds%2Curl%2CopenAccessPdf&publicationDateOrYear=%3A2026-09-09 "HTTP/1.1 429 "
{"ts": "2026-09-30T10:33:02.342681+00:00", "level": "info", "logger": "researchforge.http", "msg": "retrying request", "host": "api.semanticscholar.org", "attempt": 2, "delay_s": 3.49, "error": "HTTP 429"}
HTTP Request: GET https://api.semanticscholar.org/graph/v1/paper/search?query=open+domain+question+answering+regulatory+documents+versioned+temporal&limit=10&fields=title%2Cabstract%2Cyear%2CpublicationDate%2Cvenue%2Cauthors%2CcitationCount%2CexternalIds%2Curl%2CopenAccessPdf&publicationDateOrYear=%3A2026-09-09 "HTTP/1.1 429 "
{"ts": "2026-09-30T10:33:06.591045+00:00", "level": "info", "logger": "researchforge.http", "msg": "retrying request", "host": "api.semanticscholar.org", "attempt": 3, "delay_s": 6.3, "error": "HTTP 429"}
HTTP Request: GET https://api.semanticscholar.org/graph/v1/paper/search?query=open+domain+question+answering+regulatory+documents+versioned+temporal&limit=10&fields=title%2Cabstract%2Cyear%2CpublicationDate%2Cvenue%2Cauthors%2CcitationCount%2CexternalIds%2Curl%2CopenAccessPdf&publicationDateOrYear=%3A2026-09-09 "HTTP/1.1 429 "
{"ts": "2026-09-30T10:33:13.801553+00:00", "level": "info", "logger": "researchforge.http", "msg": "retrying request", "host": "api.semanticscholar.org", "attempt": 4, "delay_s": 12.73, "error": "HTTP 429"}
HTTP Request: GET https://api.semanticscholar.org/graph/v1/paper/search?query=open+domain+question+answering+regulatory+documents+versioned+temporal&limit=10&fields=title%2Cabstract%2Cyear%2CpublicationDate%2Cvenue%2Cauthors%2CcitationCount%2CexternalIds%2Curl%2CopenAccessPdf&publicationDateOrYear=%3A2026-09-09 "HTTP/1.1 429 "
HTTP Request: GET https://api.openalex.org/works?search=open+domain+question+answering+regulatory+documents+versioned+temporal&per-page=10&filter=to_publication_date%3A2026-09-09 "HTTP/1.1 200 OK"
{"ts": "2026-09-30T10:33:38.712401+00:00", "level": "warning", "logger": "researchforge.toolkit", "msg": "source failed", "source": "semantic_scholar", "error": "api.semanticscholar.org failed after 5 attempts (HTTP 429)"}
Tool 'search_papers' failed: 'Error executing tool search_papers: paper budget reached (90 papers). Analyze and compare the retrieved papers instead of searching.'
Tool 'search_papers' failed: 'Error executing tool search_papers: paper budget reached (90 papers). Analyze and compare the retrieved papers instead of searching.'
HTTP Request: GET https://arxiv.org/pdf/2604.19298v1 "HTTP/1.1 200 OK"
Tool 'record_claim' failed: "Error executing tool record_claim: evidence[0] claims direct support from arxiv:2604.19298 but its quote (not found verbatim) could not be verified. Provide an exact quote of at least 20 characters, or mark support as 'indirect'/'weak'."
Tool 'update_uncertainty' rejected arguments: ['next_action', 'status']
Tool 'update_uncertainty' rejected arguments: ['next_action']
