HTTP Request: GET https://export.arxiv.org/api/query?search_query=all%3Aretriever+AND+all%3Aagnostic+AND+all%3Atemporal+AND+all%3Arelevance&start=0&max_results=10&sortBy=relevance "HTTP/1.1 200 OK"
HTTP Request: GET https://api.semanticscholar.org/graph/v1/paper/search?query=retriever+agnostic+temporal+relevance&limit=10&fields=title%2Cabstract%2Cyear%2CpublicationDate%2Cvenue%2Cauthors%2CcitationCount%2CexternalIds%2Curl%2CopenAccessPdf "HTTP/1.1 429 "
{"ts": "2026-09-30T09:39:32.721909+00:00", "level": "info", "logger": "researchforge.http", "msg": "retrying request", "host": "api.semanticscholar.org", "attempt": 1, "delay_s": 2.35, "error": "HTTP 429"}
HTTP Request: GET https://api.crossref.org/works?query.bibliographic=retriever+agnostic+temporal+relevance&rows=10 "HTTP/1.1 200 OK"
HTTP Request: GET https://api.openalex.org/works?search=retriever+agnostic+temporal+relevance&per-page=10 "HTTP/1.1 200 OK"
HTTP Request: GET https://api.semanticscholar.org/graph/v1/paper/search?query=retriever+agnostic+temporal+relevance&limit=10&fields=title%2Cabstract%2Cyear%2CpublicationDate%2Cvenue%2Cauthors%2CcitationCount%2CexternalIds%2Curl%2CopenAccessPdf "HTTP/1.1 429 "
{"ts": "2026-09-30T09:39:35.820350+00:00", "level": "info", "logger": "researchforge.http", "msg": "retrying request", "host": "api.semanticscholar.org", "attempt": 2, "delay_s": 3.31, "error": "HTTP 429"}
HTTP Request: GET https://api.semanticscholar.org/graph/v1/paper/search?query=retriever+agnostic+temporal+relevance&limit=10&fields=title%2Cabstract%2Cyear%2CpublicationDate%2Cvenue%2Cauthors%2CcitationCount%2CexternalIds%2Curl%2CopenAccessPdf "HTTP/1.1 429 "
{"ts": "2026-09-30T09:39:39.881497+00:00", "level": "info", "logger": "researchforge.http", "msg": "retrying request", "host": "api.semanticscholar.org", "attempt": 3, "delay_s": 6.79, "error": "HTTP 429"}
HTTP Request: GET https://api.semanticscholar.org/graph/v1/paper/search?query=retriever+agnostic+temporal+relevance&limit=10&fields=title%2Cabstract%2Cyear%2CpublicationDate%2Cvenue%2Cauthors%2CcitationCount%2CexternalIds%2Curl%2CopenAccessPdf "HTTP/1.1 429 "
{"ts": "2026-09-30T09:39:47.512464+00:00", "level": "info", "logger": "researchforge.http", "msg": "retrying request", "host": "api.semanticscholar.org", "attempt": 4, "delay_s": 12.13, "error": "HTTP 429"}
HTTP Request: GET https://api.semanticscholar.org/graph/v1/paper/search?query=retriever+agnostic+temporal+relevance&limit=10&fields=title%2Cabstract%2Cyear%2CpublicationDate%2Cvenue%2Cauthors%2CcitationCount%2CexternalIds%2Curl%2CopenAccessPdf "HTTP/1.1 429 "
{"ts": "2026-09-30T09:40:00.490374+00:00", "level": "warning", "logger": "researchforge.toolkit", "msg": "source failed", "source": "semantic_scholar", "error": "api.semanticscholar.org failed after 5 attempts (HTTP 429)"}
HTTP Request: GET https://api.semanticscholar.org/graph/v1/paper/search?query=overlapping+evolving+documents+question+answering&limit=10&fields=title%2Cabstract%2Cyear%2CpublicationDate%2Cvenue%2Cauthors%2CcitationCount%2CexternalIds%2Curl%2CopenAccessPdf "HTTP/1.1 429 "
{"ts": "2026-09-30T09:40:06.455510+00:00", "level": "info", "logger": "researchforge.http", "msg": "retrying request", "host": "api.semanticscholar.org", "attempt": 1, "delay_s": 1.57, "error": "HTTP 429"}
HTTP Request: GET https://api.openalex.org/works?search=overlapping+evolving+documents+question+answering&per-page=10 "HTTP/1.1 200 OK"
HTTP Request: GET https://api.crossref.org/works?query.bibliographic=overlapping+evolving+documents+question+answering&rows=10 "HTTP/1.1 200 OK"
HTTP Request: GET https://export.arxiv.org/api/query?search_query=all%3Aoverlapping+AND+all%3Aevolving+AND+all%3Adocuments+AND+all%3Aquestion+AND+all%3Aanswering&start=0&max_results=10&sortBy=relevance "HTTP/1.1 200 OK"
HTTP Request: GET https://api.semanticscholar.org/graph/v1/paper/search?query=overlapping+evolving+documents+question+answering&limit=10&fields=title%2Cabstract%2Cyear%2CpublicationDate%2Cvenue%2Cauthors%2CcitationCount%2CexternalIds%2Curl%2CopenAccessPdf "HTTP/1.1 429 "
{"ts": "2026-09-30T09:40:08.773604+00:00", "level": "info", "logger": "researchforge.http", "msg": "retrying request", "host": "api.semanticscholar.org", "attempt": 2, "delay_s": 3.94, "error": "HTTP 429"}
HTTP Request: GET https://api.semanticscholar.org/graph/v1/paper/search?query=overlapping+evolving+documents+question+answering&limit=10&fields=title%2Cabstract%2Cyear%2CpublicationDate%2Cvenue%2Cauthors%2CcitationCount%2CexternalIds%2Curl%2CopenAccessPdf "HTTP/1.1 429 "
{"ts": "2026-09-30T09:40:13.518383+00:00", "level": "info", "logger": "researchforge.http", "msg": "retrying request", "host": "api.semanticscholar.org", "attempt": 3, "delay_s": 6.59, "error": "HTTP 429"}
HTTP Request: GET https://api.semanticscholar.org/graph/v1/paper/search?query=overlapping+evolving+documents+question+answering&limit=10&fields=title%2Cabstract%2Cyear%2CpublicationDate%2Cvenue%2Cauthors%2CcitationCount%2CexternalIds%2Curl%2CopenAccessPdf "HTTP/1.1 429 "
{"ts": "2026-09-30T09:40:20.992273+00:00", "level": "info", "logger": "researchforge.http", "msg": "retrying request", "host": "api.semanticscholar.org", "attempt": 4, "delay_s": 12.15, "error": "HTTP 429"}
HTTP Request: GET https://api.semanticscholar.org/graph/v1/paper/search?query=overlapping+evolving+documents+question+answering&limit=10&fields=title%2Cabstract%2Cyear%2CpublicationDate%2Cvenue%2Cauthors%2CcitationCount%2CexternalIds%2Curl%2CopenAccessPdf "HTTP/1.1 429 "
{"ts": "2026-09-30T09:40:33.985073+00:00", "level": "warning", "logger": "researchforge.toolkit", "msg": "source failed", "source": "semantic_scholar", "error": "api.semanticscholar.org failed after 5 attempts (HTTP 429)"}
HTTP Request: GET https://api.semanticscholar.org/graph/v1/paper/search?query=temporal+relevance+weighting+overlapping+evolving&limit=10&fields=title%2Cabstract%2Cyear%2CpublicationDate%2Cvenue%2Cauthors%2CcitationCount%2CexternalIds%2Curl%2CopenAccessPdf "HTTP/1.1 429 "
{"ts": "2026-09-30T09:40:40.183621+00:00", "level": "info", "logger": "researchforge.http", "msg": "retrying request", "host": "api.semanticscholar.org", "attempt": 1, "delay_s": 2.48, "error": "HTTP 429"}
HTTP Request: GET https://export.arxiv.org/api/query?search_query=all%3Atemporal+AND+all%3Arelevance+AND+all%3Aweighting+AND+all%3Aoverlapping+AND+all%3Aevolving&start=0&max_results=10&sortBy=relevance "HTTP/1.1 200 OK"
HTTP Request: GET https://api.openalex.org/works?search=temporal+relevance+weighting+overlapping+evolving&per-page=10 "HTTP/1.1 200 OK"
HTTP Request: GET https://api.crossref.org/works?query.bibliographic=temporal+relevance+weighting+overlapping+evolving&rows=10 "HTTP/1.1 200 OK"
HTTP Request: GET https://api.semanticscholar.org/graph/v1/paper/search?query=temporal+relevance+weighting+overlapping+evolving&limit=10&fields=title%2Cabstract%2Cyear%2CpublicationDate%2Cvenue%2Cauthors%2CcitationCount%2CexternalIds%2Curl%2CopenAccessPdf "HTTP/1.1 429 "
{"ts": "2026-09-30T09:40:43.425077+00:00", "level": "info", "logger": "researchforge.http", "msg": "retrying request", "host": "api.semanticscholar.org", "attempt": 2, "delay_s": 3.04, "error": "HTTP 429"}
HTTP Request: GET https://api.semanticscholar.org/graph/v1/paper/search?query=temporal+relevance+weighting+overlapping+evolving&limit=10&fields=title%2Cabstract%2Cyear%2CpublicationDate%2Cvenue%2Cauthors%2CcitationCount%2CexternalIds%2Curl%2CopenAccessPdf "HTTP/1.1 429 "
{"ts": "2026-09-30T09:40:47.232422+00:00", "level": "info", "logger": "researchforge.http", "msg": "retrying request", "host": "api.semanticscholar.org", "attempt": 3, "delay_s": 6.18, "error": "HTTP 429"}
HTTP Request: GET https://api.semanticscholar.org/graph/v1/paper/search?query=temporal+relevance+weighting+overlapping+evolving&limit=10&fields=title%2Cabstract%2Cyear%2CpublicationDate%2Cvenue%2Cauthors%2CcitationCount%2CexternalIds%2Curl%2CopenAccessPdf "HTTP/1.1 429 "
{"ts": "2026-09-30T09:40:54.318530+00:00", "level": "info", "logger": "researchforge.http", "msg": "retrying request", "host": "api.semanticscholar.org", "attempt": 4, "delay_s": 12.18, "error": "HTTP 429"}
HTTP Request: GET https://api.semanticscholar.org/graph/v1/paper/search?query=temporal+relevance+weighting+overlapping+evolving&limit=10&fields=title%2Cabstract%2Cyear%2CpublicationDate%2Cvenue%2Cauthors%2CcitationCount%2CexternalIds%2Curl%2CopenAccessPdf "HTTP/1.1 429 "
{"ts": "2026-09-30T09:41:06.886387+00:00", "level": "warning", "logger": "researchforge.toolkit", "msg": "source failed", "source": "semantic_scholar", "error": "api.semanticscholar.org failed after 5 attempts (HTTP 429)"}
Tool 'search_papers' failed: 'Error executing tool search_papers: paper budget reached (90 papers). Analyze and compare the retrieved papers instead of searching.'
Tool 'record_claim' failed: "Error executing tool record_claim: evidence[0] claims direct support from arxiv:2609.11572 but its quote (not found verbatim) could not be verified. Provide an exact quote of at least 20 characters, or mark support as 'indirect'/'weak'."
Tool 'record_claim' failed: "Error executing tool record_claim: evidence[0] claims direct support from arxiv:2609.11572 but its quote (not found verbatim) could not be verified. Provide an exact quote of at least 20 characters, or mark support as 'indirect'/'weak'."
Tool 'record_claim' failed: "Error executing tool record_claim: evidence[0] claims direct support from arxiv:2609.11572 but its quote (not found verbatim) could not be verified. Provide an exact quote of at least 20 characters, or mark support as 'indirect'/'weak'."
Tool 'record_claim' failed: "Error executing tool record_claim: evidence[0] claims direct support from arxiv:2609.11572 but its quote (not found verbatim) could not be verified. Provide an exact quote of at least 20 characters, or mark support as 'indirect'/'weak'."
Tool 'record_challenge_result' failed: "Error executing tool record_challenge_result: a 'weakened' verdict needs contradicting_paper_ids: cite the retrieved papers that contradict the conclusion"
