HTTP Request: GET https://api.openalex.org/works?search=time-aware+retrieval+temporal+relevance+document+versions+question+answering&per-page=8 "HTTP/1.1 429 Too Many Requests"
{"ts": "2026-09-30T04:59:31.124230+00:00", "level": "info", "logger": "researchforge.http", "msg": "retrying request", "host": "api.openalex.org", "attempt": 1, "delay_s": 30.0, "error": "HTTP 429"}
HTTP Request: GET https://api.semanticscholar.org/graph/v1/paper/search?query=time-aware+retrieval+temporal+relevance+document+versions+question+answering&limit=8&fields=title%2Cabstract%2Cyear%2CpublicationDate%2Cvenue%2Cauthors%2CcitationCount%2CexternalIds%2Curl%2CopenAccessPdf "HTTP/1.1 429 "
{"ts": "2026-09-30T04:59:32.066983+00:00", "level": "info", "logger": "researchforge.http", "msg": "retrying request", "host": "api.semanticscholar.org", "attempt": 1, "delay_s": 1.58, "error": "HTTP 429"}
HTTP Request: GET https://api.crossref.org/works?query.bibliographic=time-aware+retrieval+temporal+relevance+document+versions+question+answering&rows=8 "HTTP/1.1 200 OK"
HTTP Request: GET https://export.arxiv.org/api/query?search_query=all%3Atime-aware+AND+all%3Aretrieval+AND+all%3Atemporal+AND+all%3Arelevance+AND+all%3Adocument+AND+all%3Aversions+AND+all%3Aquestion+AND+all%3Aanswering&start=0&max_results=8&sortBy=relevance "HTTP/1.1 200 OK"
HTTP Request: GET https://api.semanticscholar.org/graph/v1/paper/search?query=time-aware+retrieval+temporal+relevance+document+versions+question+answering&limit=8&fields=title%2Cabstract%2Cyear%2CpublicationDate%2Cvenue%2Cauthors%2CcitationCount%2CexternalIds%2Curl%2CopenAccessPdf "HTTP/1.1 429 "
{"ts": "2026-09-30T04:59:34.971203+00:00", "level": "info", "logger": "researchforge.http", "msg": "retrying request", "host": "api.semanticscholar.org", "attempt": 2, "delay_s": 3.55, "error": "HTTP 429"}
HTTP Request: GET https://api.semanticscholar.org/graph/v1/paper/search?query=time-aware+retrieval+temporal+relevance+document+versions+question+answering&limit=8&fields=title%2Cabstract%2Cyear%2CpublicationDate%2Cvenue%2Cauthors%2CcitationCount%2CexternalIds%2Curl%2CopenAccessPdf "HTTP/1.1 429 "
{"ts": "2026-09-30T04:59:41.097475+00:00", "level": "info", "logger": "researchforge.http", "msg": "retrying request", "host": "api.semanticscholar.org", "attempt": 3, "delay_s": 6.74, "error": "HTTP 429"}
HTTP Request: GET https://api.semanticscholar.org/graph/v1/paper/search?query=time-aware+retrieval+temporal+relevance+document+versions+question+answering&limit=8&fields=title%2Cabstract%2Cyear%2CpublicationDate%2Cvenue%2Cauthors%2CcitationCount%2CexternalIds%2Curl%2CopenAccessPdf "HTTP/1.1 429 "
{"ts": "2026-09-30T04:59:48.696135+00:00", "level": "info", "logger": "researchforge.http", "msg": "retrying request", "host": "api.semanticscholar.org", "attempt": 4, "delay_s": 12.07, "error": "HTTP 429"}
HTTP Request: GET https://api.semanticscholar.org/graph/v1/paper/search?query=time-aware+retrieval+temporal+relevance+document+versions+question+answering&limit=8&fields=title%2Cabstract%2Cyear%2CpublicationDate%2Cvenue%2Cauthors%2CcitationCount%2CexternalIds%2Curl%2CopenAccessPdf "HTTP/1.1 429 "
HTTP Request: GET https://api.openalex.org/works?search=time-aware+retrieval+temporal+relevance+document+versions+question+answering&per-page=8 "HTTP/1.1 200 OK"
{"ts": "2026-09-30T05:00:03.718028+00:00", "level": "warning", "logger": "researchforge.toolkit", "msg": "source failed", "source": "semantic_scholar", "error": "api.semanticscholar.org failed after 5 attempts (HTTP 429)"}
HTTP Request: GET https://api.openalex.org/works?search=legal+question+answering+statutory+amendments+temporal+version+retrieval&per-page=8 "HTTP/1.1 429 Too Many Requests"
{"ts": "2026-09-30T05:00:04.110591+00:00", "level": "info", "logger": "researchforge.http", "msg": "retrying request", "host": "api.openalex.org", "attempt": 1, "delay_s": 31.0, "error": "HTTP 429"}
HTTP Request: GET https://api.semanticscholar.org/graph/v1/paper/search?query=legal+question+answering+statutory+amendments+temporal+version+retrieval&limit=8&fields=title%2Cabstract%2Cyear%2CpublicationDate%2Cvenue%2Cauthors%2CcitationCount%2CexternalIds%2Curl%2CopenAccessPdf "HTTP/1.1 429 "
{"ts": "2026-09-30T05:00:05.156586+00:00", "level": "info", "logger": "researchforge.http", "msg": "retrying request", "host": "api.semanticscholar.org", "attempt": 1, "delay_s": 2.05, "error": "HTTP 429"}
HTTP Request: GET https://api.crossref.org/works?query.bibliographic=legal+question+answering+statutory+amendments+temporal+version+retrieval&rows=8 "HTTP/1.1 200 OK"
HTTP Request: GET https://api.semanticscholar.org/graph/v1/paper/search?query=legal+question+answering+statutory+amendments+temporal+version+retrieval&limit=8&fields=title%2Cabstract%2Cyear%2CpublicationDate%2Cvenue%2Cauthors%2CcitationCount%2CexternalIds%2Curl%2CopenAccessPdf "HTTP/1.1 429 "
{"ts": "2026-09-30T05:00:10.050302+00:00", "level": "info", "logger": "researchforge.http", "msg": "retrying request", "host": "api.semanticscholar.org", "attempt": 2, "delay_s": 3.74, "error": "HTTP 429"}
HTTP Request: GET https://export.arxiv.org/api/query?search_query=all%3Alegal+AND+all%3Aquestion+AND+all%3Aanswering+AND+all%3Astatutory+AND+all%3Aamendments+AND+all%3Atemporal+AND+all%3Aversion+AND+all%3Aretrieval&start=0&max_results=8&sortBy=relevance "HTTP/1.1 200 OK"
HTTP Request: GET https://api.semanticscholar.org/graph/v1/paper/search?query=legal+question+answering+statutory+amendments+temporal+version+retrieval&limit=8&fields=title%2Cabstract%2Cyear%2CpublicationDate%2Cvenue%2Cauthors%2CcitationCount%2CexternalIds%2Curl%2CopenAccessPdf "HTTP/1.1 429 "
{"ts": "2026-09-30T05:00:14.749262+00:00", "level": "info", "logger": "researchforge.http", "msg": "retrying request", "host": "api.semanticscholar.org", "attempt": 3, "delay_s": 6.49, "error": "HTTP 429"}
HTTP Request: GET https://api.semanticscholar.org/graph/v1/paper/search?query=legal+question+answering+statutory+amendments+temporal+version+retrieval&limit=8&fields=title%2Cabstract%2Cyear%2CpublicationDate%2Cvenue%2Cauthors%2CcitationCount%2CexternalIds%2Curl%2CopenAccessPdf "HTTP/1.1 429 "
{"ts": "2026-09-30T05:00:22.472684+00:00", "level": "info", "logger": "researchforge.http", "msg": "retrying request", "host": "api.semanticscholar.org", "attempt": 4, "delay_s": 12.92, "error": "HTTP 429"}
HTTP Request: GET https://api.openalex.org/works?search=legal+question+answering+statutory+amendments+temporal+version+retrieval&per-page=8 "HTTP/1.1 429 Too Many Requests"
{"ts": "2026-09-30T05:00:35.477249+00:00", "level": "info", "logger": "researchforge.http", "msg": "retrying request", "host": "api.openalex.org", "attempt": 2, "delay_s": 37.0, "error": "HTTP 429"}
HTTP Request: GET https://api.semanticscholar.org/graph/v1/paper/search?query=legal+question+answering+statutory+amendments+temporal+version+retrieval&limit=8&fields=title%2Cabstract%2Cyear%2CpublicationDate%2Cvenue%2Cauthors%2CcitationCount%2CexternalIds%2Curl%2CopenAccessPdf "HTTP/1.1 429 "
HTTP Request: GET https://api.openalex.org/works?search=legal+question+answering+statutory+amendments+temporal+version+retrieval&per-page=8 "HTTP/1.1 429 Too Many Requests"
{"ts": "2026-09-30T05:01:12.806319+00:00", "level": "info", "logger": "researchforge.http", "msg": "retrying request", "host": "api.openalex.org", "attempt": 3, "delay_s": 34.0, "error": "HTTP 429"}
HTTP Request: GET https://api.openalex.org/works?search=legal+question+answering+statutory+amendments+temporal+version+retrieval&per-page=8 "HTTP/1.1 200 OK"
{"ts": "2026-09-30T05:01:50.066918+00:00", "level": "warning", "logger": "researchforge.toolkit", "msg": "source failed", "source": "semantic_scholar", "error": "api.semanticscholar.org failed after 5 attempts (HTTP 429)"}
HTTP Request: GET https://api.openalex.org/works?search=temporal+information+retrieval+time-sensitive+query+timestamped+document+collections&per-page=8 "HTTP/1.1 429 Too Many Requests"
{"ts": "2026-09-30T05:01:50.442852+00:00", "level": "info", "logger": "researchforge.http", "msg": "retrying request", "host": "api.openalex.org", "attempt": 1, "delay_s": 30.0, "error": "HTTP 429"}
HTTP Request: GET https://export.arxiv.org/api/query?search_query=all%3Atemporal+AND+all%3Ainformation+AND+all%3Aretrieval+AND+all%3Atime-sensitive+AND+all%3Aquery+AND+all%3Atimestamped+AND+all%3Adocument+AND+all%3Acollections&start=0&max_results=8&sortBy=relevance "HTTP/1.1 200 OK"
HTTP Request: GET https://api.semanticscholar.org/graph/v1/paper/search?query=temporal+information+retrieval+time-sensitive+query+timestamped+document+collections&limit=8&fields=title%2Cabstract%2Cyear%2CpublicationDate%2Cvenue%2Cauthors%2CcitationCount%2CexternalIds%2Curl%2CopenAccessPdf "HTTP/1.1 429 "
{"ts": "2026-09-30T05:01:50.963284+00:00", "level": "info", "logger": "researchforge.http", "msg": "retrying request", "host": "api.semanticscholar.org", "attempt": 1, "delay_s": 2.09, "error": "HTTP 429"}
HTTP Request: GET https://api.crossref.org/works?query.bibliographic=temporal+information+retrieval+time-sensitive+query+timestamped+document+collections&rows=8 "HTTP/1.1 200 OK"
HTTP Request: GET https://api.semanticscholar.org/graph/v1/paper/search?query=temporal+information+retrieval+time-sensitive+query+timestamped+document+collections&limit=8&fields=title%2Cabstract%2Cyear%2CpublicationDate%2Cvenue%2Cauthors%2CcitationCount%2CexternalIds%2Curl%2CopenAccessPdf "HTTP/1.1 429 "
{"ts": "2026-09-30T05:01:53.358358+00:00", "level": "info", "logger": "researchforge.http", "msg": "retrying request", "host": "api.semanticscholar.org", "attempt": 2, "delay_s": 3.02, "error": "HTTP 429"}
HTTP Request: GET https://api.semanticscholar.org/graph/v1/paper/search?query=temporal+information+retrieval+time-sensitive+query+timestamped+document+collections&limit=8&fields=title%2Cabstract%2Cyear%2CpublicationDate%2Cvenue%2Cauthors%2CcitationCount%2CexternalIds%2Curl%2CopenAccessPdf "HTTP/1.1 429 "
{"ts": "2026-09-30T05:01:56.676660+00:00", "level": "info", "logger": "researchforge.http", "msg": "retrying request", "host": "api.semanticscholar.org", "attempt": 3, "delay_s": 6.84, "error": "HTTP 429"}
HTTP Request: GET https://api.semanticscholar.org/graph/v1/paper/search?query=temporal+information+retrieval+time-sensitive+query+timestamped+document+collections&limit=8&fields=title%2Cabstract%2Cyear%2CpublicationDate%2Cvenue%2Cauthors%2CcitationCount%2CexternalIds%2Curl%2CopenAccessPdf "HTTP/1.1 429 "
{"ts": "2026-09-30T05:02:04.375662+00:00", "level": "info", "logger": "researchforge.http", "msg": "retrying request", "host": "api.semanticscholar.org", "attempt": 4, "delay_s": 12.17, "error": "HTTP 429"}
HTTP Request: GET https://api.semanticscholar.org/graph/v1/paper/search?query=temporal+information+retrieval+time-sensitive+query+timestamped+document+collections&limit=8&fields=title%2Cabstract%2Cyear%2CpublicationDate%2Cvenue%2Cauthors%2CcitationCount%2CexternalIds%2Curl%2CopenAccessPdf "HTTP/1.1 429 "
HTTP Request: GET https://api.openalex.org/works?search=temporal+information+retrieval+time-sensitive+query+timestamped+document+collections&per-page=8 "HTTP/1.1 429 Too Many Requests"
{"ts": "2026-09-30T05:02:20.799738+00:00", "level": "info", "logger": "researchforge.http", "msg": "retrying request", "host": "api.openalex.org", "attempt": 2, "delay_s": 35.0, "error": "HTTP 429"}
HTTP Request: GET https://api.openalex.org/works?search=temporal+information+retrieval+time-sensitive+query+timestamped+document+collections&per-page=8 "HTTP/1.1 429 Too Many Requests"
{"ts": "2026-09-30T05:02:56.221378+00:00", "level": "info", "logger": "researchforge.http", "msg": "retrying request", "host": "api.openalex.org", "attempt": 3, "delay_s": 39.0, "error": "HTTP 429"}
HTTP Request: GET https://api.openalex.org/works?search=temporal+information+retrieval+time-sensitive+query+timestamped+document+collections&per-page=8 "HTTP/1.1 429 Too Many Requests"
{"ts": "2026-09-30T05:03:35.644974+00:00", "level": "info", "logger": "researchforge.http", "msg": "retrying request", "host": "api.openalex.org", "attempt": 4, "delay_s": 34.0, "error": "HTTP 429"}
HTTP Request: GET https://api.openalex.org/works?search=temporal+information+retrieval+time-sensitive+query+timestamped+document+collections&per-page=8 "HTTP/1.1 200 OK"
{"ts": "2026-09-30T05:04:13.132336+00:00", "level": "warning", "logger": "researchforge.toolkit", "msg": "source failed", "source": "semantic_scholar", "error": "api.semanticscholar.org failed after 5 attempts (HTTP 429)"}
HTTP Request: GET https://api.openalex.org/works?search=benchmark+temporal+question+answering+regulatory+documents+revisions&per-page=8 "HTTP/1.1 429 Too Many Requests"
{"ts": "2026-09-30T05:04:13.503645+00:00", "level": "info", "logger": "researchforge.http", "msg": "retrying request", "host": "api.openalex.org", "attempt": 1, "delay_s": 35.0, "error": "HTTP 429"}
HTTP Request: GET https://export.arxiv.org/api/query?search_query=all%3Abenchmark+AND+all%3Atemporal+AND+all%3Aquestion+AND+all%3Aanswering+AND+all%3Aregulatory+AND+all%3Adocuments+AND+all%3Arevisions&start=0&max_results=8&sortBy=relevance "HTTP/1.1 200 OK"
HTTP Request: GET https://api.semanticscholar.org/graph/v1/paper/search?query=benchmark+temporal+question+answering+regulatory+documents+revisions&limit=8&fields=title%2Cabstract%2Cyear%2CpublicationDate%2Cvenue%2Cauthors%2CcitationCount%2CexternalIds%2Curl%2CopenAccessPdf "HTTP/1.1 429 "
{"ts": "2026-09-30T05:04:14.023702+00:00", "level": "info", "logger": "researchforge.http", "msg": "retrying request", "host": "api.semanticscholar.org", "attempt": 1, "delay_s": 1.81, "error": "HTTP 429"}
HTTP Request: GET https://api.crossref.org/works?query.bibliographic=benchmark+temporal+question+answering+regulatory+documents+revisions&rows=8 "HTTP/1.1 200 OK"
HTTP Request: GET https://api.semanticscholar.org/graph/v1/paper/search?query=benchmark+temporal+question+answering+regulatory+documents+revisions&limit=8&fields=title%2Cabstract%2Cyear%2CpublicationDate%2Cvenue%2Cauthors%2CcitationCount%2CexternalIds%2Curl%2CopenAccessPdf "HTTP/1.1 429 "
{"ts": "2026-09-30T05:04:17.474324+00:00", "level": "info", "logger": "researchforge.http", "msg": "retrying request", "host": "api.semanticscholar.org", "attempt": 2, "delay_s": 3.71, "error": "HTTP 429"}
HTTP Request: GET https://api.semanticscholar.org/graph/v1/paper/search?query=benchmark+temporal+question+answering+regulatory+documents+revisions&limit=8&fields=title%2Cabstract%2Cyear%2CpublicationDate%2Cvenue%2Cauthors%2CcitationCount%2CexternalIds%2Curl%2CopenAccessPdf "HTTP/1.1 429 "
{"ts": "2026-09-30T05:04:21.950281+00:00", "level": "info", "logger": "researchforge.http", "msg": "retrying request", "host": "api.semanticscholar.org", "attempt": 3, "delay_s": 6.37, "error": "HTTP 429"}
HTTP Request: GET https://api.semanticscholar.org/graph/v1/paper/search?query=benchmark+temporal+question+answering+regulatory+documents+revisions&limit=8&fields=title%2Cabstract%2Cyear%2CpublicationDate%2Cvenue%2Cauthors%2CcitationCount%2CexternalIds%2Curl%2CopenAccessPdf "HTTP/1.1 429 "
{"ts": "2026-09-30T05:04:29.189038+00:00", "level": "info", "logger": "researchforge.http", "msg": "retrying request", "host": "api.semanticscholar.org", "attempt": 4, "delay_s": 12.97, "error": "HTTP 429"}
HTTP Request: GET https://api.semanticscholar.org/graph/v1/paper/search?query=benchmark+temporal+question+answering+regulatory+documents+revisions&limit=8&fields=title%2Cabstract%2Cyear%2CpublicationDate%2Cvenue%2Cauthors%2CcitationCount%2CexternalIds%2Curl%2CopenAccessPdf "HTTP/1.1 429 "
HTTP Request: GET https://api.openalex.org/works?search=benchmark+temporal+question+answering+regulatory+documents+revisions&per-page=8 "HTTP/1.1 200 OK"
{"ts": "2026-09-30T05:04:51.090438+00:00", "level": "warning", "logger": "researchforge.toolkit", "msg": "source failed", "source": "semantic_scholar", "error": "api.semanticscholar.org failed after 5 attempts (HTTP 429)"}
