HTTP Request: GET https://export.arxiv.org/api/query?search_query=all%3Aiterative+AND+all%3Arefinement+AND+all%3Amulti-hop+AND+all%3Aquestion+AND+all%3Aanswering+AND+all%3Aknowledge+AND+all%3Agraph+AND+submittedDate%3A%5B190001010000+TO+202609092359%5D&start=0&max_results=5&sortBy=relevance "HTTP/1.1 200 OK"
HTTP Request: GET https://api.semanticscholar.org/graph/v1/paper/search?query=iterative+refinement+multi-hop+question+answering+knowledge+graph&limit=5&fields=title%2Cabstract%2Cyear%2CpublicationDate%2Cvenue%2Cauthors%2CcitationCount%2CexternalIds%2Curl%2CopenAccessPdf&publicationDateOrYear=%3A2026-09-09 "HTTP/1.1 429 "
{"ts": "2026-09-30T07:29:35.651067+00:00", "level": "info", "logger": "researchforge.http", "msg": "retrying request", "host": "api.semanticscholar.org", "attempt": 1, "delay_s": 1.65, "error": "HTTP 429"}
HTTP Request: GET https://api.openalex.org/works?search=iterative+refinement+multi-hop+question+answering+knowledge+graph&per-page=5&filter=to_publication_date%3A2026-09-09 "HTTP/1.1 200 OK"
HTTP Request: GET https://api.crossref.org/works?query.bibliographic=iterative+refinement+multi-hop+question+answering+knowledge+graph&rows=5&filter=until-pub-date%3A2026-09-09 "HTTP/1.1 200 OK"
HTTP Request: GET https://api.semanticscholar.org/graph/v1/paper/search?query=iterative+refinement+multi-hop+question+answering+knowledge+graph&limit=5&fields=title%2Cabstract%2Cyear%2CpublicationDate%2Cvenue%2Cauthors%2CcitationCount%2CexternalIds%2Curl%2CopenAccessPdf&publicationDateOrYear=%3A2026-09-09 "HTTP/1.1 429 "
{"ts": "2026-09-30T07:29:38.084108+00:00", "level": "info", "logger": "researchforge.http", "msg": "retrying request", "host": "api.semanticscholar.org", "attempt": 2, "delay_s": 3.5, "error": "HTTP 429"}
HTTP Request: GET https://api.semanticscholar.org/graph/v1/paper/search?query=iterative+refinement+multi-hop+question+answering+knowledge+graph&limit=5&fields=title%2Cabstract%2Cyear%2CpublicationDate%2Cvenue%2Cauthors%2CcitationCount%2CexternalIds%2Curl%2CopenAccessPdf&publicationDateOrYear=%3A2026-09-09 "HTTP/1.1 429 "
{"ts": "2026-09-30T07:29:43.307112+00:00", "level": "info", "logger": "researchforge.http", "msg": "retrying request", "host": "api.semanticscholar.org", "attempt": 3, "delay_s": 6.23, "error": "HTTP 429"}
HTTP Request: GET https://api.semanticscholar.org/graph/v1/paper/search?query=iterative+refinement+multi-hop+question+answering+knowledge+graph&limit=5&fields=title%2Cabstract%2Cyear%2CpublicationDate%2Cvenue%2Cauthors%2CcitationCount%2CexternalIds%2Curl%2CopenAccessPdf&publicationDateOrYear=%3A2026-09-09 "HTTP/1.1 429 "
{"ts": "2026-09-30T07:29:50.023468+00:00", "level": "info", "logger": "researchforge.http", "msg": "retrying request", "host": "api.semanticscholar.org", "attempt": 4, "delay_s": 12.22, "error": "HTTP 429"}
HTTP Request: GET https://api.semanticscholar.org/graph/v1/paper/search?query=iterative+refinement+multi-hop+question+answering+knowledge+graph&limit=5&fields=title%2Cabstract%2Cyear%2CpublicationDate%2Cvenue%2Cauthors%2CcitationCount%2CexternalIds%2Curl%2CopenAccessPdf&publicationDateOrYear=%3A2026-09-09 "HTTP/1.1 429 "
{"ts": "2026-09-30T07:30:02.789592+00:00", "level": "warning", "logger": "researchforge.toolkit", "msg": "source failed", "source": "semantic_scholar", "error": "api.semanticscholar.org failed after 5 attempts (HTTP 429)"}
HTTP Request: GET https://export.arxiv.org/api/query?search_query=all%3Areinforcement+AND+all%3Alearning+AND+all%3Amulti-hop+AND+all%3Aquestion+AND+all%3Aanswering+AND+all%3Aknowledge+AND+all%3Agraph+AND+submittedDate%3A%5B190001010000+TO+202609092359%5D&start=0&max_results=5&sortBy=relevance "HTTP/1.1 200 OK"
HTTP Request: GET https://api.semanticscholar.org/graph/v1/paper/search?query=reinforcement+learning+multi-hop+question+answering+knowledge+graph&limit=5&fields=title%2Cabstract%2Cyear%2CpublicationDate%2Cvenue%2Cauthors%2CcitationCount%2CexternalIds%2Curl%2CopenAccessPdf&publicationDateOrYear=%3A2026-09-09 "HTTP/1.1 429 "
{"ts": "2026-09-30T07:30:31.493104+00:00", "level": "info", "logger": "researchforge.http", "msg": "retrying request", "host": "api.semanticscholar.org", "attempt": 1, "delay_s": 1.81, "error": "HTTP 429"}
HTTP Request: GET https://api.crossref.org/works?query.bibliographic=reinforcement+learning+multi-hop+question+answering+knowledge+graph&rows=5&filter=until-pub-date%3A2026-09-09 "HTTP/1.1 200 OK"
HTTP Request: GET https://api.semanticscholar.org/graph/v1/paper/search?query=reinforcement+learning+multi-hop+question+answering+knowledge+graph&limit=5&fields=title%2Cabstract%2Cyear%2CpublicationDate%2Cvenue%2Cauthors%2CcitationCount%2CexternalIds%2Curl%2CopenAccessPdf&publicationDateOrYear=%3A2026-09-09 "HTTP/1.1 429 "
{"ts": "2026-09-30T07:30:33.618342+00:00", "level": "info", "logger": "researchforge.http", "msg": "retrying request", "host": "api.semanticscholar.org", "attempt": 2, "delay_s": 3.93, "error": "HTTP 429"}
HTTP Request: GET https://api.openalex.org/works?search=reinforcement+learning+multi-hop+question+answering+knowledge+graph&per-page=5&filter=to_publication_date%3A2026-09-09 "HTTP/1.1 200 OK"
HTTP Request: GET https://api.semanticscholar.org/graph/v1/paper/search?query=reinforcement+learning+multi-hop+question+answering+knowledge+graph&limit=5&fields=title%2Cabstract%2Cyear%2CpublicationDate%2Cvenue%2Cauthors%2CcitationCount%2CexternalIds%2Curl%2CopenAccessPdf&publicationDateOrYear=%3A2026-09-09 "HTTP/1.1 429 "
{"ts": "2026-09-30T07:30:38.322659+00:00", "level": "info", "logger": "researchforge.http", "msg": "retrying request", "host": "api.semanticscholar.org", "attempt": 3, "delay_s": 6.56, "error": "HTTP 429"}
HTTP Request: GET https://api.semanticscholar.org/graph/v1/paper/search?query=reinforcement+learning+multi-hop+question+answering+knowledge+graph&limit=5&fields=title%2Cabstract%2Cyear%2CpublicationDate%2Cvenue%2Cauthors%2CcitationCount%2CexternalIds%2Curl%2CopenAccessPdf&publicationDateOrYear=%3A2026-09-09 "HTTP/1.1 429 "
{"ts": "2026-09-30T07:30:46.406549+00:00", "level": "info", "logger": "researchforge.http", "msg": "retrying request", "host": "api.semanticscholar.org", "attempt": 4, "delay_s": 12.78, "error": "HTTP 429"}
HTTP Request: GET https://api.semanticscholar.org/graph/v1/paper/search?query=reinforcement+learning+multi-hop+question+answering+knowledge+graph&limit=5&fields=title%2Cabstract%2Cyear%2CpublicationDate%2Cvenue%2Cauthors%2CcitationCount%2CexternalIds%2Curl%2CopenAccessPdf&publicationDateOrYear=%3A2026-09-09 "HTTP/1.1 429 "
{"ts": "2026-09-30T07:31:00.129853+00:00", "level": "warning", "logger": "researchforge.toolkit", "msg": "source failed", "source": "semantic_scholar", "error": "api.semanticscholar.org failed after 5 attempts (HTTP 429)"}
HTTP Request: GET https://api.openalex.org/works?search=local+context+subgraph+knowledge+graph+question+answering&per-page=5&filter=to_publication_date%3A2026-09-09 "HTTP/1.1 429 Too Many Requests"
{"ts": "2026-09-30T07:31:13.359618+00:00", "level": "info", "logger": "researchforge.http", "msg": "retrying request", "host": "api.openalex.org", "attempt": 1, "delay_s": 12.0, "error": "HTTP 429"}
HTTP Request: GET https://export.arxiv.org/api/query?search_query=all%3Alocal+AND+all%3Acontext+AND+all%3Asubgraph+AND+all%3Aknowledge+AND+all%3Agraph+AND+all%3Aquestion+AND+all%3Aanswering+AND+submittedDate%3A%5B190001010000+TO+202609092359%5D&start=0&max_results=5&sortBy=relevance "HTTP/1.1 200 OK"
HTTP Request: GET https://api.crossref.org/works?query.bibliographic=local+context+subgraph+knowledge+graph+question+answering&rows=5&filter=until-pub-date%3A2026-09-09 "HTTP/1.1 200 OK"
HTTP Request: GET https://api.semanticscholar.org/graph/v1/paper/search?query=local+context+subgraph+knowledge+graph+question+answering&limit=5&fields=title%2Cabstract%2Cyear%2CpublicationDate%2Cvenue%2Cauthors%2CcitationCount%2CexternalIds%2Curl%2CopenAccessPdf&publicationDateOrYear=%3A2026-09-09 "HTTP/1.1 429 "
{"ts": "2026-09-30T07:31:14.799203+00:00", "level": "info", "logger": "researchforge.http", "msg": "retrying request", "host": "api.semanticscholar.org", "attempt": 1, "delay_s": 1.94, "error": "HTTP 429"}
HTTP Request: GET https://api.semanticscholar.org/graph/v1/paper/search?query=local+context+subgraph+knowledge+graph+question+answering&limit=5&fields=title%2Cabstract%2Cyear%2CpublicationDate%2Cvenue%2Cauthors%2CcitationCount%2CexternalIds%2Curl%2CopenAccessPdf&publicationDateOrYear=%3A2026-09-09 "HTTP/1.1 429 "
{"ts": "2026-09-30T07:31:17.517381+00:00", "level": "info", "logger": "researchforge.http", "msg": "retrying request", "host": "api.semanticscholar.org", "attempt": 2, "delay_s": 3.74, "error": "HTTP 429"}
HTTP Request: GET https://api.semanticscholar.org/graph/v1/paper/search?query=local+context+subgraph+knowledge+graph+question+answering&limit=5&fields=title%2Cabstract%2Cyear%2CpublicationDate%2Cvenue%2Cauthors%2CcitationCount%2CexternalIds%2Curl%2CopenAccessPdf&publicationDateOrYear=%3A2026-09-09 "HTTP/1.1 429 "
{"ts": "2026-09-30T07:31:22.027045+00:00", "level": "info", "logger": "researchforge.http", "msg": "retrying request", "host": "api.semanticscholar.org", "attempt": 3, "delay_s": 6.61, "error": "HTTP 429"}
HTTP Request: GET https://api.openalex.org/works?search=local+context+subgraph+knowledge+graph+question+answering&per-page=5&filter=to_publication_date%3A2026-09-09 "HTTP/1.1 200 OK"
HTTP Request: GET https://api.semanticscholar.org/graph/v1/paper/search?query=local+context+subgraph+knowledge+graph+question+answering&limit=5&fields=title%2Cabstract%2Cyear%2CpublicationDate%2Cvenue%2Cauthors%2CcitationCount%2CexternalIds%2Curl%2CopenAccessPdf&publicationDateOrYear=%3A2026-09-09 "HTTP/1.1 429 "
{"ts": "2026-09-30T07:31:29.080450+00:00", "level": "info", "logger": "researchforge.http", "msg": "retrying request", "host": "api.semanticscholar.org", "attempt": 4, "delay_s": 12.42, "error": "HTTP 429"}
HTTP Request: GET https://api.semanticscholar.org/graph/v1/paper/search?query=local+context+subgraph+knowledge+graph+question+answering&limit=5&fields=title%2Cabstract%2Cyear%2CpublicationDate%2Cvenue%2Cauthors%2CcitationCount%2CexternalIds%2Curl%2CopenAccessPdf&publicationDateOrYear=%3A2026-09-09 "HTTP/1.1 429 "
{"ts": "2026-09-30T07:31:42.404610+00:00", "level": "warning", "logger": "researchforge.toolkit", "msg": "source failed", "source": "semantic_scholar", "error": "api.semanticscholar.org failed after 5 attempts (HTTP 429)"}
HTTP Request: GET https://export.arxiv.org/api/query?search_query=all%3Aexact+AND+all%3Amatch+AND+all%3Amulti-hop+AND+all%3Aquestion+AND+all%3Aanswering+AND+submittedDate%3A%5B190001010000+TO+202609092359%5D&start=0&max_results=5&sortBy=relevance "HTTP/1.1 200 OK"
HTTP Request: GET https://api.semanticscholar.org/graph/v1/paper/search?query=%22Exact+Match%22+multi-hop+question+answering&limit=5&fields=title%2Cabstract%2Cyear%2CpublicationDate%2Cvenue%2Cauthors%2CcitationCount%2CexternalIds%2Curl%2CopenAccessPdf&publicationDateOrYear=%3A2026-09-09 "HTTP/1.1 429 "
{"ts": "2026-09-30T07:31:54.607798+00:00", "level": "info", "logger": "researchforge.http", "msg": "retrying request", "host": "api.semanticscholar.org", "attempt": 1, "delay_s": 1.93, "error": "HTTP 429"}
HTTP Request: GET https://api.crossref.org/works?query.bibliographic=%22Exact+Match%22+multi-hop+question+answering&rows=5&filter=until-pub-date%3A2026-09-09 "HTTP/1.1 200 OK"
HTTP Request: GET https://api.openalex.org/works?search=%22Exact+Match%22+multi-hop+question+answering&per-page=5&filter=to_publication_date%3A2026-09-09 "HTTP/1.1 200 OK"
HTTP Request: GET https://api.semanticscholar.org/graph/v1/paper/search?query=%22Exact+Match%22+multi-hop+question+answering&limit=5&fields=title%2Cabstract%2Cyear%2CpublicationDate%2Cvenue%2Cauthors%2CcitationCount%2CexternalIds%2Curl%2CopenAccessPdf&publicationDateOrYear=%3A2026-09-09 "HTTP/1.1 429 "
{"ts": "2026-09-30T07:31:56.856593+00:00", "level": "info", "logger": "researchforge.http", "msg": "retrying request", "host": "api.semanticscholar.org", "attempt": 2, "delay_s": 3.86, "error": "HTTP 429"}
HTTP Request: GET https://api.semanticscholar.org/graph/v1/paper/search?query=%22Exact+Match%22+multi-hop+question+answering&limit=5&fields=title%2Cabstract%2Cyear%2CpublicationDate%2Cvenue%2Cauthors%2CcitationCount%2CexternalIds%2Curl%2CopenAccessPdf&publicationDateOrYear=%3A2026-09-09 "HTTP/1.1 429 "
{"ts": "2026-09-30T07:32:01.502555+00:00", "level": "info", "logger": "researchforge.http", "msg": "retrying request", "host": "api.semanticscholar.org", "attempt": 3, "delay_s": 6.68, "error": "HTTP 429"}
HTTP Request: GET https://api.semanticscholar.org/graph/v1/paper/search?query=%22Exact+Match%22+multi-hop+question+answering&limit=5&fields=title%2Cabstract%2Cyear%2CpublicationDate%2Cvenue%2Cauthors%2CcitationCount%2CexternalIds%2Curl%2CopenAccessPdf&publicationDateOrYear=%3A2026-09-09 "HTTP/1.1 429 "
{"ts": "2026-09-30T07:32:09.071328+00:00", "level": "info", "logger": "researchforge.http", "msg": "retrying request", "host": "api.semanticscholar.org", "attempt": 4, "delay_s": 12.65, "error": "HTTP 429"}
HTTP Request: GET https://api.semanticscholar.org/graph/v1/paper/search?query=%22Exact+Match%22+multi-hop+question+answering&limit=5&fields=title%2Cabstract%2Cyear%2CpublicationDate%2Cvenue%2Cauthors%2CcitationCount%2CexternalIds%2Curl%2CopenAccessPdf&publicationDateOrYear=%3A2026-09-09 "HTTP/1.1 429 "
{"ts": "2026-09-30T07:32:22.665288+00:00", "level": "warning", "logger": "researchforge.toolkit", "msg": "source failed", "source": "semantic_scholar", "error": "api.semanticscholar.org failed after 5 attempts (HTTP 429)"}
HTTP Request: GET https://export.arxiv.org/api/query?search_query=all%3Aextracting+AND+all%3Atriples+AND+all%3Apassage+AND+all%3Aquestion+AND+all%3Aanswering+AND+submittedDate%3A%5B190001010000+TO+202609092359%5D&start=0&max_results=5&sortBy=relevance "HTTP/1.1 200 OK"
HTTP Request: GET https://api.semanticscholar.org/graph/v1/paper/search?query=extracting+triples+from+passage+for+question+answering&limit=5&fields=title%2Cabstract%2Cyear%2CpublicationDate%2Cvenue%2Cauthors%2CcitationCount%2CexternalIds%2Curl%2CopenAccessPdf&publicationDateOrYear=%3A2026-09-09 "HTTP/1.1 429 "
{"ts": "2026-09-30T07:32:47.682247+00:00", "level": "info", "logger": "researchforge.http", "msg": "retrying request", "host": "api.semanticscholar.org", "attempt": 1, "delay_s": 1.9, "error": "HTTP 429"}
HTTP Request: GET https://api.crossref.org/works?query.bibliographic=extracting+triples+from+passage+for+question+answering&rows=5&filter=until-pub-date%3A2026-09-09 "HTTP/1.1 200 OK"
HTTP Request: GET https://api.openalex.org/works?search=extracting+triples+from+passage+for+question+answering&per-page=5&filter=to_publication_date%3A2026-09-09 "HTTP/1.1 200 OK"
HTTP Request: GET https://api.semanticscholar.org/graph/v1/paper/search?query=extracting+triples+from+passage+for+question+answering&limit=5&fields=title%2Cabstract%2Cyear%2CpublicationDate%2Cvenue%2Cauthors%2CcitationCount%2CexternalIds%2Curl%2CopenAccessPdf&publicationDateOrYear=%3A2026-09-09 "HTTP/1.1 429 "
{"ts": "2026-09-30T07:32:50.371967+00:00", "level": "info", "logger": "researchforge.http", "msg": "retrying request", "host": "api.semanticscholar.org", "attempt": 2, "delay_s": 3.13, "error": "HTTP 429"}
HTTP Request: GET https://api.semanticscholar.org/graph/v1/paper/search?query=extracting+triples+from+passage+for+question+answering&limit=5&fields=title%2Cabstract%2Cyear%2CpublicationDate%2Cvenue%2Cauthors%2CcitationCount%2CexternalIds%2Curl%2CopenAccessPdf&publicationDateOrYear=%3A2026-09-09 "HTTP/1.1 429 "
{"ts": "2026-09-30T07:32:54.306366+00:00", "level": "info", "logger": "researchforge.http", "msg": "retrying request", "host": "api.semanticscholar.org", "attempt": 3, "delay_s": 6.18, "error": "HTTP 429"}
HTTP Request: GET https://api.semanticscholar.org/graph/v1/paper/search?query=extracting+triples+from+passage+for+question+answering&limit=5&fields=title%2Cabstract%2Cyear%2CpublicationDate%2Cvenue%2Cauthors%2CcitationCount%2CexternalIds%2Curl%2CopenAccessPdf&publicationDateOrYear=%3A2026-09-09 "HTTP/1.1 429 "
{"ts": "2026-09-30T07:33:01.393154+00:00", "level": "info", "logger": "researchforge.http", "msg": "retrying request", "host": "api.semanticscholar.org", "attempt": 4, "delay_s": 12.68, "error": "HTTP 429"}
HTTP Request: GET https://api.semanticscholar.org/graph/v1/paper/search?query=extracting+triples+from+passage+for+question+answering&limit=5&fields=title%2Cabstract%2Cyear%2CpublicationDate%2Cvenue%2Cauthors%2CcitationCount%2CexternalIds%2Curl%2CopenAccessPdf&publicationDateOrYear=%3A2026-09-09 "HTTP/1.1 429 "
{"ts": "2026-09-30T07:33:15.054464+00:00", "level": "warning", "logger": "researchforge.toolkit", "msg": "source failed", "source": "semantic_scholar", "error": "api.semanticscholar.org failed after 5 attempts (HTTP 429)"}
HTTP Request: GET https://export.arxiv.org/api/query?search_query=all%3Aone-hop+AND+all%3Amulti-hop+AND+all%3Aquestion+AND+all%3Aanswering+AND+submittedDate%3A%5B190001010000+TO+202609092359%5D&start=0&max_results=5&sortBy=relevance "HTTP/1.1 200 OK"
HTTP Request: GET https://api.semanticscholar.org/graph/v1/paper/search?query=%22one-hop%22+multi-hop+question+answering&limit=5&fields=title%2Cabstract%2Cyear%2CpublicationDate%2Cvenue%2Cauthors%2CcitationCount%2CexternalIds%2Curl%2CopenAccessPdf&publicationDateOrYear=%3A2026-09-09 "HTTP/1.1 429 "
{"ts": "2026-09-30T07:33:22.161203+00:00", "level": "info", "logger": "researchforge.http", "msg": "retrying request", "host": "api.semanticscholar.org", "attempt": 1, "delay_s": 2.31, "error": "HTTP 429"}
HTTP Request: GET https://api.crossref.org/works?query.bibliographic=%22one-hop%22+multi-hop+question+answering&rows=5&filter=until-pub-date%3A2026-09-09 "HTTP/1.1 200 OK"
HTTP Request: GET https://api.openalex.org/works?search=%22one-hop%22+multi-hop+question+answering&per-page=5&filter=to_publication_date%3A2026-09-09 "HTTP/1.1 200 OK"
HTTP Request: GET https://api.semanticscholar.org/graph/v1/paper/search?query=%22one-hop%22+multi-hop+question+answering&limit=5&fields=title%2Cabstract%2Cyear%2CpublicationDate%2Cvenue%2Cauthors%2CcitationCount%2CexternalIds%2Curl%2CopenAccessPdf&publicationDateOrYear=%3A2026-09-09 "HTTP/1.1 200 OK"
