HTTP Request: GET https://export.arxiv.org/api/query?search_query=all%3Alocal+AND+all%3Acontext+AND+all%3Asubgraph+AND+all%3Atraining+AND+all%3Atriples+AND+all%3Amulti-hop+AND+all%3Aquestion+AND+all%3Aanswering+AND+submittedDate%3A%5B190001010000+TO+202609092359%5D&start=0&max_results=10&sortBy=relevance "HTTP/1.1 200 OK"
HTTP Request: GET https://api.semanticscholar.org/graph/v1/paper/search?query=local+context+subgraph+training+triples+multi-hop+question+answering&limit=10&fields=title%2Cabstract%2Cyear%2CpublicationDate%2Cvenue%2Cauthors%2CcitationCount%2CexternalIds%2Curl%2CopenAccessPdf&publicationDateOrYear=%3A2026-09-09 "HTTP/1.1 429 "
{"ts": "2026-09-30T07:49:57.066280+00:00", "level": "info", "logger": "researchforge.http", "msg": "retrying request", "host": "api.semanticscholar.org", "attempt": 1, "delay_s": 2.08, "error": "HTTP 429"}
HTTP Request: GET https://api.crossref.org/works?query.bibliographic=local+context+subgraph+training+triples+multi-hop+question+answering&rows=10&filter=until-pub-date%3A2026-09-09 "HTTP/1.1 200 OK"
HTTP Request: GET https://api.openalex.org/works?search=local+context+subgraph+training+triples+multi-hop+question+answering&per-page=10&filter=to_publication_date%3A2026-09-09 "HTTP/1.1 200 OK"
HTTP Request: GET https://api.semanticscholar.org/graph/v1/paper/search?query=local+context+subgraph+training+triples+multi-hop+question+answering&limit=10&fields=title%2Cabstract%2Cyear%2CpublicationDate%2Cvenue%2Cauthors%2CcitationCount%2CexternalIds%2Curl%2CopenAccessPdf&publicationDateOrYear=%3A2026-09-09 "HTTP/1.1 429 "
{"ts": "2026-09-30T07:49:59.931321+00:00", "level": "info", "logger": "researchforge.http", "msg": "retrying request", "host": "api.semanticscholar.org", "attempt": 2, "delay_s": 3.44, "error": "HTTP 429"}
HTTP Request: GET https://api.semanticscholar.org/graph/v1/paper/search?query=local+context+subgraph+training+triples+multi-hop+question+answering&limit=10&fields=title%2Cabstract%2Cyear%2CpublicationDate%2Cvenue%2Cauthors%2CcitationCount%2CexternalIds%2Curl%2CopenAccessPdf&publicationDateOrYear=%3A2026-09-09 "HTTP/1.1 429 "
{"ts": "2026-09-30T07:50:04.137567+00:00", "level": "info", "logger": "researchforge.http", "msg": "retrying request", "host": "api.semanticscholar.org", "attempt": 3, "delay_s": 7.0, "error": "HTTP 429"}
HTTP Request: GET https://api.semanticscholar.org/graph/v1/paper/search?query=local+context+subgraph+training+triples+multi-hop+question+answering&limit=10&fields=title%2Cabstract%2Cyear%2CpublicationDate%2Cvenue%2Cauthors%2CcitationCount%2CexternalIds%2Curl%2CopenAccessPdf&publicationDateOrYear=%3A2026-09-09 "HTTP/1.1 429 "
{"ts": "2026-09-30T07:50:12.010319+00:00", "level": "info", "logger": "researchforge.http", "msg": "retrying request", "host": "api.semanticscholar.org", "attempt": 4, "delay_s": 12.11, "error": "HTTP 429"}
HTTP Request: GET https://api.semanticscholar.org/graph/v1/paper/search?query=local+context+subgraph+training+triples+multi-hop+question+answering&limit=10&fields=title%2Cabstract%2Cyear%2CpublicationDate%2Cvenue%2Cauthors%2CcitationCount%2CexternalIds%2Curl%2CopenAccessPdf&publicationDateOrYear=%3A2026-09-09 "HTTP/1.1 200 OK"
Tool 'search_papers' failed: 'Error executing tool search_papers: paper budget reached (90 papers). Analyze and compare the retrieved papers instead of searching.'
HTTP Request: GET https://www.mdpi.com/2504-4990/7/3/74/pdf?version=1754040155 "HTTP/1.1 403 Forbidden"
Tool 'search_paper_text' failed: 'Error executing tool search_paper_text: full text unavailable for doi:10.3390/make7030074: www.mdpi.com returned HTTP 403: <HTML><HEAD>\n<TITLE>Access Denied</TITLE>\n</HEAD><BODY>\n<H1>Access Denied</H1>\n \nYou don\'t have permission to access "http&#58;&#47;&#47;www&#46;mdpi&#46;com&#47;2504&#45;4990&#47;7&#47;3&#47;74&#47;p. Work from the abstract and mark analyzed_from=\'abstract\'.'
HTTP Request: GET https://www.mdpi.com/2504-4990/7/3/74/pdf?version=1754040155 "HTTP/1.1 403 Forbidden"
Tool 'search_paper_text' failed: 'Error executing tool search_paper_text: full text unavailable for doi:10.3390/make7030074: www.mdpi.com returned HTTP 403: <HTML><HEAD>\n<TITLE>Access Denied</TITLE>\n</HEAD><BODY>\n<H1>Access Denied</H1>\n \nYou don\'t have permission to access "http&#58;&#47;&#47;www&#46;mdpi&#46;com&#47;2504&#45;4990&#47;7&#47;3&#47;74&#47;p. Work from the abstract and mark analyzed_from=\'abstract\'.'
HTTP Request: GET https://www.mdpi.com/2504-4990/7/3/74/pdf?version=1754040155 "HTTP/1.1 403 Forbidden"
Tool 'search_paper_text' failed: 'Error executing tool search_paper_text: full text unavailable for doi:10.3390/make7030074: www.mdpi.com returned HTTP 403: <HTML><HEAD>\n<TITLE>Access Denied</TITLE>\n</HEAD><BODY>\n<H1>Access Denied</H1>\n \nYou don\'t have permission to access "http&#58;&#47;&#47;www&#46;mdpi&#46;com&#47;2504&#45;4990&#47;7&#47;3&#47;74&#47;p. Work from the abstract and mark analyzed_from=\'abstract\'.'
Tool 'update_uncertainty' rejected arguments: ['next_action']
